2026-02-27T18:49:42.353Z | GET /api/admin 304 | 2378.688 ms | User: rentease@admin.com | Type: admin | ID: 6928977fa78aefeeba061254 | IP: ::1
2026-02-27T18:49:44.542Z | GET /api/admin 304 | 2181.690 ms | User: rentease@admin.com | Type: admin | ID: 6928977fa78aefeeba061254 | IP: ::1
2026-02-27T18:50:24.874Z | GET /api/admin 304 | 2340.386 ms | User: rentease@admin.com | Type: admin | ID: 6928977fa78aefeeba061254 | IP: ::1
2026-02-27T18:50:27.153Z | GET /api/admin 304 | 2271.646 ms | User: rentease@admin.com | Type: admin | ID: 6928977fa78aefeeba061254 | IP: ::1
2026-02-27T18:51:12.146Z | GET /api/admin/users?page=1&limit=25 304 | 106.607 ms | User: guest | Type: none | ID: - | IP: ::1
2026-02-27T18:51:12.260Z | GET /api/admin/users?page=1&limit=25 304 | 107.393 ms | User: guest | Type: none | ID: - | IP: ::1
2026-02-27T18:52:18.146Z | GET /api/admin/property-management?search=&ownerName=&type=&isRented=&minPrice=&maxPrice=&status=&verified=&fromDate=&toDate=&page=1&limit=25 304 | 313.258 ms | User: guest | Type: none | ID: - | IP: ::1
2026-02-27T18:52:18.292Z | GET /api/admin/property-management?search=&ownerName=&type=&isRented=&minPrice=&maxPrice=&status=&verified=&fromDate=&toDate=&page=1&limit=25 304 | 139.183 ms | User: guest | Type: none | ID: - | IP: ::1
2026-02-27T18:54:10.253Z | GET /api/admin 304 | 2357.434 ms | User: rentease@admin.com | Type: admin | ID: 6928977fa78aefeeba061254 | IP: ::1
2026-02-27T18:54:12.550Z | GET /api/admin 304 | 2288.837 ms | User: rentease@admin.com | Type: admin | ID: 6928977fa78aefeeba061254 | IP: ::1
2026-02-27T18:54:18.267Z | GET /api/logout 304 | 0.519 ms | User: guest | Type: none | ID: - | IP: ::1
2026-02-27T18:54:18.304Z | GET /api/me 401 | 0.599 ms | User: guest | Type: none | ID: - | IP: ::1
2026-02-27T18:54:18.315Z | GET /api/me 401 | 0.140 ms | User: guest | Type: none | ID: - | IP: ::1
2026-02-27T18:54:18.426Z | GET /api/properties 304 | 117.852 ms | User: guest | Type: none | ID: - | IP: ::1
2026-02-27T18:54:18.474Z | GET /api/properties 304 | 41.692 ms | User: guest | Type: none | ID: - | IP: ::1
2026-02-27T18:54:18.533Z | GET /api/slider-properties 304 | 222.433 ms | User: guest | Type: none | ID: - | IP: ::1
2026-02-27T18:54:18.615Z | GET /api/slider-properties 304 | 73.254 ms | User: guest | Type: none | ID: - | IP: ::1
2026-02-27T18:54:21.246Z | GET /api/check-session 302 | 0.187 ms | User: guest | Type: none | ID: - | IP: ::1
2026-02-27T18:54:21.253Z | GET /api/check-session 302 | 0.158 ms | User: guest | Type: none | ID: - | IP: ::1
2026-02-27T18:54:21.256Z | GET /api/me 401 | 0.165 ms | User: guest | Type: none | ID: - | IP: ::1
2026-02-27T18:54:21.264Z | GET /api/me 401 | 0.333 ms | User: guest | Type: none | ID: - | IP: ::1
2026-02-27T18:54:21.475Z | GET /api/search 304 | 227.001 ms | User: guest | Type: none | ID: - | IP: ::1
2026-02-27T18:54:21.572Z | GET /api/search 304 | 90.646 ms | User: guest | Type: none | ID: - | IP: ::1
2026-02-27T18:54:23.952Z | GET /api/workers/filters 304 | 97.702 ms | User: guest | Type: none | ID: - | IP: ::1
2026-02-27T18:54:23.975Z | GET /api/workers 304 | 118.417 ms | User: guest | Type: none | ID: - | IP: ::1
2026-02-27T18:54:23.996Z | GET /api/check-session 302 | 0.215 ms | User: guest | Type: none | ID: - | IP: ::1
2026-02-27T18:54:24.001Z | GET /api/check-session 302 | 0.107 ms | User: guest | Type: none | ID: - | IP: ::1
2026-02-27T18:54:24.005Z | GET /api/me 401 | 0.208 ms | User: guest | Type: none | ID: - | IP: ::1
2026-02-27T18:54:24.009Z | GET /api/check-session 302 | 0.140 ms | User: guest | Type: none | ID: - | IP: ::1
2026-02-27T18:54:24.014Z | GET /api/me 401 | 0.207 ms | User: guest | Type: none | ID: - | IP: ::1
2026-02-27T18:54:24.017Z | GET /api/check-session 302 | 0.140 ms | User: guest | Type: none | ID: - | IP: ::1
2026-02-27T18:54:24.022Z | GET /api/workers 304 | 41.188 ms | User: guest | Type: none | ID: - | IP: ::1
2026-02-27T18:54:24.025Z | GET /api/me 401 | 0.241 ms | User: guest | Type: none | ID: - | IP: ::1
2026-02-27T18:54:24.035Z | GET /api/me 401 | 0.364 ms | User: guest | Type: none | ID: - | IP: ::1
2026-02-27T18:54:24.062Z | GET /api/workers/filters 304 | 104.219 ms | User: guest | Type: none | ID: - | IP: ::1
2026-02-27T18:54:25.576Z | GET /api/properties 304 | 100.768 ms | User: guest | Type: none | ID: - | IP: ::1
2026-02-27T18:54:25.619Z | GET /api/properties 304 | 36.252 ms | User: guest | Type: none | ID: - | IP: ::1
2026-02-27T18:54:25.699Z | GET /api/slider-properties 304 | 216.486 ms | User: guest | Type: none | ID: - | IP: ::1
2026-02-27T18:54:25.823Z | GET /api/slider-properties 304 | 116.242 ms | User: guest | Type: none | ID: - | IP: ::1
2026-02-28T04:37:17.075Z | GET /api/me 401 | 2.348 ms | User: guest | Type: none | ID: - | IP: ::1
2026-02-28T04:37:17.098Z | GET /api/me 401 | 0.406 ms | User: guest | Type: none | ID: - | IP: ::1
2026-02-28T04:37:17.189Z | GET /api/properties 304 | 110.500 ms | User: guest | Type: none | ID: - | IP: ::1
2026-02-28T04:37:17.228Z | GET /api/properties 304 | 35.251 ms | User: guest | Type: none | ID: - | IP: ::1
2026-02-28T04:37:17.269Z | GET /api/slider-properties 304 | 177.480 ms | User: guest | Type: none | ID: - | IP: ::1
2026-02-28T04:37:17.373Z | GET /api/slider-properties 304 | 98.008 ms | User: guest | Type: none | ID: - | IP: ::1
2026-02-28T04:55:23.544Z | POST /login 200 | 60.974 ms | User: guest | Type: none | ID: - | IP: ::1
2026-02-28T04:55:23.603Z | GET /api/me 304 | 37.681 ms | User: rentease@admin.com | Type: admin | ID: 6928977fa78aefeeba061254 | IP: ::1
2026-02-28T04:55:24.041Z | GET /api/check-session 302 | 3.945 ms | User: guest | Type: none | ID: - | IP: ::1
2026-02-28T04:55:24.044Z | GET /api/check-session 302 | 0.355 ms | User: guest | Type: none | ID: - | IP: ::1
2026-02-28T04:55:24.106Z | GET /api/me 304 | 31.915 ms | User: rentease@admin.com | Type: admin | ID: 6928977fa78aefeeba061254 | IP: ::1
2026-02-28T04:55:24.141Z | GET /api/me 304 | 32.457 ms | User: rentease@admin.com | Type: admin | ID: 6928977fa78aefeeba061254 | IP: ::1
2026-02-28T04:55:26.815Z | GET /api/admin?filter=monthly 304 | 2694.090 ms | User: rentease@admin.com | Type: admin | ID: 6928977fa78aefeeba061254 | IP: ::1
2026-02-28T04:55:29.108Z | GET /api/admin?filter=monthly 304 | 2285.962 ms | User: rentease@admin.com | Type: admin | ID: 6928977fa78aefeeba061254 | IP: ::1
2026-02-28T04:55:35.552Z | GET /api/admin/property-management?search=&ownerName=&type=&isRented=&minPrice=&maxPrice=&status=&verified=&fromDate=&toDate=&page=1&limit=25 304 | 287.355 ms | User: guest | Type: none | ID: - | IP: ::1
2026-02-28T04:55:35.707Z | GET /api/admin/property-management?search=&ownerName=&type=&isRented=&minPrice=&maxPrice=&status=&verified=&fromDate=&toDate=&page=1&limit=25 304 | 146.168 ms | User: guest | Type: none | ID: - | IP: ::1
2026-02-28T04:55:43.734Z | GET /api/admin/users?page=1&limit=25 304 | 96.726 ms | User: guest | Type: none | ID: - | IP: ::1
2026-02-28T04:55:43.850Z | GET /api/admin/users?page=1&limit=25 304 | 107.164 ms | User: guest | Type: none | ID: - | IP: ::1
2026-02-28T05:04:00.443Z | GET /api/check-session 302 | 0.274 ms | User: guest | Type: none | ID: - | IP: ::1
2026-02-28T05:04:00.446Z | GET /api/check-session 302 | 0.366 ms | User: guest | Type: none | ID: - | IP: ::1
2026-02-28T05:04:00.517Z | GET /api/me 304 | 36.639 ms | User: rentease@admin.com | Type: admin | ID: 6928977fa78aefeeba061254 | IP: ::1
2026-02-28T05:04:00.553Z | GET /api/me 304 | 34.897 ms | User: rentease@admin.com | Type: admin | ID: 6928977fa78aefeeba061254 | IP: ::1
2026-02-28T05:04:00.618Z | GET /api/admin/users?page=1&limit=25 304 | 86.583 ms | User: guest | Type: none | ID: - | IP: ::1
2026-02-28T05:04:00.713Z | GET /api/admin/users?page=1&limit=25 304 | 87.891 ms | User: guest | Type: none | ID: - | IP: ::1
2026-02-28T05:04:49.394Z | GET /api/admin/property-management?search=&ownerName=&type=&isRented=&minPrice=&maxPrice=&status=&verified=&fromDate=&toDate=&page=1&limit=25 304 | 277.107 ms | User: guest | Type: none | ID: - | IP: ::1
2026-02-28T05:04:49.579Z | GET /api/admin/property-management?search=&ownerName=&type=&isRented=&minPrice=&maxPrice=&status=&verified=&fromDate=&toDate=&page=1&limit=25 304 | 174.838 ms | User: guest | Type: none | ID: - | IP: ::1
2026-02-28T05:04:50.777Z | GET /api/admin/users?page=1&limit=25 304 | 90.442 ms | User: guest | Type: none | ID: - | IP: ::1
2026-02-28T05:04:50.877Z | GET /api/admin/users?page=1&limit=25 304 | 91.194 ms | User: guest | Type: none | ID: - | IP: ::1
2026-02-28T05:05:28.934Z | GET /api/admin?filter=monthly 304 | 2081.579 ms | User: rentease@admin.com | Type: admin | ID: 6928977fa78aefeeba061254 | IP: ::1
2026-02-28T05:05:31.092Z | GET /api/admin?filter=monthly 304 | 2149.418 ms | User: rentease@admin.com | Type: admin | ID: 6928977fa78aefeeba061254 | IP: ::1
2026-02-28T05:05:37.434Z | GET /api/admin/users?page=1&limit=25 304 | 89.083 ms | User: guest | Type: none | ID: - | IP: ::1
2026-02-28T05:05:37.546Z | GET /api/admin/users?page=1&limit=25 304 | 102.024 ms | User: guest | Type: none | ID: - | IP: ::1
2026-02-28T05:05:39.221Z | GET /api/admin/property-management?search=&ownerName=&type=&isRented=&minPrice=&maxPrice=&status=&verified=&fromDate=&toDate=&page=1&limit=25 304 | 314.052 ms | User: guest | Type: none | ID: - | IP: ::1
2026-02-28T05:05:39.404Z | GET /api/admin/property-management?search=&ownerName=&type=&isRented=&minPrice=&maxPrice=&status=&verified=&fromDate=&toDate=&page=1&limit=25 304 | 173.281 ms | User: guest | Type: none | ID: - | IP: ::1
2026-02-28T05:05:40.868Z | GET /api/admin/worker-bookings?page=1&limit=25 304 | 547.733 ms | User: guest | Type: none | ID: - | IP: ::1
2026-02-28T05:05:41.067Z | GET /api/admin/worker-bookings?page=1&limit=25 304 | 191.475 ms | User: guest | Type: none | ID: - | IP: ::1
2026-02-28T05:05:41.983Z | GET /api/admin/property-management?search=&ownerName=&type=&isRented=&minPrice=&maxPrice=&status=&verified=&fromDate=&toDate=&page=1&limit=25 304 | 267.065 ms | User: guest | Type: none | ID: - | IP: ::1
2026-02-28T05:05:42.132Z | GET /api/admin/property-management?search=&ownerName=&type=&isRented=&minPrice=&maxPrice=&status=&verified=&fromDate=&toDate=&page=1&limit=25 304 | 141.784 ms | User: guest | Type: none | ID: - | IP: ::1
2026-02-28T05:06:07.786Z | GET /api/check-session 302 | 0.494 ms | User: guest | Type: none | ID: - | IP: ::1
2026-02-28T05:06:07.788Z | GET /api/check-session 302 | 0.149 ms | User: guest | Type: none | ID: - | IP: ::1
2026-02-28T05:06:07.858Z | GET /api/me 304 | 38.363 ms | User: rentease@admin.com | Type: admin | ID: 6928977fa78aefeeba061254 | IP: ::1
2026-02-28T05:06:07.895Z | GET /api/me 304 | 35.474 ms | User: rentease@admin.com | Type: admin | ID: 6928977fa78aefeeba061254 | IP: ::1
2026-02-28T05:06:08.187Z | GET /api/admin/property-management?search=&ownerName=&type=&isRented=&minPrice=&maxPrice=&status=&verified=&fromDate=&toDate=&page=1&limit=25 304 | 316.339 ms | User: guest | Type: none | ID: - | IP: ::1
2026-02-28T05:06:08.410Z | GET /api/admin/property-management?search=&ownerName=&type=&isRented=&minPrice=&maxPrice=&status=&verified=&fromDate=&toDate=&page=1&limit=25 304 | 213.117 ms | User: guest | Type: none | ID: - | IP: ::1
2026-02-28T05:07:26.591Z | GET /api/check-session 302 | 0.165 ms | User: guest | Type: none | ID: - | IP: ::1
2026-02-28T05:07:26.593Z | GET /api/check-session 302 | 0.253 ms | User: guest | Type: none | ID: - | IP: ::1
2026-02-28T05:07:26.640Z | GET /api/me 304 | 35.587 ms | User: rentease@admin.com | Type: admin | ID: 6928977fa78aefeeba061254 | IP: ::1
2026-02-28T05:07:26.678Z | GET /api/me 304 | 36.060 ms | User: rentease@admin.com | Type: admin | ID: 6928977fa78aefeeba061254 | IP: ::1
2026-02-28T05:07:26.950Z | GET /api/admin/property-management?search=&ownerName=&type=&isRented=&minPrice=&maxPrice=&status=&verified=&fromDate=&toDate=&page=1&limit=25 304 | 297.077 ms | User: guest | Type: none | ID: - | IP: ::1
2026-02-28T05:07:27.091Z | GET /api/admin/property-management?search=&ownerName=&type=&isRented=&minPrice=&maxPrice=&status=&verified=&fromDate=&toDate=&page=1&limit=25 304 | 133.689 ms | User: guest | Type: none | ID: - | IP: ::1
2026-02-28T05:08:01.319Z | GET /api/check-session 302 | 0.191 ms | User: guest | Type: none | ID: - | IP: ::1
2026-02-28T05:08:01.321Z | GET /api/check-session 302 | 0.316 ms | User: guest | Type: none | ID: - | IP: ::1
2026-02-28T05:08:01.368Z | GET /api/me 304 | 37.949 ms | User: rentease@admin.com | Type: admin | ID: 6928977fa78aefeeba061254 | IP: ::1
2026-02-28T05:08:01.409Z | GET /api/me 304 | 38.510 ms | User: rentease@admin.com | Type: admin | ID: 6928977fa78aefeeba061254 | IP: ::1
2026-02-28T05:08:01.686Z | GET /api/admin/property-management?search=&ownerName=&type=&isRented=&minPrice=&maxPrice=&status=&verified=&fromDate=&toDate=&page=1&limit=25 304 | 306.981 ms | User: guest | Type: none | ID: - | IP: ::1
2026-02-28T05:08:01.909Z | GET /api/admin/property-management?search=&ownerName=&type=&isRented=&minPrice=&maxPrice=&status=&verified=&fromDate=&toDate=&page=1&limit=25 304 | 216.263 ms | User: guest | Type: none | ID: - | IP: ::1
2026-02-28T05:08:04.046Z | GET /api/check-session 302 | 0.122 ms | User: guest | Type: none | ID: - | IP: ::1
2026-02-28T05:08:04.046Z | GET /api/check-session 302 | 0.084 ms | User: guest | Type: none | ID: - | IP: ::1
2026-02-28T05:08:04.082Z | GET /api/me 200 | 31.369 ms | User: rentease@admin.com | Type: admin | ID: 6928977fa78aefeeba061254 | IP: ::1
2026-02-28T05:08:04.085Z | GET /api/me 200 | 33.718 ms | User: rentease@admin.com | Type: admin | ID: 6928977fa78aefeeba061254 | IP: ::1
2026-02-28T05:08:04.365Z | GET /api/admin/property-management?search=&ownerName=&type=&isRented=&minPrice=&maxPrice=&status=&verified=&fromDate=&toDate=&page=1&limit=25 200 | 268.785 ms | User: guest | Type: none | ID: - | IP: ::1
2026-02-28T05:08:04.395Z | GET /api/admin/property-management?search=&ownerName=&type=&isRented=&minPrice=&maxPrice=&status=&verified=&fromDate=&toDate=&page=1&limit=25 200 | 297.558 ms | User: guest | Type: none | ID: - | IP: ::1
2026-02-28T05:08:19.600Z | GET /api/check-session 302 | 0.095 ms | User: guest | Type: none | ID: - | IP: ::1
2026-02-28T05:08:19.600Z | GET /api/check-session 302 | 0.083 ms | User: guest | Type: none | ID: - | IP: ::1
2026-02-28T05:08:19.639Z | GET /api/me 200 | 35.465 ms | User: rentease@admin.com | Type: admin | ID: 6928977fa78aefeeba061254 | IP: ::1
2026-02-28T05:08:19.640Z | GET /api/me 200 | 35.511 ms | User: rentease@admin.com | Type: admin | ID: 6928977fa78aefeeba061254 | IP: ::1
2026-02-28T05:08:19.922Z | GET /api/admin/property-management?search=&ownerName=&type=&isRented=&minPrice=&maxPrice=&status=&verified=&fromDate=&toDate=&page=1&limit=25 200 | 267.244 ms | User: guest | Type: none | ID: - | IP: ::1
2026-02-28T05:08:19.967Z | GET /api/admin/property-management?search=&ownerName=&type=&isRented=&minPrice=&maxPrice=&status=&verified=&fromDate=&toDate=&page=1&limit=25 200 | 311.144 ms | User: guest | Type: none | ID: - | IP: ::1
2026-02-28T05:08:27.981Z | GET /api/check-session 302 | 0.192 ms | User: guest | Type: none | ID: - | IP: ::1
2026-02-28T05:08:27.984Z | GET /api/check-session 302 | 0.430 ms | User: guest | Type: none | ID: - | IP: ::1
2026-02-28T05:08:28.026Z | GET /api/me 200 | 34.407 ms | User: rentease@admin.com | Type: admin | ID: 6928977fa78aefeeba061254 | IP: ::1
2026-02-28T05:08:28.030Z | GET /api/me 200 | 37.330 ms | User: rentease@admin.com | Type: admin | ID: 6928977fa78aefeeba061254 | IP: ::1
2026-02-28T05:08:28.314Z | GET /api/admin/property-management?search=&ownerName=&type=&isRented=&minPrice=&maxPrice=&status=&verified=&fromDate=&toDate=&page=1&limit=25 200 | 277.415 ms | User: guest | Type: none | ID: - | IP: ::1
2026-02-28T05:08:28.349Z | GET /api/admin/property-management?search=&ownerName=&type=&isRented=&minPrice=&maxPrice=&status=&verified=&fromDate=&toDate=&page=1&limit=25 200 | 310.360 ms | User: guest | Type: none | ID: - | IP: ::1
2026-02-28T05:12:42.586Z | GET /api/admin/property-management?search=&ownerName=&type=&isRented=&minPrice=&maxPrice=&status=&verified=&fromDate=&toDate=&page=1&limit=25 304 | 327.525 ms | User: guest | Type: none | ID: - | IP: ::1
2026-02-28T05:13:03.794Z | GET /api/admin/property-management?search=&ownerName=&type=&isRented=&minPrice=&maxPrice=&status=&verified=&fromDate=&toDate=&page=1&limit=25 304 | 323.605 ms | User: guest | Type: none | ID: - | IP: ::1
2026-02-28T05:13:07.090Z | GET /api/admin/property-management?search=&ownerName=&type=&isRented=&minPrice=&maxPrice=&status=&verified=&fromDate=&toDate=&page=1&limit=25 304 | 332.935 ms | User: guest | Type: none | ID: - | IP: ::1
2026-02-28T05:13:12.660Z | GET /api/admin/property-management?search=&ownerName=&type=&isRented=&minPrice=&maxPrice=&status=&verified=&fromDate=&toDate=&page=1&limit=25 304 | 303.927 ms | User: guest | Type: none | ID: - | IP: ::1
2026-02-28T05:13:13.746Z | GET /api/admin/property-management?search=&ownerName=&type=&isRented=&minPrice=&maxPrice=&status=&verified=&fromDate=&toDate=&page=1&limit=25 304 | 294.343 ms | User: guest | Type: none | ID: - | IP: ::1
2026-02-28T05:13:17.078Z | GET /api/admin/property-management?search=&ownerName=&type=&isRented=&minPrice=&maxPrice=&status=&verified=&fromDate=&toDate=&page=1&limit=25 304 | 331.505 ms | User: guest | Type: none | ID: - | IP: ::1
2026-02-28T05:27:54.825Z | GET /api/me 304 | 44.112 ms | User: rentease@admin.com | Type: admin | ID: 6928977fa78aefeeba061254 | IP: ::1
2026-02-28T05:27:54.863Z | GET /api/me 304 | 31.536 ms | User: rentease@admin.com | Type: admin | ID: 6928977fa78aefeeba061254 | IP: ::1
2026-02-28T05:27:54.896Z | GET /api/properties 304 | 111.639 ms | User: guest | Type: none | ID: - | IP: ::1
2026-02-28T05:27:54.945Z | GET /api/properties 304 | 44.132 ms | User: guest | Type: none | ID: - | IP: ::1
2026-02-28T05:27:55.016Z | GET /api/slider-properties 304 | 231.089 ms | User: guest | Type: none | ID: - | IP: ::1
2026-02-28T05:27:55.069Z | GET /api/slider-properties 304 | 47.267 ms | User: guest | Type: none | ID: - | IP: ::1
2026-02-28T05:28:01.269Z | GET /api/check-session 302 | 0.180 ms | User: guest | Type: none | ID: - | IP: ::1
2026-02-28T05:28:01.272Z | GET /api/check-session 302 | 0.140 ms | User: guest | Type: none | ID: - | IP: ::1
2026-02-28T05:28:01.301Z | GET /api/me 304 | 25.857 ms | User: rentease@admin.com | Type: admin | ID: 6928977fa78aefeeba061254 | IP: ::1
2026-02-28T05:28:01.338Z | GET /api/me 304 | 36.124 ms | User: rentease@admin.com | Type: admin | ID: 6928977fa78aefeeba061254 | IP: ::1
2026-02-28T05:28:01.605Z | GET /api/admin/property-management?search=&ownerName=&type=&isRented=&minPrice=&maxPrice=&status=&verified=&fromDate=&toDate=&page=1&limit=25 304 | 268.293 ms | User: guest | Type: none | ID: - | IP: ::1
2026-02-28T05:28:01.750Z | GET /api/admin/property-management?search=&ownerName=&type=&isRented=&minPrice=&maxPrice=&status=&verified=&fromDate=&toDate=&page=1&limit=25 304 | 134.771 ms | User: guest | Type: none | ID: - | IP: ::1
2026-02-28T05:28:09.782Z | GET /api/check-session 302 | 0.088 ms | User: guest | Type: none | ID: - | IP: ::1
2026-02-28T05:28:09.783Z | GET /api/check-session 302 | 0.153 ms | User: guest | Type: none | ID: - | IP: ::1
2026-02-28T05:28:09.872Z | GET /api/me 304 | 37.901 ms | User: rentease@admin.com | Type: admin | ID: 6928977fa78aefeeba061254 | IP: ::1
2026-02-28T05:28:09.912Z | GET /api/me 304 | 37.305 ms | User: rentease@admin.com | Type: admin | ID: 6928977fa78aefeeba061254 | IP: ::1
2026-02-28T05:28:10.102Z | GET /api/admin/property-management?search=&ownerName=&type=&isRented=&minPrice=&maxPrice=&status=&verified=&fromDate=&toDate=&page=1&limit=25 304 | 215.505 ms | User: guest | Type: none | ID: - | IP: ::1
2026-02-28T05:28:10.232Z | GET /api/admin/property-management?search=&ownerName=&type=&isRented=&minPrice=&maxPrice=&status=&verified=&fromDate=&toDate=&page=1&limit=25 304 | 125.042 ms | User: guest | Type: none | ID: - | IP: ::1
2026-02-28T05:28:48.766Z | GET /api/admin/users?page=1&limit=25 304 | 149.625 ms | User: guest | Type: none | ID: - | IP: ::1
2026-02-28T05:28:48.859Z | GET /api/admin/users?page=1&limit=25 304 | 87.111 ms | User: guest | Type: none | ID: - | IP: ::1
2026-02-28T05:28:50.525Z | GET /api/admin/worker-bookings?page=1&limit=25 304 | 227.504 ms | User: guest | Type: none | ID: - | IP: ::1
2026-02-28T05:28:50.755Z | GET /api/admin/worker-bookings?page=1&limit=25 304 | 223.404 ms | User: guest | Type: none | ID: - | IP: ::1
2026-02-28T05:28:54.579Z | GET /api/admin 304 | 2303.707 ms | User: rentease@admin.com | Type: admin | ID: 6928977fa78aefeeba061254 | IP: ::1
2026-02-28T05:28:56.735Z | GET /api/admin 304 | 2148.311 ms | User: rentease@admin.com | Type: admin | ID: 6928977fa78aefeeba061254 | IP: ::1
2026-02-28T05:28:57.861Z | GET /api/admin/property-management?search=&ownerName=&type=&isRented=&minPrice=&maxPrice=&status=&verified=&fromDate=&toDate=&page=1&limit=25 304 | 223.909 ms | User: guest | Type: none | ID: - | IP: ::1
2026-02-28T05:28:58.012Z | GET /api/admin/property-management?search=&ownerName=&type=&isRented=&minPrice=&maxPrice=&status=&verified=&fromDate=&toDate=&page=1&limit=25 304 | 141.104 ms | User: guest | Type: none | ID: - | IP: ::1
2026-02-28T05:29:02.841Z | GET /api/admin/users?page=1&limit=25 304 | 95.461 ms | User: guest | Type: none | ID: - | IP: ::1
2026-02-28T05:29:02.949Z | GET /api/admin/users?page=1&limit=25 304 | 98.082 ms | User: guest | Type: none | ID: - | IP: ::1
2026-02-28T05:29:04.389Z | GET /api/admin/property-management?search=&ownerName=&type=&isRented=&minPrice=&maxPrice=&status=&verified=&fromDate=&toDate=&page=1&limit=25 304 | 310.398 ms | User: guest | Type: none | ID: - | IP: ::1
2026-02-28T05:29:04.614Z | GET /api/admin/property-management?search=&ownerName=&type=&isRented=&minPrice=&maxPrice=&status=&verified=&fromDate=&toDate=&page=1&limit=25 304 | 215.616 ms | User: guest | Type: none | ID: - | IP: ::1
2026-02-28T05:29:50.560Z | GET /api/admin/users?page=1&limit=25 304 | 88.492 ms | User: guest | Type: none | ID: - | IP: ::1
2026-02-28T05:29:50.665Z | GET /api/admin/users?page=1&limit=25 304 | 100.083 ms | User: guest | Type: none | ID: - | IP: ::1
2026-02-28T05:30:11.111Z | GET /api/admin/property-management?search=&ownerName=&type=&isRented=&minPrice=&maxPrice=&status=&verified=&fromDate=&toDate=&page=1&limit=25 304 | 307.807 ms | User: guest | Type: none | ID: - | IP: ::1
2026-02-28T05:30:11.340Z | GET /api/admin/property-management?search=&ownerName=&type=&isRented=&minPrice=&maxPrice=&status=&verified=&fromDate=&toDate=&page=1&limit=25 304 | 220.044 ms | User: guest | Type: none | ID: - | IP: ::1
2026-02-28T05:40:08.171Z | GET /api/admin/property-management?search=&ownerName=&type=&isRented=&minPrice=&maxPrice=&status=&verified=&fromDate=&toDate=&page=1&limit=25 304 | 434.634 ms | User: guest | Type: none | ID: - | IP: ::1
2026-02-28T05:41:40.158Z | GET /api/admin/property-management?search=&ownerName=&type=&isRented=&minPrice=&maxPrice=&status=&verified=&fromDate=&toDate=&page=1&limit=25 304 | 396.669 ms | User: guest | Type: none | ID: - | IP: ::1
2026-02-28T05:41:46.779Z | GET /api/check-session 302 | 0.205 ms | User: guest | Type: none | ID: - | IP: ::1
2026-02-28T05:41:46.781Z | GET /api/check-session 302 | 0.168 ms | User: guest | Type: none | ID: - | IP: ::1
2026-02-28T05:41:46.860Z | GET /api/me 304 | 45.517 ms | User: rentease@admin.com | Type: admin | ID: 6928977fa78aefeeba061254 | IP: ::1
2026-02-28T05:41:46.907Z | GET /api/me 304 | 44.818 ms | User: rentease@admin.com | Type: admin | ID: 6928977fa78aefeeba061254 | IP: ::1
2026-02-28T05:41:47.186Z | GET /api/admin/property-management?search=&ownerName=&type=&isRented=&minPrice=&maxPrice=&status=&verified=&fromDate=&toDate=&page=1&limit=25 304 | 310.563 ms | User: guest | Type: none | ID: - | IP: ::1
2026-02-28T05:41:47.339Z | GET /api/admin/property-management?search=&ownerName=&type=&isRented=&minPrice=&maxPrice=&status=&verified=&fromDate=&toDate=&page=1&limit=25 304 | 145.866 ms | User: guest | Type: none | ID: - | IP: ::1
2026-02-28T05:42:05.322Z | GET /api/check-session 302 | 0.215 ms | User: guest | Type: none | ID: - | IP: ::1
2026-02-28T05:42:05.324Z | GET /api/check-session 302 | 0.170 ms | User: guest | Type: none | ID: - | IP: ::1
2026-02-28T05:42:05.374Z | GET /api/me 304 | 43.111 ms | User: rentease@admin.com | Type: admin | ID: 6928977fa78aefeeba061254 | IP: ::1
2026-02-28T05:42:05.421Z | GET /api/me 304 | 43.729 ms | User: rentease@admin.com | Type: admin | ID: 6928977fa78aefeeba061254 | IP: ::1
2026-02-28T05:42:05.790Z | GET /api/admin/property-management?search=&ownerName=&type=&isRented=&minPrice=&maxPrice=&status=&verified=&fromDate=&toDate=&page=1&limit=25 304 | 400.087 ms | User: guest | Type: none | ID: - | IP: ::1
2026-02-28T05:42:06.074Z | GET /api/admin/property-management?search=&ownerName=&type=&isRented=&minPrice=&maxPrice=&status=&verified=&fromDate=&toDate=&page=1&limit=25 304 | 275.534 ms | User: guest | Type: none | ID: - | IP: ::1
2026-02-28T05:42:19.577Z | GET /api/admin/users?page=1&limit=25 304 | 107.468 ms | User: guest | Type: none | ID: - | IP: ::1
2026-02-28T05:42:19.711Z | GET /api/admin/users?page=1&limit=25 304 | 126.751 ms | User: guest | Type: none | ID: - | IP: ::1
2026-02-28T05:42:24.871Z | GET /api/admin/property-management?search=&ownerName=&type=&isRented=&minPrice=&maxPrice=&status=&verified=&fromDate=&toDate=&page=1&limit=25 304 | 315.673 ms | User: guest | Type: none | ID: - | IP: ::1
2026-02-28T05:42:25.032Z | GET /api/admin/property-management?search=&ownerName=&type=&isRented=&minPrice=&maxPrice=&status=&verified=&fromDate=&toDate=&page=1&limit=25 304 | 152.753 ms | User: guest | Type: none | ID: - | IP: ::1
2026-02-28T05:42:30.602Z | GET /api/admin 304 | 2642.769 ms | User: rentease@admin.com | Type: admin | ID: 6928977fa78aefeeba061254 | IP: ::1
2026-02-28T05:42:33.235Z | GET /api/admin 304 | 2625.924 ms | User: rentease@admin.com | Type: admin | ID: 6928977fa78aefeeba061254 | IP: ::1
2026-02-28T05:42:33.463Z | GET /api/admin/property-management?search=&ownerName=&type=&isRented=&minPrice=&maxPrice=&status=&verified=&fromDate=&toDate=&page=1&limit=25 304 | 292.945 ms | User: guest | Type: none | ID: - | IP: ::1
2026-02-28T05:42:33.621Z | GET /api/admin/property-management?search=&ownerName=&type=&isRented=&minPrice=&maxPrice=&status=&verified=&fromDate=&toDate=&page=1&limit=25 304 | 150.059 ms | User: guest | Type: none | ID: - | IP: ::1
2026-02-28T05:44:46.710Z | GET /api/admin/property-management?search=&ownerName=&type=&isRented=&minPrice=&maxPrice=&status=&verified=&fromDate=&toDate=&page=1&limit=25 304 | 307.474 ms | User: guest | Type: none | ID: - | IP: ::1
2026-02-28T05:44:53.302Z | GET /api/check-session 302 | 0.124 ms | User: guest | Type: none | ID: - | IP: ::1
2026-02-28T05:44:53.303Z | GET /api/check-session 302 | 0.112 ms | User: guest | Type: none | ID: - | IP: ::1
2026-02-28T05:44:53.353Z | GET /api/me 304 | 39.889 ms | User: rentease@admin.com | Type: admin | ID: 6928977fa78aefeeba061254 | IP: ::1
2026-02-28T05:44:53.397Z | GET /api/me 304 | 42.347 ms | User: rentease@admin.com | Type: admin | ID: 6928977fa78aefeeba061254 | IP: ::1
2026-02-28T05:44:53.761Z | GET /api/admin/property-management?search=&ownerName=&type=&isRented=&minPrice=&maxPrice=&status=&verified=&fromDate=&toDate=&page=1&limit=25 304 | 396.109 ms | User: guest | Type: none | ID: - | IP: ::1
2026-02-28T05:44:54.036Z | GET /api/admin/property-management?search=&ownerName=&type=&isRented=&minPrice=&maxPrice=&status=&verified=&fromDate=&toDate=&page=1&limit=25 304 | 266.579 ms | User: guest | Type: none | ID: - | IP: ::1
2026-02-28T05:45:10.858Z | GET /api/admin/property-management?search=&ownerName=&type=&isRented=&minPrice=&maxPrice=&status=&verified=&fromDate=&toDate=&page=1&limit=25 304 | 392.293 ms | User: guest | Type: none | ID: - | IP: ::1
2026-02-28T05:45:27.196Z | GET /api/admin/property-management?search=&ownerName=&type=&isRented=&minPrice=&maxPrice=&status=&verified=&fromDate=&toDate=&page=1&limit=25 304 | 406.613 ms | User: guest | Type: none | ID: - | IP: ::1
2026-02-28T05:45:38.904Z | GET /api/check-session 302 | 0.157 ms | User: guest | Type: none | ID: - | IP: ::1
2026-02-28T05:45:38.907Z | GET /api/check-session 302 | 0.115 ms | User: guest | Type: none | ID: - | IP: ::1
2026-02-28T05:45:38.974Z | GET /api/me 304 | 53.240 ms | User: rentease@admin.com | Type: admin | ID: 6928977fa78aefeeba061254 | IP: ::1
2026-02-28T05:45:39.032Z | GET /api/me 304 | 56.904 ms | User: rentease@admin.com | Type: admin | ID: 6928977fa78aefeeba061254 | IP: ::1
2026-02-28T05:45:39.376Z | GET /api/admin/property-management?search=&ownerName=&type=&isRented=&minPrice=&maxPrice=&status=&verified=&fromDate=&toDate=&page=1&limit=25 304 | 389.418 ms | User: guest | Type: none | ID: - | IP: ::1
2026-02-28T05:45:39.540Z | GET /api/admin/property-management?search=&ownerName=&type=&isRented=&minPrice=&maxPrice=&status=&verified=&fromDate=&toDate=&page=1&limit=25 304 | 157.146 ms | User: guest | Type: none | ID: - | IP: ::1
2026-02-28T05:45:47.109Z | GET /api/admin/users?page=1&limit=25 304 | 109.656 ms | User: guest | Type: none | ID: - | IP: ::1
2026-02-28T05:45:47.239Z | GET /api/admin/users?page=1&limit=25 304 | 123.192 ms | User: guest | Type: none | ID: - | IP: ::1
2026-02-28T05:45:54.185Z | GET /api/admin/property-management?search=&ownerName=&type=&isRented=&minPrice=&maxPrice=&status=&verified=&fromDate=&toDate=&page=1&limit=25 304 | 308.158 ms | User: guest | Type: none | ID: - | IP: ::1
2026-02-28T05:45:54.343Z | GET /api/admin/property-management?search=&ownerName=&type=&isRented=&minPrice=&maxPrice=&status=&verified=&fromDate=&toDate=&page=1&limit=25 304 | 150.192 ms | User: guest | Type: none | ID: - | IP: ::1
2026-02-28T05:48:39.944Z | GET /api/admin/property-management?search=&ownerName=&type=&isRented=&minPrice=&maxPrice=&status=&verified=&fromDate=&toDate=&page=1&limit=25 304 | 315.130 ms | User: guest | Type: none | ID: - | IP: ::1
2026-02-28T05:48:54.977Z | GET /api/admin/property-management?search=&ownerName=&type=&isRented=&minPrice=&maxPrice=&status=&verified=&fromDate=&toDate=&page=1&limit=25 304 | 299.670 ms | User: guest | Type: none | ID: - | IP: ::1
2026-02-28T05:51:04.405Z | GET /api/check-session 302 | 0.151 ms | User: guest | Type: none | ID: - | IP: ::1
2026-02-28T05:51:04.407Z | GET /api/check-session 302 | 0.078 ms | User: guest | Type: none | ID: - | IP: ::1
2026-02-28T05:51:04.454Z | GET /api/me 304 | 42.522 ms | User: rentease@admin.com | Type: admin | ID: 6928977fa78aefeeba061254 | IP: ::1
2026-02-28T05:51:04.613Z | GET /api/me 304 | 39.186 ms | User: rentease@admin.com | Type: admin | ID: 6928977fa78aefeeba061254 | IP: ::1
2026-02-28T05:51:05.001Z | GET /api/admin/property-management?search=&ownerName=&type=&isRented=&minPrice=&maxPrice=&status=&verified=&fromDate=&toDate=&page=1&limit=25 304 | 397.555 ms | User: guest | Type: none | ID: - | IP: ::1
2026-02-28T05:51:05.277Z | GET /api/admin/property-management?search=&ownerName=&type=&isRented=&minPrice=&maxPrice=&status=&verified=&fromDate=&toDate=&page=1&limit=25 304 | 271.744 ms | User: guest | Type: none | ID: - | IP: ::1
2026-02-28T05:51:07.085Z | GET /api/check-session 302 | 0.107 ms | User: guest | Type: none | ID: - | IP: ::1
2026-02-28T05:51:07.086Z | GET /api/check-session 302 | 0.120 ms | User: guest | Type: none | ID: - | IP: ::1
2026-02-28T05:51:07.227Z | GET /api/me 304 | 45.019 ms | User: rentease@admin.com | Type: admin | ID: 6928977fa78aefeeba061254 | IP: ::1
2026-02-28T05:51:07.279Z | GET /api/me 304 | 49.248 ms | User: rentease@admin.com | Type: admin | ID: 6928977fa78aefeeba061254 | IP: ::1
2026-02-28T05:51:07.572Z | GET /api/admin/property-management?search=&ownerName=&type=&isRented=&minPrice=&maxPrice=&status=&verified=&fromDate=&toDate=&page=1&limit=25 304 | 319.937 ms | User: guest | Type: none | ID: - | IP: ::1
2026-02-28T05:51:07.736Z | GET /api/admin/property-management?search=&ownerName=&type=&isRented=&minPrice=&maxPrice=&status=&verified=&fromDate=&toDate=&page=1&limit=25 304 | 156.557 ms | User: guest | Type: none | ID: - | IP: ::1
2026-02-28T05:52:17.698Z | GET /api/admin/property-management?search=&ownerName=&type=&isRented=&minPrice=&maxPrice=&status=&verified=&fromDate=&toDate=&page=1&limit=25 304 | 330.311 ms | User: guest | Type: none | ID: - | IP: ::1
2026-02-28T05:52:20.084Z | GET /api/check-session 302 | 0.093 ms | User: guest | Type: none | ID: - | IP: ::1
2026-02-28T05:52:20.086Z | GET /api/check-session 302 | 0.183 ms | User: guest | Type: none | ID: - | IP: ::1
2026-02-28T05:52:20.134Z | GET /api/me 304 | 38.177 ms | User: rentease@admin.com | Type: admin | ID: 6928977fa78aefeeba061254 | IP: ::1
2026-02-28T05:52:20.174Z | GET /api/me 304 | 39.032 ms | User: rentease@admin.com | Type: admin | ID: 6928977fa78aefeeba061254 | IP: ::1
2026-02-28T05:52:20.532Z | GET /api/admin/property-management?search=&ownerName=&type=&isRented=&minPrice=&maxPrice=&status=&verified=&fromDate=&toDate=&page=1&limit=25 304 | 387.164 ms | User: guest | Type: none | ID: - | IP: ::1
2026-02-28T05:52:20.813Z | GET /api/admin/property-management?search=&ownerName=&type=&isRented=&minPrice=&maxPrice=&status=&verified=&fromDate=&toDate=&page=1&limit=25 304 | 273.940 ms | User: guest | Type: none | ID: - | IP: ::1
2026-02-28T05:53:21.482Z | GET /api/check-session 302 | 0.161 ms | User: guest | Type: none | ID: - | IP: ::1
2026-02-28T05:53:21.485Z | GET /api/check-session 302 | 0.151 ms | User: guest | Type: none | ID: - | IP: ::1
2026-02-28T05:53:21.628Z | GET /api/me 304 | 120.953 ms | User: rentease@admin.com | Type: admin | ID: 6928977fa78aefeeba061254 | IP: ::1
2026-02-28T05:53:21.721Z | GET /api/me 304 | 89.933 ms | User: rentease@admin.com | Type: admin | ID: 6928977fa78aefeeba061254 | IP: ::1
2026-02-28T05:53:22.020Z | GET /api/admin/property-management?search=&ownerName=&type=&isRented=&minPrice=&maxPrice=&status=&verified=&fromDate=&toDate=&page=1&limit=25 304 | 362.895 ms | User: guest | Type: none | ID: - | IP: ::1
2026-02-28T05:53:22.231Z | GET /api/admin/property-management?search=&ownerName=&type=&isRented=&minPrice=&maxPrice=&status=&verified=&fromDate=&toDate=&page=1&limit=25 304 | 206.588 ms | User: guest | Type: none | ID: - | IP: ::1
2026-02-28T05:54:00.919Z | GET /api/admin/users?page=1&limit=25 304 | 108.838 ms | User: guest | Type: none | ID: - | IP: ::1
2026-02-28T05:54:01.044Z | GET /api/admin/users?page=1&limit=25 304 | 119.568 ms | User: guest | Type: none | ID: - | IP: ::1
2026-02-28T05:54:02.807Z | GET /api/admin/property-management?search=&ownerName=&type=&isRented=&minPrice=&maxPrice=&status=&verified=&fromDate=&toDate=&page=1&limit=25 304 | 320.637 ms | User: guest | Type: none | ID: - | IP: ::1
2026-02-28T05:54:02.951Z | GET /api/admin/property-management?search=&ownerName=&type=&isRented=&minPrice=&maxPrice=&status=&verified=&fromDate=&toDate=&page=1&limit=25 304 | 136.620 ms | User: guest | Type: none | ID: - | IP: ::1
2026-02-28T05:56:27.914Z | GET /api/check-session 302 | 0.516 ms | User: guest | Type: none | ID: - | IP: ::1
2026-02-28T05:56:27.919Z | GET /api/check-session 302 | 0.341 ms | User: guest | Type: none | ID: - | IP: ::1
2026-02-28T05:56:27.924Z | GET /api/me 401 | 0.837 ms | User: guest | Type: none | ID: - | IP: ::1
2026-02-28T05:56:27.927Z | GET /api/me 401 | 0.224 ms | User: guest | Type: none | ID: - | IP: ::1
2026-02-28T05:56:34.654Z | POST /login 200 | 59.960 ms | User: guest | Type: none | ID: - | IP: ::1
2026-02-28T05:56:34.714Z | GET /api/me 304 | 44.062 ms | User: rentease@admin.com | Type: admin | ID: 6928977fa78aefeeba061254 | IP: ::1
2026-02-28T05:56:35.312Z | GET /api/check-session 302 | 0.200 ms | User: guest | Type: none | ID: - | IP: ::1
2026-02-28T05:56:35.315Z | GET /api/check-session 302 | 0.160 ms | User: guest | Type: none | ID: - | IP: ::1
2026-02-28T05:56:35.380Z | GET /api/me 200 | 42.361 ms | User: rentease@admin.com | Type: admin | ID: 6928977fa78aefeeba061254 | IP: ::1
2026-02-28T05:56:35.423Z | GET /api/me 304 | 40.380 ms | User: rentease@admin.com | Type: admin | ID: 6928977fa78aefeeba061254 | IP: ::1
2026-02-28T05:56:35.747Z | GET /api/admin/property-management?search=&ownerName=&type=&isRented=&minPrice=&maxPrice=&status=&verified=&fromDate=&toDate=&page=1&limit=25 304 | 313.053 ms | User: guest | Type: none | ID: - | IP: ::1
2026-02-28T05:56:35.900Z | GET /api/admin/property-management?search=&ownerName=&type=&isRented=&minPrice=&maxPrice=&status=&verified=&fromDate=&toDate=&page=1&limit=25 304 | 145.994 ms | User: guest | Type: none | ID: - | IP: ::1
2026-02-28T05:58:25.067Z | GET /api/admin/property-management?search=&ownerName=&type=&isRented=&minPrice=&maxPrice=&status=&verified=&fromDate=&toDate=&page=1&limit=25 304 | 322.689 ms | User: guest | Type: none | ID: - | IP: ::1
2026-02-28T05:58:30.307Z | GET /api/check-session 302 | 0.283 ms | User: guest | Type: none | ID: - | IP: ::1
2026-02-28T05:58:30.310Z | GET /api/check-session 302 | 0.176 ms | User: guest | Type: none | ID: - | IP: ::1
2026-02-28T05:58:30.386Z | GET /api/me 304 | 46.595 ms | User: rentease@admin.com | Type: admin | ID: 6928977fa78aefeeba061254 | IP: ::1
2026-02-28T05:58:30.434Z | GET /api/me 304 | 43.524 ms | User: rentease@admin.com | Type: admin | ID: 6928977fa78aefeeba061254 | IP: ::1
2026-02-28T05:58:30.773Z | GET /api/admin/property-management?search=&ownerName=&type=&isRented=&minPrice=&maxPrice=&status=&verified=&fromDate=&toDate=&page=1&limit=25 304 | 316.640 ms | User: guest | Type: none | ID: - | IP: ::1
2026-02-28T05:58:30.922Z | GET /api/admin/property-management?search=&ownerName=&type=&isRented=&minPrice=&maxPrice=&status=&verified=&fromDate=&toDate=&page=1&limit=25 304 | 142.263 ms | User: guest | Type: none | ID: - | IP: ::1
2026-02-28T05:58:32.546Z | GET /api/check-session 302 | 0.210 ms | User: guest | Type: none | ID: - | IP: ::1
2026-02-28T05:58:32.549Z | GET /api/check-session 302 | 0.157 ms | User: guest | Type: none | ID: - | IP: ::1
2026-02-28T05:58:32.621Z | GET /api/me 304 | 40.366 ms | User: rentease@admin.com | Type: admin | ID: 6928977fa78aefeeba061254 | IP: ::1
2026-02-28T05:58:32.664Z | GET /api/me 304 | 40.787 ms | User: rentease@admin.com | Type: admin | ID: 6928977fa78aefeeba061254 | IP: ::1
2026-02-28T05:58:33.036Z | GET /api/admin/property-management?search=&ownerName=&type=&isRented=&minPrice=&maxPrice=&status=&verified=&fromDate=&toDate=&page=1&limit=25 304 | 396.697 ms | User: guest | Type: none | ID: - | IP: ::1
2026-02-28T05:58:33.307Z | GET /api/admin/property-management?search=&ownerName=&type=&isRented=&minPrice=&maxPrice=&status=&verified=&fromDate=&toDate=&page=1&limit=25 304 | 261.910 ms | User: guest | Type: none | ID: - | IP: ::1
2026-02-28T05:59:21.142Z | GET /api/check-session 302 | 0.189 ms | User: guest | Type: none | ID: - | IP: ::1
2026-02-28T05:59:21.146Z | GET /api/check-session 302 | 0.161 ms | User: guest | Type: none | ID: - | IP: ::1
2026-02-28T05:59:21.213Z | GET /api/me 304 | 47.553 ms | User: rentease@admin.com | Type: admin | ID: 6928977fa78aefeeba061254 | IP: ::1
2026-02-28T05:59:21.262Z | GET /api/me 304 | 47.264 ms | User: rentease@admin.com | Type: admin | ID: 6928977fa78aefeeba061254 | IP: ::1
2026-02-28T05:59:21.567Z | GET /api/admin/property-management?search=&ownerName=&type=&isRented=&minPrice=&maxPrice=&status=&verified=&fromDate=&toDate=&page=1&limit=25 304 | 337.820 ms | User: guest | Type: none | ID: - | IP: ::1
2026-02-28T05:59:21.727Z | GET /api/admin/property-management?search=&ownerName=&type=&isRented=&minPrice=&maxPrice=&status=&verified=&fromDate=&toDate=&page=1&limit=25 304 | 152.352 ms | User: guest | Type: none | ID: - | IP: ::1
2026-02-28T05:59:23.264Z | GET /api/check-session 302 | 0.164 ms | User: guest | Type: none | ID: - | IP: ::1
2026-02-28T05:59:23.268Z | GET /api/check-session 302 | 0.344 ms | User: guest | Type: none | ID: - | IP: ::1
2026-02-28T05:59:23.326Z | GET /api/me 304 | 39.934 ms | User: rentease@admin.com | Type: admin | ID: 6928977fa78aefeeba061254 | IP: ::1
2026-02-28T05:59:23.369Z | GET /api/me 304 | 41.058 ms | User: rentease@admin.com | Type: admin | ID: 6928977fa78aefeeba061254 | IP: ::1
2026-02-28T05:59:23.778Z | GET /api/admin/property-management?search=&ownerName=&type=&isRented=&minPrice=&maxPrice=&status=&verified=&fromDate=&toDate=&page=1&limit=25 304 | 437.269 ms | User: guest | Type: none | ID: - | IP: ::1
2026-02-28T05:59:24.075Z | GET /api/admin/property-management?search=&ownerName=&type=&isRented=&minPrice=&maxPrice=&status=&verified=&fromDate=&toDate=&page=1&limit=25 304 | 287.400 ms | User: guest | Type: none | ID: - | IP: ::1
2026-02-28T05:59:25.566Z | GET /api/check-session 302 | 0.240 ms | User: guest | Type: none | ID: - | IP: ::1
2026-02-28T05:59:25.567Z | GET /api/check-session 302 | 0.262 ms | User: guest | Type: none | ID: - | IP: ::1
2026-02-28T05:59:25.625Z | GET /api/me 200 | 49.867 ms | User: rentease@admin.com | Type: admin | ID: 6928977fa78aefeeba061254 | IP: ::1
2026-02-28T05:59:25.627Z | GET /api/me 200 | 53.706 ms | User: rentease@admin.com | Type: admin | ID: 6928977fa78aefeeba061254 | IP: ::1
2026-02-28T05:59:25.987Z | GET /api/admin/property-management?search=&ownerName=&type=&isRented=&minPrice=&maxPrice=&status=&verified=&fromDate=&toDate=&page=1&limit=25 200 | 329.658 ms | User: guest | Type: none | ID: - | IP: ::1
2026-02-28T05:59:26.080Z | GET /api/admin/property-management?search=&ownerName=&type=&isRented=&minPrice=&maxPrice=&status=&verified=&fromDate=&toDate=&page=1&limit=25 200 | 424.338 ms | User: guest | Type: none | ID: - | IP: ::1
2026-02-28T06:02:49.148Z | GET /api/admin/property-management?search=&ownerName=&type=&isRented=&minPrice=&maxPrice=&status=&verified=&fromDate=&toDate=&page=1&limit=25 304 | 399.426 ms | User: guest | Type: none | ID: - | IP: ::1
2026-02-28T06:02:52.599Z | GET /api/check-session 302 | 0.280 ms | User: guest | Type: none | ID: - | IP: ::1
2026-02-28T06:02:52.603Z | GET /api/check-session 302 | 0.160 ms | User: guest | Type: none | ID: - | IP: ::1
2026-02-28T06:02:52.672Z | GET /api/me 304 | 43.942 ms | User: rentease@admin.com | Type: admin | ID: 6928977fa78aefeeba061254 | IP: ::1
2026-02-28T06:02:52.721Z | GET /api/me 304 | 46.152 ms | User: rentease@admin.com | Type: admin | ID: 6928977fa78aefeeba061254 | IP: ::1
2026-02-28T06:02:53.035Z | GET /api/admin/property-management?search=&ownerName=&type=&isRented=&minPrice=&maxPrice=&status=&verified=&fromDate=&toDate=&page=1&limit=25 304 | 321.873 ms | User: guest | Type: none | ID: - | IP: ::1
2026-02-28T06:02:53.205Z | GET /api/admin/property-management?search=&ownerName=&type=&isRented=&minPrice=&maxPrice=&status=&verified=&fromDate=&toDate=&page=1&limit=25 304 | 163.615 ms | User: guest | Type: none | ID: - | IP: ::1
2026-02-28T06:04:20.095Z | GET /api/admin/property-management?search=&ownerName=&type=&isRented=&minPrice=&maxPrice=&status=&verified=&fromDate=&toDate=&page=1&limit=25 304 | 310.573 ms | User: guest | Type: none | ID: - | IP: ::1
2026-02-28T06:04:50.183Z | GET /api/admin/property-management?search=&ownerName=&type=&isRented=&minPrice=&maxPrice=&status=&verified=&fromDate=&toDate=&page=1&limit=25 304 | 324.034 ms | User: guest | Type: none | ID: - | IP: ::1
2026-02-28T06:05:02.111Z | GET /api/admin/property-management?search=&ownerName=&type=&isRented=&minPrice=&maxPrice=&status=&verified=&fromDate=&toDate=&page=1&limit=25 304 | 340.706 ms | User: guest | Type: none | ID: - | IP: ::1
2026-02-28T06:05:05.206Z | GET /api/admin/property-management?search=&ownerName=&type=&isRented=&minPrice=&maxPrice=&status=&verified=&fromDate=&toDate=&page=1&limit=25 304 | 316.878 ms | User: guest | Type: none | ID: - | IP: ::1
2026-02-28T06:05:10.329Z | GET /api/admin/property-management?search=&ownerName=&type=&isRented=&minPrice=&maxPrice=&status=&verified=&fromDate=&toDate=&page=1&limit=25 304 | 313.672 ms | User: guest | Type: none | ID: - | IP: ::1
2026-02-28T06:05:21.565Z | GET /api/check-session 302 | 0.221 ms | User: guest | Type: none | ID: - | IP: ::1
2026-02-28T06:05:21.568Z | GET /api/check-session 302 | 0.121 ms | User: guest | Type: none | ID: - | IP: ::1
2026-02-28T06:05:21.685Z | GET /api/me 304 | 55.370 ms | User: rentease@admin.com | Type: admin | ID: 6928977fa78aefeeba061254 | IP: ::1
2026-02-28T06:05:21.729Z | GET /api/me 304 | 40.651 ms | User: rentease@admin.com | Type: admin | ID: 6928977fa78aefeeba061254 | IP: ::1
2026-02-28T06:05:22.112Z | GET /api/admin/property-management?search=&ownerName=&type=&isRented=&minPrice=&maxPrice=&status=&verified=&fromDate=&toDate=&page=1&limit=25 304 | 408.144 ms | User: guest | Type: none | ID: - | IP: ::1
2026-02-28T06:05:22.396Z | GET /api/admin/property-management?search=&ownerName=&type=&isRented=&minPrice=&maxPrice=&status=&verified=&fromDate=&toDate=&page=1&limit=25 304 | 275.444 ms | User: guest | Type: none | ID: - | IP: ::1
2026-02-28T06:08:36.184Z | GET /api/admin/property-management?search=&ownerName=&type=&isRented=&minPrice=&maxPrice=&status=&verified=&fromDate=&toDate=&page=1&limit=25 304 | 409.957 ms | User: guest | Type: none | ID: - | IP: ::1
2026-02-28T06:09:05.341Z | GET /api/admin/property-management?search=&ownerName=&type=&isRented=&minPrice=&maxPrice=&status=&verified=&fromDate=&toDate=&page=1&limit=25 304 | 403.399 ms | User: guest | Type: none | ID: - | IP: ::1
2026-02-28T06:09:11.277Z | GET /api/admin/property-management?search=&ownerName=&type=&isRented=&minPrice=&maxPrice=&status=&verified=&fromDate=&toDate=&page=1&limit=25 304 | 416.563 ms | User: guest | Type: none | ID: - | IP: ::1
2026-02-28T06:09:18.869Z | GET /api/admin/property-management?search=&ownerName=&type=&isRented=&minPrice=&maxPrice=&status=&verified=&fromDate=&toDate=&page=1&limit=25 304 | 426.727 ms | User: guest | Type: none | ID: - | IP: ::1
2026-02-28T06:09:22.726Z | GET /api/admin/property-management?search=&ownerName=&type=&isRented=&minPrice=&maxPrice=&status=&verified=&fromDate=&toDate=&page=1&limit=25 304 | 404.041 ms | User: guest | Type: none | ID: - | IP: ::1
2026-02-28T06:09:25.347Z | GET /api/admin/property-management?search=&ownerName=&type=&isRented=&minPrice=&maxPrice=&status=&verified=&fromDate=&toDate=&page=1&limit=25 304 | 412.670 ms | User: guest | Type: none | ID: - | IP: ::1
2026-02-28T06:09:30.018Z | GET /api/admin/property-management?search=&ownerName=&type=&isRented=&minPrice=&maxPrice=&status=&verified=&fromDate=&toDate=&page=1&limit=25 304 | 411.245 ms | User: guest | Type: none | ID: - | IP: ::1
2026-02-28T06:09:34.460Z | GET /api/admin/property-management?search=&ownerName=&type=&isRented=&minPrice=&maxPrice=&status=&verified=&fromDate=&toDate=&page=1&limit=25 304 | 472.045 ms | User: guest | Type: none | ID: - | IP: ::1
2026-02-28T06:09:35.715Z | GET /api/admin/property-management?search=&ownerName=&type=&isRented=&minPrice=&maxPrice=&status=&verified=&fromDate=&toDate=&page=1&limit=25 304 | 351.882 ms | User: guest | Type: none | ID: - | IP: ::1
2026-02-28T06:09:40.119Z | GET /api/admin/property-management?search=&ownerName=&type=&isRented=&minPrice=&maxPrice=&status=&verified=&fromDate=&toDate=&page=1&limit=25 304 | 411.140 ms | User: guest | Type: none | ID: - | IP: ::1
2026-02-28T06:09:49.467Z | GET /api/admin/property-management?search=&ownerName=&type=&isRented=&minPrice=&maxPrice=&status=&verified=&fromDate=&toDate=&page=1&limit=25 304 | 424.635 ms | User: guest | Type: none | ID: - | IP: ::1
2026-02-28T06:10:09.505Z | GET /api/admin/property-management?search=&ownerName=&type=&isRented=&minPrice=&maxPrice=&status=&verified=&fromDate=&toDate=&page=1&limit=25 304 | 363.793 ms | User: guest | Type: none | ID: - | IP: ::1
2026-02-28T06:10:21.061Z | GET /api/admin/users?page=1&limit=25 304 | 111.859 ms | User: guest | Type: none | ID: - | IP: ::1
2026-02-28T06:10:21.195Z | GET /api/admin/users?page=1&limit=25 304 | 127.501 ms | User: guest | Type: none | ID: - | IP: ::1
2026-02-28T06:10:24.218Z | GET /api/admin/worker-bookings?page=1&limit=25 304 | 274.477 ms | User: guest | Type: none | ID: - | IP: ::1
2026-02-28T06:10:24.499Z | GET /api/admin/worker-bookings?page=1&limit=25 304 | 270.553 ms | User: guest | Type: none | ID: - | IP: ::1
2026-02-28T06:12:51.019Z | GET /api/admin/worker-bookings?page=1&limit=25 304 | 260.607 ms | User: guest | Type: none | ID: - | IP: ::1
2026-02-28T06:13:14.357Z | GET /api/admin 304 | 2806.542 ms | User: rentease@admin.com | Type: admin | ID: 6928977fa78aefeeba061254 | IP: ::1
2026-02-28T06:13:16.981Z | GET /api/admin 304 | 2612.733 ms | User: rentease@admin.com | Type: admin | ID: 6928977fa78aefeeba061254 | IP: ::1
2026-02-28T06:13:21.201Z | GET /api/admin 304 | 2775.258 ms | User: rentease@admin.com | Type: admin | ID: 6928977fa78aefeeba061254 | IP: ::1
2026-02-28T06:13:23.776Z | GET /api/admin 304 | 2565.696 ms | User: rentease@admin.com | Type: admin | ID: 6928977fa78aefeeba061254 | IP: ::1
2026-02-28T06:13:30.243Z | GET /api/admin 304 | 2787.358 ms | User: rentease@admin.com | Type: admin | ID: 6928977fa78aefeeba061254 | IP: ::1
2026-02-28T06:13:32.812Z | GET /api/admin 304 | 2561.602 ms | User: rentease@admin.com | Type: admin | ID: 6928977fa78aefeeba061254 | IP: ::1
2026-02-28T06:13:54.018Z | GET /api/check-session 302 | 0.343 ms | User: guest | Type: none | ID: - | IP: ::1
2026-02-28T06:13:54.023Z | GET /api/check-session 302 | 0.418 ms | User: guest | Type: none | ID: - | IP: ::1
2026-02-28T06:13:54.128Z | GET /api/me 304 | 45.849 ms | User: rentease@admin.com | Type: admin | ID: 6928977fa78aefeeba061254 | IP: ::1
2026-02-28T06:13:54.178Z | GET /api/me 304 | 46.887 ms | User: rentease@admin.com | Type: admin | ID: 6928977fa78aefeeba061254 | IP: ::1
2026-02-28T06:13:54.327Z | GET /api/admin/notification/693007beba532f8531a43ae1 200 | 180.455 ms | User: guest | Type: none | ID: - | IP: ::1
2026-02-28T06:13:54.432Z | GET /api/admin/notification/693007beba532f8531a43ae1 304 | 93.155 ms | User: guest | Type: none | ID: - | IP: ::1
2026-02-28T06:14:09.747Z | GET /api/check-session 302 | 0.185 ms | User: guest | Type: none | ID: - | IP: ::1
2026-02-28T06:14:09.750Z | GET /api/check-session 302 | 0.125 ms | User: guest | Type: none | ID: - | IP: ::1
2026-02-28T06:14:09.817Z | GET /api/me 304 | 44.063 ms | User: rentease@admin.com | Type: admin | ID: 6928977fa78aefeeba061254 | IP: ::1
2026-02-28T06:14:09.863Z | GET /api/me 304 | 43.626 ms | User: rentease@admin.com | Type: admin | ID: 6928977fa78aefeeba061254 | IP: ::1
2026-02-28T06:14:10.208Z | GET /api/admin/property-management?search=&ownerName=&type=&isRented=&minPrice=&maxPrice=&status=&verified=&fromDate=&toDate=&page=1&limit=25 304 | 324.268 ms | User: guest | Type: none | ID: - | IP: ::1
2026-02-28T06:14:10.386Z | GET /api/admin/property-management?search=&ownerName=&type=&isRented=&minPrice=&maxPrice=&status=&verified=&fromDate=&toDate=&page=1&limit=25 304 | 170.953 ms | User: guest | Type: none | ID: - | IP: ::1
2026-02-28T06:14:27.416Z | GET /api/admin 304 | 2672.349 ms | User: rentease@admin.com | Type: admin | ID: 6928977fa78aefeeba061254 | IP: ::1
2026-02-28T06:14:30.014Z | GET /api/admin 304 | 2589.704 ms | User: rentease@admin.com | Type: admin | ID: 6928977fa78aefeeba061254 | IP: ::1
2026-02-28T06:14:41.164Z | GET /api/admin 304 | 2591.834 ms | User: rentease@admin.com | Type: admin | ID: 6928977fa78aefeeba061254 | IP: ::1
2026-02-28T06:14:43.429Z | GET /api/admin 304 | 2255.736 ms | User: rentease@admin.com | Type: admin | ID: 6928977fa78aefeeba061254 | IP: ::1
2026-02-28T06:14:45.954Z | GET /api/admin/property-management?search=&ownerName=&type=&isRented=&minPrice=&maxPrice=&status=&verified=&fromDate=&toDate=&page=1&limit=25 304 | 323.978 ms | User: guest | Type: none | ID: - | IP: ::1
2026-02-28T06:14:46.147Z | GET /api/admin/property-management?search=&ownerName=&type=&isRented=&minPrice=&maxPrice=&status=&verified=&fromDate=&toDate=&page=1&limit=25 304 | 183.928 ms | User: guest | Type: none | ID: - | IP: ::1
2026-02-28T06:15:23.551Z | GET /api/check-session 302 | 0.454 ms | User: guest | Type: none | ID: - | IP: ::1
2026-02-28T06:15:23.556Z | GET /api/check-session 302 | 0.271 ms | User: guest | Type: none | ID: - | IP: ::1
2026-02-28T06:15:23.636Z | GET /api/me 304 | 47.262 ms | User: rentease@admin.com | Type: admin | ID: 6928977fa78aefeeba061254 | IP: ::1
2026-02-28T06:15:23.685Z | GET /api/me 304 | 46.022 ms | User: rentease@admin.com | Type: admin | ID: 6928977fa78aefeeba061254 | IP: ::1
2026-02-28T06:15:23.782Z | GET /api/admin/property/69871678307dd253607f63b6 200 | 95.983 ms | User: guest | Type: none | ID: - | IP: ::1
2026-02-28T06:15:23.878Z | GET /api/admin/property/69871678307dd253607f63b6 304 | 88.026 ms | User: guest | Type: none | ID: - | IP: ::1
2026-02-28T06:15:31.356Z | GET /api/admin/property-management?search=&ownerName=&type=&isRented=&minPrice=&maxPrice=&status=&verified=&fromDate=&toDate=&page=1&limit=25 304 | 362.757 ms | User: guest | Type: none | ID: - | IP: ::1
2026-02-28T06:15:31.516Z | GET /api/admin/property-management?search=&ownerName=&type=&isRented=&minPrice=&maxPrice=&status=&verified=&fromDate=&toDate=&page=1&limit=25 304 | 153.114 ms | User: guest | Type: none | ID: - | IP: ::1
2026-02-28T06:15:37.675Z | GET /api/check-session 302 | 0.146 ms | User: guest | Type: none | ID: - | IP: ::1
2026-02-28T06:15:37.677Z | GET /api/check-session 302 | 0.128 ms | User: guest | Type: none | ID: - | IP: ::1
2026-02-28T06:15:37.737Z | GET /api/me 304 | 45.686 ms | User: rentease@admin.com | Type: admin | ID: 6928977fa78aefeeba061254 | IP: ::1
2026-02-28T06:15:37.785Z | GET /api/me 304 | 45.511 ms | User: rentease@admin.com | Type: admin | ID: 6928977fa78aefeeba061254 | IP: ::1
2026-02-28T06:15:38.080Z | GET /api/admin/property-management?search=&ownerName=&type=&isRented=&minPrice=&maxPrice=&status=&verified=&fromDate=&toDate=&page=1&limit=25 304 | 327.301 ms | User: guest | Type: none | ID: - | IP: ::1
2026-02-28T06:15:38.245Z | GET /api/admin/property-management?search=&ownerName=&type=&isRented=&minPrice=&maxPrice=&status=&verified=&fromDate=&toDate=&page=1&limit=25 304 | 154.116 ms | User: guest | Type: none | ID: - | IP: ::1
2026-02-28T06:15:48.550Z | GET /api/admin/users?page=1&limit=25 304 | 104.782 ms | User: guest | Type: none | ID: - | IP: ::1
2026-02-28T06:15:48.688Z | GET /api/admin/users?page=1&limit=25 304 | 123.704 ms | User: guest | Type: none | ID: - | IP: ::1
2026-02-28T06:16:58.050Z | GET /api/admin/property-management?search=&ownerName=&type=&isRented=&minPrice=&maxPrice=&status=&verified=&fromDate=&toDate=&page=1&limit=25 304 | 321.285 ms | User: guest | Type: none | ID: - | IP: ::1
2026-02-28T06:16:58.215Z | GET /api/admin/property-management?search=&ownerName=&type=&isRented=&minPrice=&maxPrice=&status=&verified=&fromDate=&toDate=&page=1&limit=25 304 | 157.020 ms | User: guest | Type: none | ID: - | IP: ::1
2026-02-28T06:17:00.855Z | GET /api/admin/worker-bookings?page=1&limit=25 304 | 261.325 ms | User: guest | Type: none | ID: - | IP: ::1
2026-02-28T06:17:01.145Z | GET /api/admin/worker-bookings?page=1&limit=25 304 | 282.787 ms | User: guest | Type: none | ID: - | IP: ::1
2026-02-28T06:17:05.354Z | GET /api/admin 304 | 2699.347 ms | User: rentease@admin.com | Type: admin | ID: 6928977fa78aefeeba061254 | IP: ::1
2026-02-28T06:17:07.869Z | GET /api/admin 304 | 2506.458 ms | User: rentease@admin.com | Type: admin | ID: 6928977fa78aefeeba061254 | IP: ::1
2026-02-28T06:17:30.123Z | GET /api/logout 304 | 4.970 ms | User: guest | Type: none | ID: - | IP: ::1
2026-02-28T06:17:30.240Z | GET /api/me 401 | 0.207 ms | User: guest | Type: none | ID: - | IP: ::1
2026-02-28T06:17:30.254Z | GET /api/me 401 | 0.217 ms | User: guest | Type: none | ID: - | IP: ::1
2026-02-28T06:17:30.401Z | GET /api/properties 304 | 158.110 ms | User: guest | Type: none | ID: - | IP: ::1
2026-02-28T06:17:30.458Z | GET /api/properties 304 | 48.856 ms | User: guest | Type: none | ID: - | IP: ::1
2026-02-28T06:17:30.525Z | GET /api/slider-properties 304 | 278.980 ms | User: guest | Type: none | ID: - | IP: ::1
2026-02-28T06:17:30.596Z | GET /api/slider-properties 304 | 62.528 ms | User: guest | Type: none | ID: - | IP: ::1
2026-02-28T06:17:34.946Z | GET /api/check-session 302 | 0.657 ms | User: guest | Type: none | ID: - | IP: ::1
2026-02-28T06:17:34.957Z | GET /api/check-session 302 | 0.201 ms | User: guest | Type: none | ID: - | IP: ::1
2026-02-28T06:17:34.959Z | GET /api/me 401 | 0.157 ms | User: guest | Type: none | ID: - | IP: ::1
2026-02-28T06:17:34.970Z | GET /api/me 401 | 0.164 ms | User: guest | Type: none | ID: - | IP: ::1
2026-02-28T06:17:35.240Z | GET /api/search 304 | 295.544 ms | User: guest | Type: none | ID: - | IP: ::1
2026-02-28T06:17:35.353Z | GET /api/search 304 | 107.049 ms | User: guest | Type: none | ID: - | IP: ::1
2026-02-28T06:17:47.295Z | POST /login 200 | 78.211 ms | User: guest | Type: none | ID: - | IP: ::1
2026-02-28T06:17:47.353Z | GET /api/me 304 | 43.610 ms | User: rentease@admin.com | Type: admin | ID: 6928977fa78aefeeba061254 | IP: ::1
2026-02-28T06:17:48.105Z | GET /api/check-session 302 | 0.168 ms | User: guest | Type: none | ID: - | IP: ::1
2026-02-28T06:17:48.108Z | GET /api/check-session 302 | 0.156 ms | User: guest | Type: none | ID: - | IP: ::1
2026-02-28T06:17:48.212Z | GET /api/me 304 | 41.021 ms | User: rentease@admin.com | Type: admin | ID: 6928977fa78aefeeba061254 | IP: ::1
2026-02-28T06:17:48.258Z | GET /api/me 304 | 43.154 ms | User: rentease@admin.com | Type: admin | ID: 6928977fa78aefeeba061254 | IP: ::1
2026-02-28T06:17:48.573Z | GET /api/admin/property-management?search=&ownerName=&type=&isRented=&minPrice=&maxPrice=&status=&verified=&fromDate=&toDate=&page=1&limit=25 304 | 313.857 ms | User: guest | Type: none | ID: - | IP: ::1
2026-02-28T06:17:48.754Z | GET /api/admin/property-management?search=&ownerName=&type=&isRented=&minPrice=&maxPrice=&status=&verified=&fromDate=&toDate=&page=1&limit=25 304 | 172.202 ms | User: guest | Type: none | ID: - | IP: ::1
2026-02-28T06:18:32.553Z | GET /api/admin/property-management?search=&ownerName=&type=&isRented=&minPrice=&maxPrice=&status=&verified=&fromDate=&toDate=&page=1&limit=25 304 | 327.807 ms | User: guest | Type: none | ID: - | IP: ::1
2026-02-28T06:18:44.856Z | GET /api/admin/property-management?search=&ownerName=&type=&isRented=&minPrice=&maxPrice=&status=&verified=&fromDate=&toDate=&page=1&limit=25 304 | 312.082 ms | User: guest | Type: none | ID: - | IP: ::1
2026-02-28T06:18:49.094Z | GET /api/admin/property-management?search=&ownerName=&type=&isRented=&minPrice=&maxPrice=&status=&verified=&fromDate=&toDate=&page=1&limit=25 304 | 315.566 ms | User: guest | Type: none | ID: - | IP: ::1
2026-02-28T06:19:11.331Z | GET /api/admin/users?page=1&limit=25 304 | 105.128 ms | User: guest | Type: none | ID: - | IP: ::1
2026-02-28T06:19:11.461Z | GET /api/admin/users?page=1&limit=25 304 | 123.609 ms | User: guest | Type: none | ID: - | IP: ::1
2026-02-28T06:19:13.146Z | GET /api/admin/worker-bookings?page=1&limit=25 304 | 261.800 ms | User: guest | Type: none | ID: - | IP: ::1
2026-02-28T06:19:13.437Z | GET /api/admin/worker-bookings?page=1&limit=25 304 | 282.169 ms | User: guest | Type: none | ID: - | IP: ::1
2026-02-28T06:19:32.165Z | GET /api/check-session 302 | 0.167 ms | User: guest | Type: none | ID: - | IP: ::1
2026-02-28T06:19:32.168Z | GET /api/check-session 302 | 0.610 ms | User: guest | Type: none | ID: - | IP: ::1
2026-02-28T06:19:32.291Z | GET /api/me 304 | 44.652 ms | User: rentease@admin.com | Type: admin | ID: 6928977fa78aefeeba061254 | IP: ::1
2026-02-28T06:19:32.338Z | GET /api/me 304 | 44.760 ms | User: rentease@admin.com | Type: admin | ID: 6928977fa78aefeeba061254 | IP: ::1
2026-02-28T06:19:32.578Z | GET /api/admin/worker-bookings?page=1&limit=25 304 | 271.853 ms | User: guest | Type: none | ID: - | IP: ::1
2026-02-28T06:19:32.850Z | GET /api/admin/worker-bookings?page=1&limit=25 304 | 265.827 ms | User: guest | Type: none | ID: - | IP: ::1
2026-02-28T06:19:34.941Z | GET /api/admin/users?page=1&limit=25 304 | 309.437 ms | User: guest | Type: none | ID: - | IP: ::1
2026-02-28T06:19:35.077Z | GET /api/admin/users?page=1&limit=25 304 | 126.739 ms | User: guest | Type: none | ID: - | IP: ::1
2026-02-28T06:19:42.365Z | GET /api/admin 304 | 2708.092 ms | User: rentease@admin.com | Type: admin | ID: 6928977fa78aefeeba061254 | IP: ::1
2026-02-28T06:19:45.029Z | GET /api/admin 304 | 2656.100 ms | User: rentease@admin.com | Type: admin | ID: 6928977fa78aefeeba061254 | IP: ::1
2026-02-28T06:19:46.010Z | GET /api/admin/worker-bookings?page=1&limit=25 304 | 282.571 ms | User: guest | Type: none | ID: - | IP: ::1
2026-02-28T06:19:46.299Z | GET /api/admin/worker-bookings?page=1&limit=25 304 | 277.540 ms | User: guest | Type: none | ID: - | IP: ::1
2026-02-28T06:19:56.947Z | GET /api/check-session 302 | 0.186 ms | User: guest | Type: none | ID: - | IP: ::1
2026-02-28T06:19:56.950Z | GET /api/check-session 302 | 0.144 ms | User: guest | Type: none | ID: - | IP: ::1
2026-02-28T06:19:57.016Z | GET /api/me 304 | 44.630 ms | User: rentease@admin.com | Type: admin | ID: 6928977fa78aefeeba061254 | IP: ::1
2026-02-28T06:19:57.063Z | GET /api/me 304 | 44.916 ms | User: rentease@admin.com | Type: admin | ID: 6928977fa78aefeeba061254 | IP: ::1
2026-02-28T06:19:57.131Z | GET /api/admin/worker-booking/69300d18e01d18689ebf6872 200 | 95.444 ms | User: guest | Type: none | ID: - | IP: ::1
2026-02-28T06:19:57.231Z | GET /api/admin/worker-booking/69300d18e01d18689ebf6872 304 | 90.655 ms | User: guest | Type: none | ID: - | IP: ::1
2026-02-28T06:20:12.512Z | GET /api/admin/worker-bookings?page=1&limit=25 304 | 265.448 ms | User: guest | Type: none | ID: - | IP: ::1
2026-02-28T06:20:12.786Z | GET /api/admin/worker-bookings?page=1&limit=25 304 | 265.869 ms | User: guest | Type: none | ID: - | IP: ::1
2026-02-28T06:20:26.349Z | GET /api/check-session 302 | 0.237 ms | User: guest | Type: none | ID: - | IP: ::1
2026-02-28T06:20:26.355Z | GET /api/check-session 302 | 0.154 ms | User: guest | Type: none | ID: - | IP: ::1
2026-02-28T06:20:26.421Z | GET /api/me 304 | 45.974 ms | User: rentease@admin.com | Type: admin | ID: 6928977fa78aefeeba061254 | IP: ::1
2026-02-28T06:20:26.468Z | GET /api/me 304 | 45.143 ms | User: rentease@admin.com | Type: admin | ID: 6928977fa78aefeeba061254 | IP: ::1
2026-02-28T06:20:26.538Z | GET /api/admin/booking/69300cf6e01d18689ebf683c 200 | 98.803 ms | User: guest | Type: none | ID: - | IP: ::1
2026-02-28T06:20:26.644Z | GET /api/admin/booking/69300cf6e01d18689ebf683c 304 | 98.533 ms | User: guest | Type: none | ID: - | IP: ::1
2026-02-28T06:20:41.142Z | POST /api/admin/booking/approve/69300cf6e01d18689ebf683c 200 | 627.487 ms | User: guest | Type: none | ID: - | IP: ::1
2026-02-28T06:20:45.334Z | GET /api/check-session 302 | 0.221 ms | User: guest | Type: none | ID: - | IP: ::1
2026-02-28T06:20:45.337Z | GET /api/check-session 302 | 0.124 ms | User: guest | Type: none | ID: - | IP: ::1
2026-02-28T06:20:45.396Z | GET /api/me 304 | 43.143 ms | User: rentease@admin.com | Type: admin | ID: 6928977fa78aefeeba061254 | IP: ::1
2026-02-28T06:20:45.445Z | GET /api/me 304 | 46.017 ms | User: rentease@admin.com | Type: admin | ID: 6928977fa78aefeeba061254 | IP: ::1
2026-02-28T06:20:45.527Z | GET /api/admin/booking/69300cf6e01d18689ebf683c 200 | 106.750 ms | User: guest | Type: none | ID: - | IP: ::1
2026-02-28T06:20:45.628Z | GET /api/admin/booking/69300cf6e01d18689ebf683c 304 | 89.852 ms | User: guest | Type: none | ID: - | IP: ::1
2026-02-28T06:20:49.539Z | GET /api/admin/worker-bookings?page=1&limit=25 200 | 266.308 ms | User: guest | Type: none | ID: - | IP: ::1
2026-02-28T06:20:49.815Z | GET /api/admin/worker-bookings?page=1&limit=25 304 | 269.320 ms | User: guest | Type: none | ID: - | IP: ::1
2026-02-28T06:23:58.159Z | GET /api/admin/property-management?search=&ownerName=&type=&isRented=&minPrice=&maxPrice=&status=&verified=&fromDate=&toDate=&page=1&limit=25 200 | 337.010 ms | User: guest | Type: none | ID: - | IP: ::1
2026-02-28T06:23:58.350Z | GET /api/admin/property-management?search=&ownerName=&type=&isRented=&minPrice=&maxPrice=&status=&verified=&fromDate=&toDate=&page=1&limit=25 304 | 175.117 ms | User: guest | Type: none | ID: - | IP: ::1
2026-02-28T06:24:01.798Z | GET /api/check-session 302 | 0.288 ms | User: guest | Type: none | ID: - | IP: ::1
2026-02-28T06:24:01.804Z | GET /api/check-session 302 | 0.263 ms | User: guest | Type: none | ID: - | IP: ::1
2026-02-28T06:24:01.867Z | GET /api/me 304 | 44.930 ms | User: rentease@admin.com | Type: admin | ID: 6928977fa78aefeeba061254 | IP: ::1
2026-02-28T06:24:01.915Z | GET /api/me 304 | 46.360 ms | User: rentease@admin.com | Type: admin | ID: 6928977fa78aefeeba061254 | IP: ::1
2026-02-28T06:24:01.979Z | GET /api/admin/property/69871678307dd253607f63b6 304 | 93.505 ms | User: guest | Type: none | ID: - | IP: ::1
2026-02-28T06:24:02.074Z | GET /api/admin/property/69871678307dd253607f63b6 304 | 83.877 ms | User: guest | Type: none | ID: - | IP: ::1
2026-02-28T06:28:58.476Z | GET /api/admin/property-management?search=&ownerName=&type=&isRented=&minPrice=&maxPrice=&status=&verified=&fromDate=&toDate=&page=1&limit=25 304 | 308.293 ms | User: guest | Type: none | ID: - | IP: ::1
2026-02-28T06:28:58.619Z | GET /api/admin/property-management?search=&ownerName=&type=&isRented=&minPrice=&maxPrice=&status=&verified=&fromDate=&toDate=&page=1&limit=25 304 | 137.532 ms | User: guest | Type: none | ID: - | IP: ::1
