2026-02-07T11:52:34.803Z | GET /api/check-session 200 | 2.989 ms | User: guest | Type: none | ID: - | IP: ::1
2026-02-07T11:52:35.038Z | GET /api/check-session 304 | 1.036 ms | User: guest | Type: none | ID: - | IP: ::1
2026-02-07T11:53:34.627Z | POST /login 200 | 89.518 ms | User: guest | Type: none | ID: - | IP: ::1
2026-02-07T11:53:36.224Z | GET /api/check-session 200 | 0.914 ms | User: guest | Type: none | ID: - | IP: ::1
2026-02-07T11:53:36.230Z | GET /api/check-session 304 | 0.731 ms | User: guest | Type: none | ID: - | IP: ::1
2026-02-07T11:53:39.613Z | GET /api/admin?filter=monthly 304 | 3200.457 ms | User: guest | Type: none | ID: - | IP: ::1
2026-02-07T11:53:42.381Z | GET /api/admin?filter=monthly 304 | 2734.478 ms | User: guest | Type: none | ID: - | IP: ::1
2026-02-07T11:54:03.555Z | GET /api/admin/property-management?search=&ownerName=&type=&isRented=&minPrice=&maxPrice=&status=&verified=&fromDate=&toDate=&page=1&limit=25 304 | 333.961 ms | User: guest | Type: none | ID: - | IP: ::1
2026-02-07T11:54:03.717Z | GET /api/admin/property-management?search=&ownerName=&type=&isRented=&minPrice=&maxPrice=&status=&verified=&fromDate=&toDate=&page=1&limit=25 304 | 151.195 ms | User: guest | Type: none | ID: - | IP: ::1
2026-02-07T11:54:06.674Z | GET /api/admin/worker-bookings?page=1&limit=25 200 | 617.271 ms | User: guest | Type: none | ID: - | IP: ::1
2026-02-07T11:54:06.954Z | GET /api/admin/worker-bookings?page=1&limit=25 304 | 269.877 ms | User: guest | Type: none | ID: - | IP: ::1
2026-02-07T11:56:04.505Z | GET /api/check-session 500 | 16.556 ms | User: guest | Type: none | ID: - | IP: ::1
2026-02-07T11:56:04.538Z | GET /api/check-session 500 | 14.598 ms | User: guest | Type: none | ID: - | IP: ::1
2026-02-07T11:57:08.680Z | POST /login 200 | 80.241 ms | User: guest | Type: none | ID: - | IP: ::1
2026-02-07T11:57:09.265Z | GET /api/check-session 200 | 1.864 ms | User: guest | Type: none | ID: - | IP: ::1
2026-02-07T11:57:09.270Z | GET /api/check-session 304 | 1.053 ms | User: guest | Type: none | ID: - | IP: ::1
2026-02-07T11:57:12.400Z | GET /api/admin?filter=monthly 304 | 3071.461 ms | User: guest | Type: none | ID: - | IP: ::1
2026-02-07T11:57:15.067Z | GET /api/admin?filter=monthly 304 | 2655.841 ms | User: guest | Type: none | ID: - | IP: ::1
2026-02-07T11:57:20.130Z | GET /api/admin/worker-bookings?page=1&limit=25 304 | 602.134 ms | User: guest | Type: none | ID: - | IP: ::1
2026-02-07T11:57:20.417Z | GET /api/admin/worker-bookings?page=1&limit=25 304 | 271.688 ms | User: guest | Type: none | ID: - | IP: ::1
2026-02-07T11:57:36.689Z | GET /api/logout 304 | 1.671 ms | User: guest | Type: none | ID: - | IP: ::1
2026-02-07T11:57:36.749Z | GET /api/check-session 304 | 0.345 ms | User: guest | Type: none | ID: - | IP: ::1
2026-02-07T11:57:36.761Z | GET /api/check-session 304 | 0.366 ms | User: guest | Type: none | ID: - | IP: ::1
2026-02-07T11:57:36.894Z | GET /api/properties 304 | 143.051 ms | User: guest | Type: none | ID: - | IP: ::1
2026-02-07T11:57:36.955Z | GET /api/properties 304 | 48.662 ms | User: guest | Type: none | ID: - | IP: ::1
2026-02-07T11:57:37.076Z | GET /api/slider-properties 304 | 318.589 ms | User: guest | Type: none | ID: - | IP: ::1
2026-02-07T11:57:37.184Z | GET /api/slider-properties 304 | 100.055 ms | User: guest | Type: none | ID: - | IP: ::1
2026-02-07T11:57:42.204Z | POST /login 200 | 67.527 ms | User: guest | Type: none | ID: - | IP: ::1
2026-02-07T11:57:42.921Z | GET /api/check-session 304 | 0.794 ms | User: guest | Type: none | ID: - | IP: ::1
2026-02-07T11:57:42.925Z | GET /api/check-session 304 | 0.383 ms | User: guest | Type: none | ID: - | IP: ::1
2026-02-07T11:57:45.961Z | GET /api/admin?filter=monthly 304 | 2926.495 ms | User: guest | Type: none | ID: - | IP: ::1
2026-02-07T11:57:48.726Z | GET /api/admin?filter=monthly 304 | 2754.678 ms | User: guest | Type: none | ID: - | IP: ::1
2026-02-07T11:57:48.903Z | GET /api/admin/worker-bookings?page=1&limit=25 304 | 578.744 ms | User: guest | Type: none | ID: - | IP: ::1
2026-02-07T11:57:49.183Z | GET /api/admin/worker-bookings?page=1&limit=25 304 | 270.417 ms | User: guest | Type: none | ID: - | IP: ::1
2026-02-07T11:58:09.969Z | GET /api/logout 304 | 0.394 ms | User: guest | Type: none | ID: - | IP: ::1
2026-02-07T11:58:10.044Z | GET /api/check-session 304 | 3.402 ms | User: guest | Type: none | ID: - | IP: ::1
2026-02-07T11:58:10.097Z | GET /api/check-session 304 | 0.278 ms | User: guest | Type: none | ID: - | IP: ::1
2026-02-07T11:58:10.226Z | GET /api/properties 304 | 139.368 ms | User: guest | Type: none | ID: - | IP: ::1
2026-02-07T11:58:10.284Z | GET /api/properties 304 | 48.476 ms | User: guest | Type: none | ID: - | IP: ::1
2026-02-07T11:58:10.404Z | GET /api/slider-properties 304 | 313.687 ms | User: guest | Type: none | ID: - | IP: ::1
2026-02-07T11:58:10.515Z | GET /api/slider-properties 304 | 100.518 ms | User: guest | Type: none | ID: - | IP: ::1
2026-02-07T11:58:24.627Z | POST /login 200 | 53.647 ms | User: rahul@gmail.com | Type: worker | ID: 68ebb11513fb46399a5c8e7d | IP: ::1
2026-02-07T11:58:25.401Z | GET /api/check-session 200 | 0.484 ms | User: rahul@gmail.com | Type: worker | ID: 68ebb11513fb46399a5c8e7d | IP: ::1
2026-02-07T11:58:25.415Z | GET /api/check-session 304 | 0.423 ms | User: rahul@gmail.com | Type: worker | ID: 68ebb11513fb46399a5c8e7d | IP: ::1
2026-02-07T11:58:25.422Z | GET /api/check-session 304 | 0.332 ms | User: rahul@gmail.com | Type: worker | ID: 68ebb11513fb46399a5c8e7d | IP: ::1
2026-02-07T11:58:25.429Z | GET /api/check-session 304 | 0.436 ms | User: rahul@gmail.com | Type: worker | ID: 68ebb11513fb46399a5c8e7d | IP: ::1
2026-02-07T11:58:25.869Z | GET /api/workers/api/dashboard 304 | 461.396 ms | User: rahul@gmail.com | Type: worker | ID: 68ebb11513fb46399a5c8e7d | IP: ::1
2026-02-07T11:58:26.318Z | GET /api/workers/api/dashboard 304 | 440.749 ms | User: rahul@gmail.com | Type: worker | ID: 68ebb11513fb46399a5c8e7d | IP: ::1
2026-02-07T11:58:39.914Z | GET /api/check-session 304 | 0.251 ms | User: rahul@gmail.com | Type: worker | ID: 68ebb11513fb46399a5c8e7d | IP: ::1
2026-02-07T11:58:39.928Z | GET /api/check-session 304 | 0.458 ms | User: rahul@gmail.com | Type: worker | ID: 68ebb11513fb46399a5c8e7d | IP: ::1
2026-02-07T11:58:39.981Z | GET /api/workers/68ebb11513fb46399a5c8e7d 304 | 60.343 ms | User: rahul@gmail.com | Type: worker | ID: 68ebb11513fb46399a5c8e7d | IP: ::1
2026-02-07T11:58:40.044Z | GET /api/workers/68ebb11513fb46399a5c8e7d 304 | 49.796 ms | User: rahul@gmail.com | Type: worker | ID: 68ebb11513fb46399a5c8e7d | IP: ::1
2026-02-07T11:58:42.219Z | GET /api/check-session 304 | 0.331 ms | User: rahul@gmail.com | Type: worker | ID: 68ebb11513fb46399a5c8e7d | IP: ::1
2026-02-07T11:58:42.661Z | GET /api/workers/api/dashboard 304 | 449.982 ms | User: rahul@gmail.com | Type: worker | ID: 68ebb11513fb46399a5c8e7d | IP: ::1
2026-02-07T11:58:43.127Z | GET /api/workers/api/dashboard 304 | 451.494 ms | User: rahul@gmail.com | Type: worker | ID: 68ebb11513fb46399a5c8e7d | IP: ::1
2026-02-07T11:58:43.921Z | GET /api/check-session 304 | 0.345 ms | User: rahul@gmail.com | Type: worker | ID: 68ebb11513fb46399a5c8e7d | IP: ::1
2026-02-07T11:58:43.938Z | GET /api/check-session 304 | 0.385 ms | User: rahul@gmail.com | Type: worker | ID: 68ebb11513fb46399a5c8e7d | IP: ::1
2026-02-07T11:58:44.000Z | GET /api/workers/68ebb11513fb46399a5c8e7d 304 | 64.926 ms | User: rahul@gmail.com | Type: worker | ID: 68ebb11513fb46399a5c8e7d | IP: ::1
2026-02-07T11:58:44.072Z | GET /api/workers/68ebb11513fb46399a5c8e7d 304 | 46.284 ms | User: rahul@gmail.com | Type: worker | ID: 68ebb11513fb46399a5c8e7d | IP: ::1
2026-02-07T11:58:48.054Z | GET /api/check-session 304 | 1.039 ms | User: rahul@gmail.com | Type: worker | ID: 68ebb11513fb46399a5c8e7d | IP: ::1
2026-02-07T11:58:48.494Z | GET /api/workers/api/dashboard 304 | 450.370 ms | User: rahul@gmail.com | Type: worker | ID: 68ebb11513fb46399a5c8e7d | IP: ::1
2026-02-07T11:58:48.949Z | GET /api/workers/api/dashboard 304 | 443.706 ms | User: rahul@gmail.com | Type: worker | ID: 68ebb11513fb46399a5c8e7d | IP: ::1
2026-02-07T11:59:03.574Z | GET /api/workers/work-tracking/history/68ebc4ee4a70547de07f5203 200 | 52.116 ms | User: rahul@gmail.com | Type: worker | ID: 68ebb11513fb46399a5c8e7d | IP: ::1
2026-02-07T11:59:13.518Z | GET /api/check-session 304 | 0.467 ms | User: rahul@gmail.com | Type: worker | ID: 68ebb11513fb46399a5c8e7d | IP: ::1
2026-02-07T11:59:13.541Z | GET /api/check-session 304 | 2.807 ms | User: rahul@gmail.com | Type: worker | ID: 68ebb11513fb46399a5c8e7d | IP: ::1
2026-02-07T11:59:13.653Z | GET /api/properties 304 | 136.294 ms | User: rahul@gmail.com | Type: worker | ID: 68ebb11513fb46399a5c8e7d | IP: ::1
2026-02-07T11:59:13.713Z | GET /api/properties 304 | 50.108 ms | User: rahul@gmail.com | Type: worker | ID: 68ebb11513fb46399a5c8e7d | IP: ::1
2026-02-07T11:59:13.824Z | GET /api/slider-properties 304 | 304.543 ms | User: rahul@gmail.com | Type: worker | ID: 68ebb11513fb46399a5c8e7d | IP: ::1
2026-02-07T11:59:13.934Z | GET /api/slider-properties 304 | 101.146 ms | User: rahul@gmail.com | Type: worker | ID: 68ebb11513fb46399a5c8e7d | IP: ::1
2026-02-07T11:59:15.334Z | GET /api/workers 304 | 49.107 ms | User: rahul@gmail.com | Type: worker | ID: 68ebb11513fb46399a5c8e7d | IP: ::1
2026-02-07T11:59:15.371Z | GET /api/check-session 304 | 0.737 ms | User: rahul@gmail.com | Type: worker | ID: 68ebb11513fb46399a5c8e7d | IP: ::1
2026-02-07T11:59:15.383Z | GET /api/check-session 304 | 0.357 ms | User: rahul@gmail.com | Type: worker | ID: 68ebb11513fb46399a5c8e7d | IP: ::1
2026-02-07T11:59:15.390Z | GET /api/workers 304 | 47.133 ms | User: rahul@gmail.com | Type: worker | ID: 68ebb11513fb46399a5c8e7d | IP: ::1
2026-02-07T11:59:15.410Z | GET /api/workers/filters 304 | 132.119 ms | User: rahul@gmail.com | Type: worker | ID: 68ebb11513fb46399a5c8e7d | IP: ::1
2026-02-07T11:59:15.559Z | GET /api/workers/filters 304 | 140.040 ms | User: rahul@gmail.com | Type: worker | ID: 68ebb11513fb46399a5c8e7d | IP: ::1
2026-02-07T11:59:19.257Z | GET /api/workers 304 | 48.517 ms | User: rahul@gmail.com | Type: worker | ID: 68ebb11513fb46399a5c8e7d | IP: ::1
2026-02-07T11:59:19.275Z | GET /api/check-session 304 | 0.360 ms | User: rahul@gmail.com | Type: worker | ID: 68ebb11513fb46399a5c8e7d | IP: ::1
2026-02-07T11:59:19.293Z | GET /api/check-session 304 | 0.311 ms | User: rahul@gmail.com | Type: worker | ID: 68ebb11513fb46399a5c8e7d | IP: ::1
2026-02-07T11:59:19.312Z | GET /api/workers 304 | 49.849 ms | User: rahul@gmail.com | Type: worker | ID: 68ebb11513fb46399a5c8e7d | IP: ::1
2026-02-07T11:59:19.331Z | GET /api/workers/filters 304 | 137.764 ms | User: rahul@gmail.com | Type: worker | ID: 68ebb11513fb46399a5c8e7d | IP: ::1
2026-02-07T11:59:19.472Z | GET /api/workers/filters 304 | 131.409 ms | User: rahul@gmail.com | Type: worker | ID: 68ebb11513fb46399a5c8e7d | IP: ::1
2026-02-07T11:59:21.559Z | GET /api/check-session 304 | 0.416 ms | User: rahul@gmail.com | Type: worker | ID: 68ebb11513fb46399a5c8e7d | IP: ::1
2026-02-07T11:59:21.576Z | GET /api/check-session 304 | 0.467 ms | User: rahul@gmail.com | Type: worker | ID: 68ebb11513fb46399a5c8e7d | IP: ::1
2026-02-07T11:59:21.805Z | GET /api/search 200 | 257.520 ms | User: rahul@gmail.com | Type: worker | ID: 68ebb11513fb46399a5c8e7d | IP: ::1
2026-02-07T11:59:21.884Z | GET /api/search 304 | 64.151 ms | User: rahul@gmail.com | Type: worker | ID: 68ebb11513fb46399a5c8e7d | IP: ::1
2026-02-07T11:59:35.140Z | GET /api/property/69871678307dd253607f63b6 200 | 57.020 ms | User: guest | Type: none | ID: - | IP: ::1
2026-02-07T11:59:35.198Z | GET /api/property/69871678307dd253607f63b6 304 | 46.229 ms | User: guest | Type: none | ID: - | IP: ::1
2026-02-07T12:00:08.288Z | GET /api/check-session 304 | 0.667 ms | User: rahul@gmail.com | Type: worker | ID: 68ebb11513fb46399a5c8e7d | IP: ::1
2026-02-07T12:00:08.767Z | GET /api/workers/api/dashboard 304 | 485.144 ms | User: rahul@gmail.com | Type: worker | ID: 68ebb11513fb46399a5c8e7d | IP: ::1
2026-02-07T12:00:09.398Z | GET /api/workers/api/dashboard 304 | 615.037 ms | User: rahul@gmail.com | Type: worker | ID: 68ebb11513fb46399a5c8e7d | IP: ::1
2026-02-07T12:00:17.834Z | GET /api/check-session 304 | 0.674 ms | User: rahul@gmail.com | Type: worker | ID: 68ebb11513fb46399a5c8e7d | IP: ::1
2026-02-07T12:00:17.844Z | GET /api/check-session 304 | 1.022 ms | User: rahul@gmail.com | Type: worker | ID: 68ebb11513fb46399a5c8e7d | IP: ::1
2026-02-07T12:00:18.147Z | GET /api/search 304 | 314.428 ms | User: rahul@gmail.com | Type: worker | ID: 68ebb11513fb46399a5c8e7d | IP: ::1
2026-02-07T12:00:18.254Z | GET /api/search 304 | 98.955 ms | User: rahul@gmail.com | Type: worker | ID: 68ebb11513fb46399a5c8e7d | IP: ::1
2026-02-07T12:00:21.420Z | GET /api/property/68ebbac5c7adb61e0ff3c93e 200 | 190.630 ms | User: guest | Type: none | ID: - | IP: ::1
2026-02-07T12:00:21.479Z | GET /api/property/68ebbac5c7adb61e0ff3c93e 304 | 48.508 ms | User: guest | Type: none | ID: - | IP: ::1
2026-02-07T12:00:23.202Z | GET /api/check-session 304 | 0.357 ms | User: rahul@gmail.com | Type: worker | ID: 68ebb11513fb46399a5c8e7d | IP: ::1
2026-02-07T12:00:23.211Z | GET /api/check-session 304 | 0.242 ms | User: rahul@gmail.com | Type: worker | ID: 68ebb11513fb46399a5c8e7d | IP: ::1
2026-02-07T12:00:29.504Z | GET /api/check-session 304 | 0.530 ms | User: rahul@gmail.com | Type: worker | ID: 68ebb11513fb46399a5c8e7d | IP: ::1
2026-02-07T12:00:29.516Z | GET /api/check-session 304 | 0.365 ms | User: rahul@gmail.com | Type: worker | ID: 68ebb11513fb46399a5c8e7d | IP: ::1
2026-02-07T12:00:29.524Z | GET /api/check-session 304 | 0.293 ms | User: rahul@gmail.com | Type: worker | ID: 68ebb11513fb46399a5c8e7d | IP: ::1
2026-02-07T12:00:29.555Z | GET /api/check-session 304 | 2.431 ms | User: rahul@gmail.com | Type: worker | ID: 68ebb11513fb46399a5c8e7d | IP: ::1
2026-02-07T12:00:33.304Z | GET /api/check-session 304 | 0.302 ms | User: rahul@gmail.com | Type: worker | ID: 68ebb11513fb46399a5c8e7d | IP: ::1
2026-02-07T12:00:33.330Z | GET /api/check-session 304 | 0.354 ms | User: rahul@gmail.com | Type: worker | ID: 68ebb11513fb46399a5c8e7d | IP: ::1
2026-02-07T12:00:33.452Z | GET /api/properties 304 | 144.744 ms | User: rahul@gmail.com | Type: worker | ID: 68ebb11513fb46399a5c8e7d | IP: ::1
2026-02-07T12:00:33.508Z | GET /api/properties 304 | 46.170 ms | User: rahul@gmail.com | Type: worker | ID: 68ebb11513fb46399a5c8e7d | IP: ::1
2026-02-07T12:00:33.603Z | GET /api/slider-properties 304 | 289.965 ms | User: rahul@gmail.com | Type: worker | ID: 68ebb11513fb46399a5c8e7d | IP: ::1
2026-02-07T12:00:33.686Z | GET /api/slider-properties 304 | 74.404 ms | User: rahul@gmail.com | Type: worker | ID: 68ebb11513fb46399a5c8e7d | IP: ::1
2026-02-07T12:00:35.458Z | GET /api/workers 304 | 49.335 ms | User: rahul@gmail.com | Type: worker | ID: 68ebb11513fb46399a5c8e7d | IP: ::1
2026-02-07T12:00:35.484Z | GET /api/check-session 304 | 0.313 ms | User: rahul@gmail.com | Type: worker | ID: 68ebb11513fb46399a5c8e7d | IP: ::1
2026-02-07T12:00:35.499Z | GET /api/check-session 304 | 0.383 ms | User: rahul@gmail.com | Type: worker | ID: 68ebb11513fb46399a5c8e7d | IP: ::1
2026-02-07T12:00:35.516Z | GET /api/workers 304 | 44.754 ms | User: rahul@gmail.com | Type: worker | ID: 68ebb11513fb46399a5c8e7d | IP: ::1
2026-02-07T12:00:35.536Z | GET /api/workers/filters 304 | 134.620 ms | User: rahul@gmail.com | Type: worker | ID: 68ebb11513fb46399a5c8e7d | IP: ::1
2026-02-07T12:00:35.684Z | GET /api/workers/filters 304 | 133.621 ms | User: rahul@gmail.com | Type: worker | ID: 68ebb11513fb46399a5c8e7d | IP: ::1
2026-02-07T12:00:36.652Z | GET /api/check-session 304 | 0.459 ms | User: rahul@gmail.com | Type: worker | ID: 68ebb11513fb46399a5c8e7d | IP: ::1
2026-02-07T12:00:36.662Z | GET /api/check-session 304 | 0.868 ms | User: rahul@gmail.com | Type: worker | ID: 68ebb11513fb46399a5c8e7d | IP: ::1
2026-02-07T12:00:36.707Z | GET /api/workers/68ebb11513fb46399a5c8e7d 304 | 48.427 ms | User: rahul@gmail.com | Type: worker | ID: 68ebb11513fb46399a5c8e7d | IP: ::1
2026-02-07T12:00:36.765Z | GET /api/workers/68ebb11513fb46399a5c8e7d 304 | 44.557 ms | User: rahul@gmail.com | Type: worker | ID: 68ebb11513fb46399a5c8e7d | IP: ::1
2026-02-07T12:00:40.953Z | GET /api/check-session 304 | 0.529 ms | User: rahul@gmail.com | Type: worker | ID: 68ebb11513fb46399a5c8e7d | IP: ::1
2026-02-07T12:00:40.963Z | GET /api/check-session 304 | 0.480 ms | User: rahul@gmail.com | Type: worker | ID: 68ebb11513fb46399a5c8e7d | IP: ::1
2026-02-07T12:00:41.228Z | GET /api/search 304 | 273.522 ms | User: rahul@gmail.com | Type: worker | ID: 68ebb11513fb46399a5c8e7d | IP: ::1
2026-02-07T12:00:41.314Z | GET /api/search 304 | 76.304 ms | User: rahul@gmail.com | Type: worker | ID: 68ebb11513fb46399a5c8e7d | IP: ::1
2026-02-07T12:00:51.895Z | GET /api/properties 304 | 129.330 ms | User: rahul@gmail.com | Type: worker | ID: 68ebb11513fb46399a5c8e7d | IP: ::1
2026-02-07T12:00:51.955Z | GET /api/properties 304 | 49.264 ms | User: rahul@gmail.com | Type: worker | ID: 68ebb11513fb46399a5c8e7d | IP: ::1
2026-02-07T12:00:52.029Z | GET /api/slider-properties 304 | 261.257 ms | User: rahul@gmail.com | Type: worker | ID: 68ebb11513fb46399a5c8e7d | IP: ::1
2026-02-07T12:00:52.115Z | GET /api/slider-properties 304 | 75.887 ms | User: rahul@gmail.com | Type: worker | ID: 68ebb11513fb46399a5c8e7d | IP: ::1
2026-02-07T12:02:41.111Z | GET /api/logout 200 | 4.946 ms | User: guest | Type: none | ID: - | IP: ::1
2026-02-07T12:02:41.771Z | GET /api/check-session 200 | 1.491 ms | User: guest | Type: none | ID: - | IP: ::1
2026-02-07T12:02:41.802Z | GET /api/check-session 304 | 0.765 ms | User: guest | Type: none | ID: - | IP: ::1
2026-02-07T12:02:41.903Z | GET /api/properties 304 | 120.935 ms | User: guest | Type: none | ID: - | IP: ::1
2026-02-07T12:02:41.963Z | GET /api/properties 304 | 43.443 ms | User: guest | Type: none | ID: - | IP: ::1
2026-02-07T12:02:42.002Z | GET /api/slider-properties 304 | 203.706 ms | User: guest | Type: none | ID: - | IP: ::1
2026-02-07T12:02:42.105Z | GET /api/slider-properties 304 | 79.531 ms | User: guest | Type: none | ID: - | IP: ::1
2026-02-07T12:04:53.750Z | GET /auth/google 302 | 5.086 ms | User: guest | Type: none | ID: - | IP: ::1
2026-02-07T12:05:04.492Z | GET /auth/google/callback?code=4%2F0ASc3gC0XS_M8ZWsbvwf4xU_Kb2dhhuH73olOxIeLvbP7xI4biQKGznFMlCLTt1XZclnASw&scope=email+profile+https%3A%2F%2Fwww.googleapis.com%2Fauth%2Fuserinfo.profile+https%3A%2F%2Fwww.googleapis.com%2Fauth%2Fuserinfo.email+openid&authuser=0&prompt=none 302 | 872.705 ms | User: revanthkumardompaka@gmail.com | Type: owner | ID: 68eb99d49d34a83fba0cca8a | IP: ::1
2026-02-07T12:05:05.947Z | GET /api/check-session 200 | 3.228 ms | User: revanthkumardompaka@gmail.com | Type: owner | ID: 68eb99d49d34a83fba0cca8a | IP: ::1
2026-02-07T12:05:06.041Z | GET /api/check-session 304 | 0.943 ms | User: revanthkumardompaka@gmail.com | Type: owner | ID: 68eb99d49d34a83fba0cca8a | IP: ::1
2026-02-07T12:05:06.101Z | GET /api/properties 304 | 137.158 ms | User: revanthkumardompaka@gmail.com | Type: owner | ID: 68eb99d49d34a83fba0cca8a | IP: ::1
2026-02-07T12:05:06.150Z | GET /api/slider-properties 304 | 216.336 ms | User: revanthkumardompaka@gmail.com | Type: owner | ID: 68eb99d49d34a83fba0cca8a | IP: ::1
2026-02-07T12:05:06.266Z | GET /api/properties 304 | 49.391 ms | User: revanthkumardompaka@gmail.com | Type: owner | ID: 68eb99d49d34a83fba0cca8a | IP: ::1
2026-02-07T12:05:06.288Z | GET /api/slider-properties 304 | 59.023 ms | User: revanthkumardompaka@gmail.com | Type: owner | ID: 68eb99d49d34a83fba0cca8a | IP: ::1
2026-02-07T12:05:08.724Z | GET /api/logout 304 | 1.362 ms | User: guest | Type: none | ID: - | IP: ::1
2026-02-07T12:05:09.246Z | GET /api/check-session 200 | 0.435 ms | User: guest | Type: none | ID: - | IP: ::1
2026-02-07T12:05:09.330Z | GET /api/check-session 304 | 3.940 ms | User: guest | Type: none | ID: - | IP: ::1
2026-02-07T12:05:09.380Z | GET /api/properties 304 | 116.558 ms | User: guest | Type: none | ID: - | IP: ::1
2026-02-07T12:05:09.431Z | GET /api/properties 304 | 40.616 ms | User: guest | Type: none | ID: - | IP: ::1
2026-02-07T12:05:09.547Z | GET /api/slider-properties 304 | 245.362 ms | User: guest | Type: none | ID: - | IP: ::1
2026-02-07T12:05:09.687Z | GET /api/slider-properties 304 | 131.563 ms | User: guest | Type: none | ID: - | IP: ::1
2026-02-09T15:05:22.615Z | GET /api/check-session 304 | 5.204 ms | User: guest | Type: none | ID: - | IP: ::1
2026-02-09T15:05:22.640Z | GET /api/check-session 304 | 0.542 ms | User: guest | Type: none | ID: - | IP: ::1
2026-02-09T15:05:22.773Z | GET /api/properties 304 | 154.440 ms | User: guest | Type: none | ID: - | IP: ::1
2026-02-09T15:05:22.869Z | GET /api/properties 304 | 86.544 ms | User: guest | Type: none | ID: - | IP: ::1
2026-02-09T15:05:22.927Z | GET /api/slider-properties 304 | 293.255 ms | User: guest | Type: none | ID: - | IP: ::1
2026-02-09T15:05:23.058Z | GET /api/slider-properties 304 | 123.064 ms | User: guest | Type: none | ID: - | IP: ::1
2026-02-09T15:05:38.448Z | GET /api/check-session 304 | 0.294 ms | User: guest | Type: none | ID: - | IP: ::1
2026-02-09T15:05:38.457Z | GET /api/check-session 304 | 0.415 ms | User: guest | Type: none | ID: - | IP: ::1
2026-02-09T15:05:38.720Z | GET /api/search 304 | 271.048 ms | User: guest | Type: none | ID: - | IP: ::1
2026-02-09T15:05:38.842Z | GET /api/search 304 | 112.972 ms | User: guest | Type: none | ID: - | IP: ::1
2026-02-09T15:05:43.528Z | GET /api/property/68ebbac5c7adb61e0ff3c93e 200 | 111.138 ms | User: guest | Type: none | ID: - | IP: ::1
2026-02-09T15:05:43.562Z | GET /api/property/68ebbac5c7adb61e0ff3c93e 304 | 31.299 ms | User: guest | Type: none | ID: - | IP: ::1
2026-02-09T15:05:47.538Z | GET /api/check-session 304 | 0.285 ms | User: guest | Type: none | ID: - | IP: ::1
2026-02-09T15:05:47.544Z | GET /api/check-session 304 | 0.307 ms | User: guest | Type: none | ID: - | IP: ::1
2026-02-09T15:05:51.810Z | GET /api/check-session 304 | 0.212 ms | User: guest | Type: none | ID: - | IP: ::1
2026-02-09T15:05:51.817Z | GET /api/check-session 304 | 0.231 ms | User: guest | Type: none | ID: - | IP: ::1
2026-02-09T15:05:51.822Z | GET /api/check-session 304 | 0.213 ms | User: guest | Type: none | ID: - | IP: ::1
2026-02-09T15:05:51.830Z | GET /api/check-session 304 | 0.331 ms | User: guest | Type: none | ID: - | IP: ::1
2026-02-09T15:06:26.672Z | GET /api/check-session 304 | 0.271 ms | User: guest | Type: none | ID: - | IP: ::1
2026-02-09T15:06:26.678Z | GET /api/check-session 304 | 0.258 ms | User: guest | Type: none | ID: - | IP: ::1
2026-02-09T15:06:26.759Z | GET /api/properties 304 | 85.445 ms | User: guest | Type: none | ID: - | IP: ::1
2026-02-09T15:06:26.799Z | GET /api/properties 304 | 35.604 ms | User: guest | Type: none | ID: - | IP: ::1
2026-02-09T15:06:26.855Z | GET /api/slider-properties 304 | 179.482 ms | User: guest | Type: none | ID: - | IP: ::1
2026-02-09T15:06:26.940Z | GET /api/slider-properties 304 | 78.554 ms | User: guest | Type: none | ID: - | IP: ::1
2026-02-09T15:06:42.619Z | GET /api/check-session 304 | 0.253 ms | User: guest | Type: none | ID: - | IP: ::1
2026-02-09T15:06:42.626Z | GET /api/check-session 304 | 0.193 ms | User: guest | Type: none | ID: - | IP: ::1
2026-02-09T15:06:42.650Z | GET /api/search?location=chennai&query=T+Nagar&property-type=house 200 | 27.537 ms | User: guest | Type: none | ID: - | IP: ::1
2026-02-09T15:06:42.686Z | GET /api/search?location=chennai&query=T+Nagar&property-type=house 304 | 29.018 ms | User: guest | Type: none | ID: - | IP: ::1
2026-02-09T15:06:44.520Z | GET /api/properties 304 | 96.428 ms | User: guest | Type: none | ID: - | IP: ::1
2026-02-09T15:06:44.566Z | GET /api/properties 304 | 34.724 ms | User: guest | Type: none | ID: - | IP: ::1
2026-02-09T15:06:44.620Z | GET /api/slider-properties 304 | 195.534 ms | User: guest | Type: none | ID: - | IP: ::1
2026-02-09T15:06:44.725Z | GET /api/slider-properties 304 | 97.026 ms | User: guest | Type: none | ID: - | IP: ::1
2026-02-09T15:06:46.358Z | GET /api/check-session 304 | 0.203 ms | User: guest | Type: none | ID: - | IP: ::1
2026-02-09T15:06:46.363Z | GET /api/check-session 304 | 0.163 ms | User: guest | Type: none | ID: - | IP: ::1
2026-02-09T15:06:46.534Z | GET /api/search 304 | 174.950 ms | User: guest | Type: none | ID: - | IP: ::1
2026-02-09T15:06:46.637Z | GET /api/search 304 | 92.644 ms | User: guest | Type: none | ID: - | IP: ::1
2026-02-09T15:06:57.185Z | GET /api/properties 304 | 124.049 ms | User: guest | Type: none | ID: - | IP: ::1
2026-02-09T15:06:57.228Z | GET /api/properties 304 | 30.491 ms | User: guest | Type: none | ID: - | IP: ::1
2026-02-09T15:06:57.276Z | GET /api/slider-properties 304 | 211.277 ms | User: guest | Type: none | ID: - | IP: ::1
2026-02-09T15:06:57.354Z | GET /api/slider-properties 304 | 70.419 ms | User: guest | Type: none | ID: - | IP: ::1
2026-02-09T15:07:03.882Z | GET /api/check-session 304 | 0.342 ms | User: guest | Type: none | ID: - | IP: ::1
2026-02-09T15:07:03.889Z | GET /api/check-session 304 | 0.272 ms | User: guest | Type: none | ID: - | IP: ::1
2026-02-09T15:07:03.974Z | GET /api/search?location=chennai&query=CHEPAK+STADIUM&property-type=apartment 200 | 89.889 ms | User: guest | Type: none | ID: - | IP: ::1
2026-02-09T15:07:04.018Z | GET /api/search?location=chennai&query=CHEPAK+STADIUM&property-type=apartment 304 | 36.203 ms | User: guest | Type: none | ID: - | IP: ::1
2026-02-09T15:07:05.942Z | GET /api/properties 304 | 100.042 ms | User: guest | Type: none | ID: - | IP: ::1
2026-02-09T15:07:06.001Z | GET /api/properties 304 | 51.756 ms | User: guest | Type: none | ID: - | IP: ::1
2026-02-09T15:07:06.050Z | GET /api/slider-properties 304 | 205.730 ms | User: guest | Type: none | ID: - | IP: ::1
2026-02-09T15:07:06.188Z | GET /api/slider-properties 304 | 131.725 ms | User: guest | Type: none | ID: - | IP: ::1
2026-02-09T15:07:52.811Z | GET /api/check-session 304 | 0.274 ms | User: guest | Type: none | ID: - | IP: ::1
2026-02-09T15:07:52.816Z | GET /api/check-session 304 | 0.284 ms | User: guest | Type: none | ID: - | IP: ::1
2026-02-09T15:09:38.605Z | POST /login 200 | 52.549 ms | User: revanthkumardompaka@gmail.com | Type: owner | ID: 68eb99d49d34a83fba0cca8a | IP: ::1
2026-02-09T15:09:38.906Z | GET /api/check-session 200 | 0.430 ms | User: revanthkumardompaka@gmail.com | Type: owner | ID: 68eb99d49d34a83fba0cca8a | IP: ::1
2026-02-09T15:09:38.915Z | GET /api/check-session 304 | 0.217 ms | User: revanthkumardompaka@gmail.com | Type: owner | ID: 68eb99d49d34a83fba0cca8a | IP: ::1
2026-02-09T15:09:38.921Z | GET /api/check-session 304 | 0.328 ms | User: revanthkumardompaka@gmail.com | Type: owner | ID: 68eb99d49d34a83fba0cca8a | IP: ::1
2026-02-09T15:09:38.926Z | GET /api/check-session 304 | 0.281 ms | User: revanthkumardompaka@gmail.com | Type: owner | ID: 68eb99d49d34a83fba0cca8a | IP: ::1
2026-02-09T15:09:39.653Z | GET /api/owner/dashboard 200 | 741.282 ms | User: revanthkumardompaka@gmail.com | Type: owner | ID: 68eb99d49d34a83fba0cca8a | IP: ::1
2026-02-09T15:09:40.230Z | GET /api/owner/dashboard 304 | 567.067 ms | User: revanthkumardompaka@gmail.com | Type: owner | ID: 68eb99d49d34a83fba0cca8a | IP: ::1
2026-02-09T15:11:26.304Z | GET /api/logout 200 | 0.843 ms | User: guest | Type: none | ID: - | IP: ::1
2026-02-09T15:11:26.373Z | GET /api/slider-properties - | - ms | User: guest | Type: none | ID: - | IP: ::1
2026-02-09T15:11:26.374Z | GET /api/properties - | - ms | User: guest | Type: none | ID: - | IP: ::1
2026-02-09T15:11:26.657Z | GET /api/check-session 200 | 0.176 ms | User: guest | Type: none | ID: - | IP: ::1
2026-02-09T15:11:26.663Z | GET /api/check-session 304 | 0.233 ms | User: guest | Type: none | ID: - | IP: ::1
2026-02-09T15:11:26.692Z | GET /api/properties 200 | 33.814 ms | User: guest | Type: none | ID: - | IP: ::1
2026-02-09T15:11:26.741Z | GET /api/properties 304 | 44.116 ms | User: guest | Type: none | ID: - | IP: ::1
2026-02-09T15:11:26.778Z | GET /api/slider-properties 200 | 118.000 ms | User: guest | Type: none | ID: - | IP: ::1
2026-02-09T15:11:26.867Z | GET /api/slider-properties 304 | 81.326 ms | User: guest | Type: none | ID: - | IP: ::1
2026-02-09T15:11:30.075Z | GET /api/check-session 304 | 0.155 ms | User: guest | Type: none | ID: - | IP: ::1
2026-02-09T15:11:30.079Z | GET /api/owner/dashboard 401 | 2.613 ms | User: guest | Type: none | ID: - | IP: ::1
2026-02-09T15:11:30.080Z | GET /api/check-session 304 | 0.216 ms | User: guest | Type: none | ID: - | IP: ::1
2026-02-09T15:11:30.086Z | GET /api/owner/dashboard 401 | 0.735 ms | User: guest | Type: none | ID: - | IP: ::1
2026-02-09T15:11:30.087Z | GET /api/check-session 304 | 0.252 ms | User: guest | Type: none | ID: - | IP: ::1
2026-02-09T15:11:30.092Z | GET /api/check-session 304 | 0.425 ms | User: guest | Type: none | ID: - | IP: ::1
2026-02-09T15:26:13.800Z | GET /api/check-session 304 | 0.357 ms | User: guest | Type: none | ID: - | IP: ::1
2026-02-09T15:26:13.808Z | GET /api/check-session 304 | 0.276 ms | User: guest | Type: none | ID: - | IP: ::1
2026-02-09T15:26:13.983Z | GET /api/search 304 | 178.671 ms | User: guest | Type: none | ID: - | IP: ::1
2026-02-09T15:26:14.061Z | GET /api/search 304 | 73.356 ms | User: guest | Type: none | ID: - | IP: ::1
2026-02-09T15:28:46.123Z | GET /api/check-session 304 | 4.896 ms | User: guest | Type: none | ID: - | IP: ::1
2026-02-09T15:28:46.130Z | GET /api/check-session 304 | 1.008 ms | User: guest | Type: none | ID: - | IP: ::1
2026-02-09T15:29:03.363Z | GET /api/check-session 304 | 0.623 ms | User: guest | Type: none | ID: - | IP: ::1
2026-02-09T15:29:03.387Z | GET /api/check-session 304 | 0.609 ms | User: guest | Type: none | ID: - | IP: ::1
2026-02-09T15:29:03.576Z | GET /api/search 304 | 208.007 ms | User: guest | Type: none | ID: - | IP: ::1
2026-02-09T15:29:03.654Z | GET /api/search 304 | 68.922 ms | User: guest | Type: none | ID: - | IP: ::1
2026-02-09T15:29:05.433Z | GET /api/properties 304 | 109.653 ms | User: guest | Type: none | ID: - | IP: ::1
2026-02-09T15:29:05.472Z | GET /api/properties 304 | 31.322 ms | User: guest | Type: none | ID: - | IP: ::1
2026-02-09T15:29:05.596Z | GET /api/slider-properties 304 | 269.726 ms | User: guest | Type: none | ID: - | IP: ::1
2026-02-09T15:29:05.677Z | GET /api/slider-properties 304 | 72.557 ms | User: guest | Type: none | ID: - | IP: ::1
2026-02-09T15:31:26.907Z | GET /api/check-session 304 | 5.794 ms | User: guest | Type: none | ID: - | IP: ::1
2026-02-09T15:31:26.936Z | GET /api/check-session 304 | 0.901 ms | User: guest | Type: none | ID: - | IP: ::1
2026-02-09T15:31:27.118Z | GET /api/search 304 | 203.376 ms | User: guest | Type: none | ID: - | IP: ::1
2026-02-09T15:31:27.236Z | GET /api/search 304 | 111.390 ms | User: guest | Type: none | ID: - | IP: ::1
2026-02-09T15:31:28.628Z | GET /api/workers 200 | 47.290 ms | User: guest | Type: none | ID: - | IP: ::1
2026-02-09T15:31:28.651Z | GET /api/check-session 304 | 0.450 ms | User: guest | Type: none | ID: - | IP: ::1
2026-02-09T15:31:28.658Z | GET /api/check-session 304 | 0.254 ms | User: guest | Type: none | ID: - | IP: ::1
2026-02-09T15:31:28.663Z | GET /api/workers/filters 200 | 89.914 ms | User: guest | Type: none | ID: - | IP: ::1
2026-02-09T15:31:28.670Z | GET /api/workers 304 | 32.775 ms | User: guest | Type: none | ID: - | IP: ::1
2026-02-09T15:31:28.755Z | GET /api/workers/filters 304 | 81.400 ms | User: guest | Type: none | ID: - | IP: ::1
2026-02-09T16:34:44.665Z | POST /api/login 404 | 1.365 ms | User: guest | Type: none | ID: - | IP: ::1
2026-02-09T16:34:55.566Z | POST /login 400 | 0.552 ms | User: guest | Type: none | ID: - | IP: ::1
2026-02-09T16:35:31.518Z | POST /login 200 | 40.615 ms | User: guest | Type: none | ID: - | IP: ::1
2026-02-09T16:37:25.805Z | GET /api/check-session 302 | 1.807 ms | User: guest | Type: none | ID: - | IP: ::1
2026-02-09T16:37:25.812Z | GET /api/check-session 302 | 0.285 ms | User: guest | Type: none | ID: - | IP: ::1
2026-02-09T16:37:25.842Z | GET /api/workers 304 | 33.642 ms | User: guest | Type: none | ID: - | IP: ::1
2026-02-09T16:37:25.846Z | GET /api/me 200 | 0.471 ms | User: guest | Type: none | ID: - | IP: ::1
2026-02-09T16:37:25.852Z | GET /api/me 304 | 0.225 ms | User: guest | Type: none | ID: - | IP: ::1
2026-02-09T16:37:25.874Z | GET /api/check-session 302 | 0.201 ms | User: guest | Type: none | ID: - | IP: ::1
2026-02-09T16:37:25.879Z | GET /api/workers 304 | 29.170 ms | User: guest | Type: none | ID: - | IP: ::1
2026-02-09T16:37:25.885Z | GET /api/check-session 302 | 0.243 ms | User: guest | Type: none | ID: - | IP: ::1
2026-02-09T16:37:25.890Z | GET /api/me 304 | 0.263 ms | User: guest | Type: none | ID: - | IP: ::1
2026-02-09T16:37:25.896Z | GET /api/me 304 | 0.249 ms | User: guest | Type: none | ID: - | IP: ::1
2026-02-09T16:37:25.900Z | GET /api/workers/filters 304 | 94.155 ms | User: guest | Type: none | ID: - | IP: ::1
2026-02-09T16:37:25.989Z | GET /api/workers/filters 304 | 84.489 ms | User: guest | Type: none | ID: - | IP: ::1
2026-02-09T16:39:09.773Z | GET /api/check-session 302 | 0.340 ms | User: guest | Type: none | ID: - | IP: ::1
2026-02-09T16:39:09.779Z | GET /api/check-session 302 | 0.344 ms | User: guest | Type: none | ID: - | IP: ::1
2026-02-09T16:39:09.792Z | GET /api/me 304 | 0.207 ms | User: guest | Type: none | ID: - | IP: ::1
2026-02-09T16:39:09.799Z | GET /api/me 304 | 0.145 ms | User: guest | Type: none | ID: - | IP: ::1
2026-02-09T16:39:09.804Z | GET /api/workers 304 | 29.038 ms | User: guest | Type: none | ID: - | IP: ::1
2026-02-09T16:39:09.826Z | GET /api/check-session 302 | 0.264 ms | User: guest | Type: none | ID: - | IP: ::1
2026-02-09T16:39:09.832Z | GET /api/check-session 302 | 0.164 ms | User: guest | Type: none | ID: - | IP: ::1
2026-02-09T16:39:09.834Z | GET /api/me 304 | 0.243 ms | User: guest | Type: none | ID: - | IP: ::1
2026-02-09T16:39:09.839Z | GET /api/workers 304 | 29.338 ms | User: guest | Type: none | ID: - | IP: ::1
2026-02-09T16:39:09.841Z | GET /api/me 304 | 0.211 ms | User: guest | Type: none | ID: - | IP: ::1
2026-02-09T16:39:09.858Z | GET /api/workers/filters 304 | 83.852 ms | User: guest | Type: none | ID: - | IP: ::1
2026-02-09T16:39:09.947Z | GET /api/workers/filters 304 | 84.522 ms | User: guest | Type: none | ID: - | IP: ::1
2026-02-09T16:39:11.310Z | GET /api/check-session 302 | 0.359 ms | User: guest | Type: none | ID: - | IP: ::1
2026-02-09T16:39:11.320Z | GET /api/check-session 302 | 0.443 ms | User: guest | Type: none | ID: - | IP: ::1
2026-02-09T16:39:11.324Z | GET /api/me 304 | 0.312 ms | User: guest | Type: none | ID: - | IP: ::1
2026-02-09T16:39:11.331Z | GET /api/me 304 | 0.384 ms | User: guest | Type: none | ID: - | IP: ::1
2026-02-09T16:39:11.528Z | GET /api/search 200 | 212.249 ms | User: guest | Type: none | ID: - | IP: ::1
2026-02-09T16:39:11.619Z | GET /api/search 304 | 80.548 ms | User: guest | Type: none | ID: - | IP: ::1
2026-02-09T16:39:13.181Z | GET /api/properties 304 | 91.586 ms | User: guest | Type: none | ID: - | IP: ::1
2026-02-09T16:39:13.220Z | GET /api/properties 304 | 30.586 ms | User: guest | Type: none | ID: - | IP: ::1
2026-02-09T16:39:13.260Z | GET /api/slider-properties 304 | 164.888 ms | User: guest | Type: none | ID: - | IP: ::1
2026-02-09T16:39:13.321Z | GET /api/slider-properties 304 | 53.028 ms | User: guest | Type: none | ID: - | IP: ::1
2026-02-09T16:39:18.863Z | OPTIONS /login 404 | 1.262 ms | User: guest | Type: none | ID: - | IP: ::1
2026-02-09T16:39:20.166Z | OPTIONS /login 404 | 0.694 ms | User: guest | Type: none | ID: - | IP: ::1
2026-02-09T16:39:20.820Z | OPTIONS /login 404 | 0.561 ms | User: guest | Type: none | ID: - | IP: ::1
2026-02-09T16:39:21.292Z | OPTIONS /login 404 | 0.308 ms | User: guest | Type: none | ID: - | IP: ::1
2026-02-09T16:39:21.500Z | OPTIONS /login 404 | 0.414 ms | User: guest | Type: none | ID: - | IP: ::1
2026-02-09T16:39:21.721Z | OPTIONS /login 404 | 0.166 ms | User: guest | Type: none | ID: - | IP: ::1
2026-02-09T16:39:27.429Z | OPTIONS /login 404 | 0.295 ms | User: guest | Type: none | ID: - | IP: ::1
2026-02-09T16:42:29.621Z | OPTIONS /login 404 | 0.292 ms | User: guest | Type: none | ID: - | IP: ::1
2026-02-09T16:42:30.597Z | OPTIONS /login 404 | 0.185 ms | User: guest | Type: none | ID: - | IP: ::1
2026-02-09T16:42:31.148Z | OPTIONS /login 404 | 0.360 ms | User: guest | Type: none | ID: - | IP: ::1
2026-02-09T16:42:31.344Z | OPTIONS /login 404 | 0.339 ms | User: guest | Type: none | ID: - | IP: ::1
2026-02-09T16:42:31.565Z | OPTIONS /login 404 | 0.270 ms | User: guest | Type: none | ID: - | IP: ::1
2026-02-09T16:42:31.792Z | OPTIONS /login 404 | 0.363 ms | User: guest | Type: none | ID: - | IP: ::1
2026-02-09T16:43:02.753Z | OPTIONS /login 404 | 0.184 ms | User: guest | Type: none | ID: - | IP: ::1
2026-02-09T16:43:42.519Z | OPTIONS /login 404 | 0.109 ms | User: guest | Type: none | ID: - | IP: ::1
2026-02-09T16:44:29.746Z | OPTIONS /login 404 | 0.308 ms | User: guest | Type: none | ID: - | IP: ::1
2026-02-09T16:49:48.063Z | OPTIONS /login 404 | 0.180 ms | User: guest | Type: none | ID: - | IP: ::1
2026-02-09T16:57:15.786Z | OPTIONS /login 404 | 0.186 ms | User: guest | Type: none | ID: - | IP: ::1
2026-02-09T17:28:23.286Z | OPTIONS /login 404 | 0.493 ms | User: guest | Type: none | ID: - | IP: ::1
2026-02-09T17:37:45.609Z | OPTIONS /login 404 | 0.452 ms | User: guest | Type: none | ID: - | IP: ::1
2026-02-09T17:37:54.341Z | GET /auth/google 302 | 11.542 ms | User: guest | Type: none | ID: - | IP: ::1
2026-02-09T17:41:28.279Z | OPTIONS /login 404 | 0.383 ms | User: guest | Type: none | ID: - | IP: ::1
2026-02-09T17:41:35.410Z | OPTIONS /login 404 | 0.311 ms | User: guest | Type: none | ID: - | IP: ::1
2026-02-09T17:42:57.587Z | OPTIONS /login 404 | 1.597 ms | User: guest | Type: none | ID: - | IP: ::1
2026-02-09T17:44:15.698Z | OPTIONS /login 404 | 0.510 ms | User: guest | Type: none | ID: - | IP: ::1
2026-02-09T17:49:06.344Z | OPTIONS /login 404 | 0.358 ms | User: guest | Type: none | ID: - | IP: ::1
2026-02-09T17:52:45.710Z | GET /api/check-session 302 | 2.085 ms | User: guest | Type: none | ID: - | IP: ::1
2026-02-09T17:52:45.744Z | GET /api/check-session 302 | 5.390 ms | User: guest | Type: none | ID: - | IP: ::1
2026-02-09T17:52:45.750Z | GET /api/me 304 | 0.313 ms | User: guest | Type: none | ID: - | IP: ::1
2026-02-09T17:52:45.758Z | GET /api/me 304 | 0.338 ms | User: guest | Type: none | ID: - | IP: ::1
2026-02-09T17:52:45.828Z | GET /api/properties 304 | 113.258 ms | User: guest | Type: none | ID: - | IP: ::1
2026-02-09T17:52:45.872Z | GET /api/properties 304 | 33.834 ms | User: guest | Type: none | ID: - | IP: ::1
2026-02-09T17:52:45.915Z | GET /api/slider-properties 304 | 180.851 ms | User: guest | Type: none | ID: - | IP: ::1
2026-02-09T17:52:45.991Z | GET /api/slider-properties 304 | 66.483 ms | User: guest | Type: none | ID: - | IP: ::1
2026-02-09T17:52:53.718Z | OPTIONS /api/auth/login 404 | 0.453 ms | User: guest | Type: none | ID: - | IP: ::1
2026-02-09T17:53:03.668Z | GET /api/auth/login 404 | 14.871 ms | User: guest | Type: none | ID: - | IP: ::1
2026-02-09T17:59:51.635Z | OPTIONS /api/auth/login 404 | 0.354 ms | User: guest | Type: none | ID: - | IP: ::1
2026-02-09T18:01:12.478Z | GET /login 302 | 2.741 ms | User: guest | Type: none | ID: - | IP: ::1
2026-02-09T18:01:12.494Z | GET /login 302 | 0.774 ms | User: guest | Type: none | ID: - | IP: ::1
2026-02-09T18:01:12.504Z | GET /login 302 | 0.373 ms | User: guest | Type: none | ID: - | IP: ::1
2026-02-09T18:01:12.517Z | GET /login 302 | 0.386 ms | User: guest | Type: none | ID: - | IP: ::1
2026-02-09T18:01:12.528Z | GET /login 302 | 0.169 ms | User: guest | Type: none | ID: - | IP: ::1
2026-02-09T18:01:12.539Z | GET /login 302 | 0.348 ms | User: guest | Type: none | ID: - | IP: ::1
2026-02-09T18:01:12.551Z | GET /login 302 | 0.263 ms | User: guest | Type: none | ID: - | IP: ::1
2026-02-09T18:01:12.563Z | GET /login 302 | 0.365 ms | User: guest | Type: none | ID: - | IP: ::1
2026-02-09T18:01:12.574Z | GET /login 302 | 0.562 ms | User: guest | Type: none | ID: - | IP: ::1
2026-02-09T18:01:12.585Z | GET /login 302 | 0.398 ms | User: guest | Type: none | ID: - | IP: ::1
2026-02-09T18:01:12.595Z | GET /login 302 | 0.251 ms | User: guest | Type: none | ID: - | IP: ::1
2026-02-09T18:01:12.607Z | GET /login 302 | 0.276 ms | User: guest | Type: none | ID: - | IP: ::1
2026-02-09T18:01:12.618Z | GET /login 302 | 0.353 ms | User: guest | Type: none | ID: - | IP: ::1
2026-02-09T18:01:12.631Z | GET /login 302 | 0.437 ms | User: guest | Type: none | ID: - | IP: ::1
2026-02-09T18:01:12.642Z | GET /login 302 | 0.279 ms | User: guest | Type: none | ID: - | IP: ::1
2026-02-09T18:01:12.654Z | GET /login 302 | 0.528 ms | User: guest | Type: none | ID: - | IP: ::1
2026-02-09T18:01:12.665Z | GET /login 302 | 0.340 ms | User: guest | Type: none | ID: - | IP: ::1
2026-02-09T18:01:12.675Z | GET /login 302 | 0.303 ms | User: guest | Type: none | ID: - | IP: ::1
2026-02-09T18:01:12.685Z | GET /login 302 | 0.338 ms | User: guest | Type: none | ID: - | IP: ::1
2026-02-09T18:01:12.696Z | GET /login 302 | 0.342 ms | User: guest | Type: none | ID: - | IP: ::1
2026-02-09T18:01:13.810Z | GET /login 302 | 0.346 ms | User: guest | Type: none | ID: - | IP: ::1
2026-02-09T18:01:13.824Z | GET /login 302 | 0.335 ms | User: guest | Type: none | ID: - | IP: ::1
2026-02-09T18:01:13.834Z | GET /login 302 | 0.211 ms | User: guest | Type: none | ID: - | IP: ::1
2026-02-09T18:01:13.847Z | GET /login 302 | 0.332 ms | User: guest | Type: none | ID: - | IP: ::1
2026-02-09T18:01:13.858Z | GET /login 302 | 0.265 ms | User: guest | Type: none | ID: - | IP: ::1
2026-02-09T18:01:13.869Z | GET /login 302 | 0.256 ms | User: guest | Type: none | ID: - | IP: ::1
2026-02-09T18:01:13.880Z | GET /login 302 | 0.269 ms | User: guest | Type: none | ID: - | IP: ::1
2026-02-09T18:01:13.894Z | GET /login 302 | 0.251 ms | User: guest | Type: none | ID: - | IP: ::1
2026-02-09T18:01:13.912Z | GET /login 302 | 0.425 ms | User: guest | Type: none | ID: - | IP: ::1
2026-02-09T18:01:13.928Z | GET /login 302 | 0.270 ms | User: guest | Type: none | ID: - | IP: ::1
2026-02-09T18:01:13.944Z | GET /login 302 | 1.153 ms | User: guest | Type: none | ID: - | IP: ::1
2026-02-09T18:01:13.953Z | GET /login 302 | 0.311 ms | User: guest | Type: none | ID: - | IP: ::1
2026-02-09T18:01:13.967Z | GET /login 302 | 0.266 ms | User: guest | Type: none | ID: - | IP: ::1
2026-02-09T18:01:14.019Z | GET /login 302 | 0.324 ms | User: guest | Type: none | ID: - | IP: ::1
2026-02-09T18:01:14.035Z | GET /login 302 | 0.570 ms | User: guest | Type: none | ID: - | IP: ::1
2026-02-09T18:01:14.047Z | GET /login 302 | 0.256 ms | User: guest | Type: none | ID: - | IP: ::1
2026-02-09T18:01:14.064Z | GET /login 302 | 0.262 ms | User: guest | Type: none | ID: - | IP: ::1
2026-02-09T18:01:14.080Z | GET /login 302 | 0.260 ms | User: guest | Type: none | ID: - | IP: ::1
2026-02-09T18:01:14.092Z | GET /login 302 | 0.243 ms | User: guest | Type: none | ID: - | IP: ::1
2026-02-09T18:01:14.104Z | GET /login 302 | 0.311 ms | User: guest | Type: none | ID: - | IP: ::1
2026-02-09T18:01:19.154Z | GET /login 302 | 0.268 ms | User: guest | Type: none | ID: - | IP: ::1
2026-02-09T18:01:19.173Z | GET /login 302 | 0.245 ms | User: guest | Type: none | ID: - | IP: ::1
2026-02-09T18:01:19.202Z | GET /login 302 | 0.216 ms | User: guest | Type: none | ID: - | IP: ::1
2026-02-09T18:01:19.230Z | GET /login 302 | 0.233 ms | User: guest | Type: none | ID: - | IP: ::1
2026-02-09T18:01:19.282Z | GET /login 302 | 0.236 ms | User: guest | Type: none | ID: - | IP: ::1
2026-02-09T18:01:19.315Z | GET /login 302 | 0.226 ms | User: guest | Type: none | ID: - | IP: ::1
2026-02-09T18:01:19.342Z | GET /login 302 | 0.191 ms | User: guest | Type: none | ID: - | IP: ::1
2026-02-09T18:01:19.484Z | GET /login 302 | 0.187 ms | User: guest | Type: none | ID: - | IP: ::1
2026-02-09T18:01:19.503Z | GET /login 302 | 0.299 ms | User: guest | Type: none | ID: - | IP: ::1
2026-02-09T18:01:19.546Z | GET /login 302 | 0.226 ms | User: guest | Type: none | ID: - | IP: ::1
2026-02-09T18:01:19.599Z | GET /login 302 | 0.173 ms | User: guest | Type: none | ID: - | IP: ::1
2026-02-09T18:01:19.620Z | GET /login 302 | 0.229 ms | User: guest | Type: none | ID: - | IP: ::1
2026-02-09T18:01:19.636Z | GET /login 302 | 0.215 ms | User: guest | Type: none | ID: - | IP: ::1
2026-02-09T18:01:19.651Z | GET /login 302 | 0.202 ms | User: guest | Type: none | ID: - | IP: ::1
2026-02-09T18:01:19.681Z | GET /login 302 | 0.192 ms | User: guest | Type: none | ID: - | IP: ::1
2026-02-09T18:01:19.699Z | GET /login 302 | 0.234 ms | User: guest | Type: none | ID: - | IP: ::1
2026-02-09T18:01:19.717Z | GET /login 302 | 0.197 ms | User: guest | Type: none | ID: - | IP: ::1
2026-02-09T18:01:19.740Z | GET /login 302 | 0.206 ms | User: guest | Type: none | ID: - | IP: ::1
2026-02-09T18:01:19.760Z | GET /login 302 | 0.145 ms | User: guest | Type: none | ID: - | IP: ::1
2026-02-09T18:01:19.793Z | GET /login 302 | 0.272 ms | User: guest | Type: none | ID: - | IP: ::1
2026-02-09T18:01:25.409Z | GET /login.jpg 404 | 0.445 ms | User: guest | Type: none | ID: - | IP: ::1
2026-02-09T18:01:34.205Z | GET /api/check-session 302 | 0.212 ms | User: guest | Type: none | ID: - | IP: ::1
2026-02-09T18:01:34.238Z | GET /api/check-session 302 | 0.189 ms | User: guest | Type: none | ID: - | IP: ::1
2026-02-09T18:01:34.364Z | GET /api/properties 304 | 145.824 ms | User: guest | Type: none | ID: - | IP: ::1
2026-02-09T18:01:34.373Z | GET /api/me 304 | 0.274 ms | User: guest | Type: none | ID: - | IP: ::1
2026-02-09T18:01:34.381Z | GET /api/me 304 | 0.291 ms | User: guest | Type: none | ID: - | IP: ::1
2026-02-09T18:01:34.466Z | GET /api/properties 304 | 90.173 ms | User: guest | Type: none | ID: - | IP: ::1
2026-02-09T18:01:34.594Z | GET /api/slider-properties 304 | 378.506 ms | User: guest | Type: none | ID: - | IP: ::1
2026-02-09T18:01:34.710Z | GET /api/slider-properties 304 | 105.431 ms | User: guest | Type: none | ID: - | IP: ::1
2026-02-09T18:01:34.712Z | GET /login.jpg 404 | 0.301 ms | User: guest | Type: none | ID: - | IP: ::1
2026-02-09T18:01:51.298Z | POST /login 200 | 47.900 ms | User: guest | Type: none | ID: - | IP: ::1
2026-02-09T18:01:52.532Z | GET /api/check-session 302 | 0.312 ms | User: guest | Type: none | ID: - | IP: ::1
2026-02-09T18:01:52.554Z | GET /api/owner/dashboard 401 | 14.027 ms | User: guest | Type: none | ID: - | IP: ::1
2026-02-09T18:01:52.570Z | GET /api/check-session 302 | 0.257 ms | User: guest | Type: none | ID: - | IP: ::1
2026-02-09T18:01:52.775Z | GET /api/owner/dashboard 401 | 20.897 ms | User: guest | Type: none | ID: - | IP: ::1
2026-02-09T18:01:52.807Z | GET /api/me 304 | 6.757 ms | User: guest | Type: none | ID: - | IP: ::1
2026-02-09T18:01:52.869Z | GET /api/check-session 302 | 0.321 ms | User: guest | Type: none | ID: - | IP: ::1
2026-02-09T18:01:52.877Z | GET /api/me 304 | 0.411 ms | User: guest | Type: none | ID: - | IP: ::1
2026-02-09T18:01:52.908Z | GET /api/check-session 302 | 0.210 ms | User: guest | Type: none | ID: - | IP: ::1
2026-02-09T18:01:52.928Z | GET /api/me 304 | 0.244 ms | User: guest | Type: none | ID: - | IP: ::1
2026-02-09T18:01:52.956Z | GET /api/me 304 | 0.279 ms | User: guest | Type: none | ID: - | IP: ::1
2026-02-09T18:03:38.215Z | GET /login 302 | 0.410 ms | User: guest | Type: none | ID: - | IP: ::1
2026-02-09T18:03:38.230Z | GET /login 302 | 0.341 ms | User: guest | Type: none | ID: - | IP: ::1
2026-02-09T18:03:38.280Z | GET /login 302 | 0.169 ms | User: guest | Type: none | ID: - | IP: ::1
2026-02-09T18:03:38.315Z | GET /login 302 | 0.242 ms | User: guest | Type: none | ID: - | IP: ::1
2026-02-09T18:03:38.343Z | GET /login 302 | 0.233 ms | User: guest | Type: none | ID: - | IP: ::1
2026-02-09T18:03:38.432Z | GET /login 302 | 0.215 ms | User: guest | Type: none | ID: - | IP: ::1
2026-02-09T18:03:38.478Z | GET /login 302 | 0.288 ms | User: guest | Type: none | ID: - | IP: ::1
2026-02-09T18:03:38.505Z | GET /login 302 | 0.227 ms | User: guest | Type: none | ID: - | IP: ::1
2026-02-09T18:03:38.530Z | GET /login 302 | 0.215 ms | User: guest | Type: none | ID: - | IP: ::1
2026-02-09T18:03:38.705Z | GET /login 302 | 0.226 ms | User: guest | Type: none | ID: - | IP: ::1
2026-02-09T18:03:38.824Z | GET /login 302 | 0.225 ms | User: guest | Type: none | ID: - | IP: ::1
2026-02-09T18:03:38.867Z | GET /login 302 | 0.207 ms | User: guest | Type: none | ID: - | IP: ::1
2026-02-09T18:03:38.896Z | GET /login 302 | 0.228 ms | User: guest | Type: none | ID: - | IP: ::1
2026-02-09T18:03:38.979Z | GET /login 302 | 0.211 ms | User: guest | Type: none | ID: - | IP: ::1
2026-02-09T18:03:39.027Z | GET /login 302 | 0.140 ms | User: guest | Type: none | ID: - | IP: ::1
2026-02-09T18:03:39.076Z | GET /login 302 | 0.187 ms | User: guest | Type: none | ID: - | IP: ::1
2026-02-09T18:03:39.128Z | GET /login 302 | 0.206 ms | User: guest | Type: none | ID: - | IP: ::1
2026-02-09T18:03:39.165Z | GET /login 302 | 0.216 ms | User: guest | Type: none | ID: - | IP: ::1
2026-02-09T18:03:39.232Z | GET /login 302 | 0.280 ms | User: guest | Type: none | ID: - | IP: ::1
2026-02-09T18:03:39.249Z | GET /login 302 | 0.283 ms | User: guest | Type: none | ID: - | IP: ::1
2026-02-09T18:03:48.449Z | GET /login 302 | 0.407 ms | User: guest | Type: none | ID: - | IP: ::1
2026-02-09T18:03:48.461Z | GET /login 302 | 0.197 ms | User: guest | Type: none | ID: - | IP: ::1
2026-02-09T18:03:48.474Z | GET /login 302 | 0.424 ms | User: guest | Type: none | ID: - | IP: ::1
2026-02-09T18:03:48.487Z | GET /login 302 | 0.284 ms | User: guest | Type: none | ID: - | IP: ::1
2026-02-09T18:03:48.503Z | GET /login 302 | 0.276 ms | User: guest | Type: none | ID: - | IP: ::1
2026-02-09T18:03:48.515Z | GET /login 302 | 0.233 ms | User: guest | Type: none | ID: - | IP: ::1
2026-02-09T18:03:48.527Z | GET /login 302 | 0.258 ms | User: guest | Type: none | ID: - | IP: ::1
2026-02-09T18:03:48.539Z | GET /login 302 | 0.252 ms | User: guest | Type: none | ID: - | IP: ::1
2026-02-09T18:03:48.553Z | GET /login 302 | 0.209 ms | User: guest | Type: none | ID: - | IP: ::1
2026-02-09T18:03:48.567Z | GET /login 302 | 0.289 ms | User: guest | Type: none | ID: - | IP: ::1
2026-02-09T18:03:48.581Z | GET /login 302 | 0.544 ms | User: guest | Type: none | ID: - | IP: ::1
2026-02-09T18:03:48.593Z | GET /login 302 | 0.294 ms | User: guest | Type: none | ID: - | IP: ::1
2026-02-09T18:03:48.607Z | GET /login 302 | 0.268 ms | User: guest | Type: none | ID: - | IP: ::1
2026-02-09T18:03:48.623Z | GET /login 302 | 0.343 ms | User: guest | Type: none | ID: - | IP: ::1
2026-02-09T18:03:48.648Z | GET /login 302 | 0.224 ms | User: guest | Type: none | ID: - | IP: ::1
2026-02-09T18:03:48.660Z | GET /login 302 | 0.246 ms | User: guest | Type: none | ID: - | IP: ::1
2026-02-09T18:03:48.674Z | GET /login 302 | 0.328 ms | User: guest | Type: none | ID: - | IP: ::1
2026-02-09T18:03:48.688Z | GET /login 302 | 0.300 ms | User: guest | Type: none | ID: - | IP: ::1
2026-02-09T18:03:48.699Z | GET /login 302 | 0.370 ms | User: guest | Type: none | ID: - | IP: ::1
2026-02-09T18:03:48.711Z | GET /login 302 | 0.258 ms | User: guest | Type: none | ID: - | IP: ::1
2026-02-09T18:03:51.388Z | GET /login 302 | 0.187 ms | User: guest | Type: none | ID: - | IP: ::1
2026-02-09T18:03:51.408Z | GET /login 302 | 0.250 ms | User: guest | Type: none | ID: - | IP: ::1
2026-02-09T18:03:51.424Z | GET /login 302 | 0.306 ms | User: guest | Type: none | ID: - | IP: ::1
2026-02-09T18:03:51.441Z | GET /login 302 | 0.319 ms | User: guest | Type: none | ID: - | IP: ::1
2026-02-09T18:03:51.488Z | GET /login 302 | 0.226 ms | User: guest | Type: none | ID: - | IP: ::1
2026-02-09T18:03:51.509Z | GET /login 302 | 0.229 ms | User: guest | Type: none | ID: - | IP: ::1
2026-02-09T18:03:51.525Z | GET /login 302 | 0.217 ms | User: guest | Type: none | ID: - | IP: ::1
2026-02-09T18:03:51.541Z | GET /login 302 | 0.254 ms | User: guest | Type: none | ID: - | IP: ::1
2026-02-09T18:03:51.554Z | GET /login 302 | 0.228 ms | User: guest | Type: none | ID: - | IP: ::1
2026-02-09T18:03:51.568Z | GET /login 302 | 0.347 ms | User: guest | Type: none | ID: - | IP: ::1
2026-02-09T18:03:51.584Z | GET /login 302 | 0.241 ms | User: guest | Type: none | ID: - | IP: ::1
2026-02-09T18:03:51.601Z | GET /login 302 | 0.253 ms | User: guest | Type: none | ID: - | IP: ::1
2026-02-09T18:03:51.617Z | GET /login 302 | 0.241 ms | User: guest | Type: none | ID: - | IP: ::1
2026-02-09T18:03:51.635Z | GET /login 302 | 0.268 ms | User: guest | Type: none | ID: - | IP: ::1
2026-02-09T18:03:51.646Z | GET /login 302 | 0.287 ms | User: guest | Type: none | ID: - | IP: ::1
2026-02-09T18:03:51.660Z | GET /login 302 | 0.208 ms | User: guest | Type: none | ID: - | IP: ::1
2026-02-09T18:03:51.676Z | GET /login 302 | 0.208 ms | User: guest | Type: none | ID: - | IP: ::1
2026-02-09T18:03:51.689Z | GET /login 302 | 0.211 ms | User: guest | Type: none | ID: - | IP: ::1
2026-02-09T18:03:51.702Z | GET /login 302 | 0.267 ms | User: guest | Type: none | ID: - | IP: ::1
2026-02-09T18:03:51.717Z | GET /login 302 | 0.242 ms | User: guest | Type: none | ID: - | IP: ::1
2026-02-09T18:03:54.330Z | GET /login 302 | 0.238 ms | User: guest | Type: none | ID: - | IP: ::1
2026-02-09T18:03:54.345Z | GET /login 302 | 0.240 ms | User: guest | Type: none | ID: - | IP: ::1
2026-02-09T18:03:54.359Z | GET /login 302 | 0.238 ms | User: guest | Type: none | ID: - | IP: ::1
2026-02-09T18:03:54.373Z | GET /login 302 | 0.220 ms | User: guest | Type: none | ID: - | IP: ::1
2026-02-09T18:03:54.390Z | GET /login 302 | 0.721 ms | User: guest | Type: none | ID: - | IP: ::1
2026-02-09T18:03:54.405Z | GET /login 302 | 0.233 ms | User: guest | Type: none | ID: - | IP: ::1
2026-02-09T18:03:54.422Z | GET /login 302 | 0.224 ms | User: guest | Type: none | ID: - | IP: ::1
2026-02-09T18:03:54.438Z | GET /login 302 | 0.292 ms | User: guest | Type: none | ID: - | IP: ::1
2026-02-09T18:03:54.453Z | GET /login 302 | 0.715 ms | User: guest | Type: none | ID: - | IP: ::1
2026-02-09T18:03:54.467Z | GET /login 302 | 0.300 ms | User: guest | Type: none | ID: - | IP: ::1
2026-02-09T18:03:54.479Z | GET /login 302 | 0.268 ms | User: guest | Type: none | ID: - | IP: ::1
2026-02-09T18:03:54.494Z | GET /login 302 | 0.207 ms | User: guest | Type: none | ID: - | IP: ::1
2026-02-09T18:03:54.505Z | GET /login 302 | 0.218 ms | User: guest | Type: none | ID: - | IP: ::1
2026-02-09T18:03:54.519Z | GET /login 302 | 0.292 ms | User: guest | Type: none | ID: - | IP: ::1
2026-02-09T18:03:54.533Z | GET /login 302 | 0.225 ms | User: guest | Type: none | ID: - | IP: ::1
2026-02-09T18:03:54.545Z | GET /login 302 | 0.303 ms | User: guest | Type: none | ID: - | IP: ::1
2026-02-09T18:03:54.559Z | GET /login 302 | 1.188 ms | User: guest | Type: none | ID: - | IP: ::1
2026-02-09T18:03:54.607Z | GET /login 302 | 0.315 ms | User: guest | Type: none | ID: - | IP: ::1
2026-02-09T18:03:54.623Z | GET /login 302 | 0.261 ms | User: guest | Type: none | ID: - | IP: ::1
2026-02-09T18:03:54.642Z | GET /login 302 | 0.192 ms | User: guest | Type: none | ID: - | IP: ::1
2026-02-09T18:03:57.338Z | GET /login 302 | 0.371 ms | User: guest | Type: none | ID: - | IP: ::1
2026-02-09T18:03:57.356Z | GET /login 302 | 0.224 ms | User: guest | Type: none | ID: - | IP: ::1
2026-02-09T18:03:57.369Z | GET /login 302 | 0.220 ms | User: guest | Type: none | ID: - | IP: ::1
2026-02-09T18:03:57.386Z | GET /login 302 | 0.212 ms | User: guest | Type: none | ID: - | IP: ::1
2026-02-09T18:03:57.428Z | GET /login 302 | 0.216 ms | User: guest | Type: none | ID: - | IP: ::1
2026-02-09T18:03:57.443Z | GET /login 302 | 0.223 ms | User: guest | Type: none | ID: - | IP: ::1
2026-02-09T18:03:57.457Z | GET /login 302 | 0.223 ms | User: guest | Type: none | ID: - | IP: ::1
2026-02-09T18:03:57.470Z | GET /login 302 | 0.252 ms | User: guest | Type: none | ID: - | IP: ::1
2026-02-09T18:03:57.486Z | GET /login 302 | 0.226 ms | User: guest | Type: none | ID: - | IP: ::1
2026-02-09T18:03:57.502Z | GET /login 302 | 0.220 ms | User: guest | Type: none | ID: - | IP: ::1
2026-02-09T18:03:57.534Z | GET /login 302 | 0.219 ms | User: guest | Type: none | ID: - | IP: ::1
2026-02-09T18:03:57.548Z | GET /login 302 | 0.219 ms | User: guest | Type: none | ID: - | IP: ::1
2026-02-09T18:03:57.565Z | GET /login 302 | 0.384 ms | User: guest | Type: none | ID: - | IP: ::1
2026-02-09T18:03:57.592Z | GET /login 302 | 0.379 ms | User: guest | Type: none | ID: - | IP: ::1
2026-02-09T18:03:57.610Z | GET /login 302 | 0.320 ms | User: guest | Type: none | ID: - | IP: ::1
2026-02-09T18:03:57.625Z | GET /login 302 | 0.219 ms | User: guest | Type: none | ID: - | IP: ::1
2026-02-09T18:03:57.641Z | GET /login 302 | 0.288 ms | User: guest | Type: none | ID: - | IP: ::1
2026-02-09T18:03:57.653Z | GET /login 302 | 0.363 ms | User: guest | Type: none | ID: - | IP: ::1
2026-02-09T18:03:57.671Z | GET /login 302 | 0.276 ms | User: guest | Type: none | ID: - | IP: ::1
2026-02-09T18:03:57.691Z | GET /login 302 | 0.311 ms | User: guest | Type: none | ID: - | IP: ::1
2026-02-09T18:04:00.501Z | GET /api/check-session 302 | 0.173 ms | User: guest | Type: none | ID: - | IP: ::1
2026-02-09T18:04:00.511Z | GET /api/check-session 302 | 0.179 ms | User: guest | Type: none | ID: - | IP: ::1
2026-02-09T18:04:00.613Z | GET /api/properties 304 | 103.936 ms | User: guest | Type: none | ID: - | IP: ::1
2026-02-09T18:04:00.671Z | GET /api/me 304 | 0.316 ms | User: guest | Type: none | ID: - | IP: ::1
2026-02-09T18:04:00.680Z | GET /api/properties 304 | 32.143 ms | User: guest | Type: none | ID: - | IP: ::1
2026-02-09T18:04:00.684Z | GET /api/me 304 | 0.448 ms | User: guest | Type: none | ID: - | IP: ::1
2026-02-09T18:04:00.711Z | GET /api/slider-properties 304 | 202.177 ms | User: guest | Type: none | ID: - | IP: ::1
2026-02-09T18:04:00.793Z | GET /api/slider-properties 304 | 69.826 ms | User: guest | Type: none | ID: - | IP: ::1
2026-02-09T18:04:00.933Z | GET /login.jpg 404 | 49.949 ms | User: revanthkumardompaka@gmail.com | Type: owner | ID: 68eb99d49d34a83fba0cca8a | IP: ::1
2026-02-09T18:04:06.293Z | OPTIONS /login 404 | 0.237 ms | User: guest | Type: none | ID: - | IP: ::1
2026-02-09T18:04:12.355Z | OPTIONS /login 404 | 0.412 ms | User: guest | Type: none | ID: - | IP: ::1
2026-02-09T18:04:30.242Z | GET /login 302 | 0.193 ms | User: guest | Type: none | ID: - | IP: ::1
2026-02-09T18:04:30.340Z | GET /login 302 | 0.153 ms | User: guest | Type: none | ID: - | IP: ::1
2026-02-09T18:04:30.353Z | GET /login 302 | 0.174 ms | User: guest | Type: none | ID: - | IP: ::1
2026-02-09T18:04:30.364Z | GET /login 302 | 0.495 ms | User: guest | Type: none | ID: - | IP: ::1
2026-02-09T18:04:30.381Z | GET /login 302 | 0.206 ms | User: guest | Type: none | ID: - | IP: ::1
2026-02-09T18:04:30.564Z | GET /login 302 | 0.303 ms | User: guest | Type: none | ID: - | IP: ::1
2026-02-09T18:04:30.580Z | GET /login 302 | 0.192 ms | User: guest | Type: none | ID: - | IP: ::1
2026-02-09T18:04:30.683Z | GET /login 302 | 0.177 ms | User: guest | Type: none | ID: - | IP: ::1
2026-02-09T18:04:30.696Z | GET /login 302 | 0.169 ms | User: guest | Type: none | ID: - | IP: ::1
2026-02-09T18:04:30.760Z | GET /login 302 | 0.212 ms | User: guest | Type: none | ID: - | IP: ::1
2026-02-09T18:04:30.785Z | GET /login 302 | 0.142 ms | User: guest | Type: none | ID: - | IP: ::1
2026-02-09T18:04:30.805Z | GET /login 302 | 0.163 ms | User: guest | Type: none | ID: - | IP: ::1
2026-02-09T18:04:30.837Z | GET /login 302 | 0.167 ms | User: guest | Type: none | ID: - | IP: ::1
2026-02-09T18:04:30.856Z | GET /login 302 | 0.177 ms | User: guest | Type: none | ID: - | IP: ::1
2026-02-09T18:04:30.877Z | GET /login 302 | 0.359 ms | User: guest | Type: none | ID: - | IP: ::1
2026-02-09T18:04:30.919Z | GET /login 302 | 0.163 ms | User: guest | Type: none | ID: - | IP: ::1
2026-02-09T18:04:30.940Z | GET /login 302 | 0.186 ms | User: guest | Type: none | ID: - | IP: ::1
2026-02-09T18:04:30.979Z | GET /login 302 | 0.402 ms | User: guest | Type: none | ID: - | IP: ::1
2026-02-09T18:04:31.001Z | GET /login 302 | 0.203 ms | User: guest | Type: none | ID: - | IP: ::1
2026-02-09T18:04:31.051Z | GET /login 302 | 0.208 ms | User: guest | Type: none | ID: - | IP: ::1
2026-02-09T18:04:32.359Z | GET /login 302 | 0.251 ms | User: guest | Type: none | ID: - | IP: ::1
2026-02-09T18:04:32.410Z | GET /login 302 | 2.984 ms | User: guest | Type: none | ID: - | IP: ::1
2026-02-09T18:04:32.741Z | GET /login 302 | 0.491 ms | User: guest | Type: none | ID: - | IP: ::1
2026-02-09T18:04:32.791Z | GET /login 302 | 0.234 ms | User: guest | Type: none | ID: - | IP: ::1
2026-02-09T18:04:32.939Z | GET /login 302 | 5.101 ms | User: guest | Type: none | ID: - | IP: ::1
2026-02-09T18:04:32.967Z | GET /login 302 | 0.332 ms | User: guest | Type: none | ID: - | IP: ::1
2026-02-09T18:04:33.181Z | GET /login 302 | 0.402 ms | User: guest | Type: none | ID: - | IP: ::1
2026-02-09T18:04:33.249Z | GET /login 302 | 0.288 ms | User: guest | Type: none | ID: - | IP: ::1
2026-02-09T18:04:33.429Z | GET /login 302 | 0.332 ms | User: guest | Type: none | ID: - | IP: ::1
2026-02-09T18:04:33.460Z | GET /login 302 | 0.393 ms | User: guest | Type: none | ID: - | IP: ::1
2026-02-09T18:04:33.485Z | GET /login 302 | 0.269 ms | User: guest | Type: none | ID: - | IP: ::1
2026-02-09T18:04:33.605Z | GET /login 302 | 0.269 ms | User: guest | Type: none | ID: - | IP: ::1
2026-02-09T18:04:33.728Z | GET /login 302 | 0.267 ms | User: guest | Type: none | ID: - | IP: ::1
2026-02-09T18:04:33.747Z | GET /login 302 | 0.357 ms | User: guest | Type: none | ID: - | IP: ::1
2026-02-09T18:04:33.770Z | GET /login 302 | 0.414 ms | User: guest | Type: none | ID: - | IP: ::1
2026-02-09T18:04:33.843Z | GET /login 302 | 0.314 ms | User: guest | Type: none | ID: - | IP: ::1
2026-02-09T18:04:33.866Z | GET /login 302 | 0.222 ms | User: guest | Type: none | ID: - | IP: ::1
2026-02-09T18:04:33.878Z | GET /login 302 | 0.233 ms | User: guest | Type: none | ID: - | IP: ::1
2026-02-09T18:04:33.892Z | GET /login 302 | 0.217 ms | User: guest | Type: none | ID: - | IP: ::1
2026-02-09T18:04:33.910Z | GET /login 302 | 0.228 ms | User: guest | Type: none | ID: - | IP: ::1
2026-02-09T18:04:37.093Z | GET /api/check-session 302 | 0.313 ms | User: guest | Type: none | ID: - | IP: ::1
2026-02-09T18:04:37.110Z | GET /api/check-session 302 | 0.286 ms | User: guest | Type: none | ID: - | IP: ::1
2026-02-09T18:04:37.193Z | GET /api/properties 304 | 97.004 ms | User: guest | Type: none | ID: - | IP: ::1
2026-02-09T18:04:37.236Z | GET /api/me 304 | 3.688 ms | User: guest | Type: none | ID: - | IP: ::1
2026-02-09T18:04:37.261Z | GET /api/me 304 | 0.731 ms | User: guest | Type: none | ID: - | IP: ::1
2026-02-09T18:04:37.299Z | GET /api/properties 304 | 69.143 ms | User: guest | Type: none | ID: - | IP: ::1
2026-02-09T18:04:37.371Z | GET /api/slider-properties 304 | 269.634 ms | User: guest | Type: none | ID: - | IP: ::1
2026-02-09T18:04:37.501Z | GET /api/slider-properties 304 | 115.117 ms | User: guest | Type: none | ID: - | IP: ::1
2026-02-09T18:04:37.590Z | GET /login.jpg 404 | 54.622 ms | User: revanthkumardompaka@gmail.com | Type: owner | ID: 68eb99d49d34a83fba0cca8a | IP: ::1
2026-02-09T18:04:43.307Z | POST /login 200 | 33.061 ms | User: guest | Type: none | ID: - | IP: ::1
2026-02-09T18:04:44.499Z | GET /api/check-session 302 | 0.388 ms | User: guest | Type: none | ID: - | IP: ::1
2026-02-09T18:04:44.512Z | GET /api/owner/dashboard 401 | 7.477 ms | User: guest | Type: none | ID: - | IP: ::1
2026-02-09T18:04:44.524Z | GET /api/check-session 302 | 0.408 ms | User: guest | Type: none | ID: - | IP: ::1
2026-02-09T18:04:44.579Z | GET /api/owner/dashboard 401 | 12.806 ms | User: guest | Type: none | ID: - | IP: ::1
2026-02-09T18:04:44.589Z | GET /api/check-session 302 | 0.194 ms | User: guest | Type: none | ID: - | IP: ::1
2026-02-09T18:04:44.594Z | GET /api/me 304 | 0.408 ms | User: guest | Type: none | ID: - | IP: ::1
2026-02-09T18:04:44.597Z | GET /api/check-session 302 | 0.217 ms | User: guest | Type: none | ID: - | IP: ::1
2026-02-09T18:04:44.607Z | GET /api/me 304 | 0.395 ms | User: guest | Type: none | ID: - | IP: ::1
2026-02-09T18:04:44.715Z | GET /api/me 304 | 0.307 ms | User: guest | Type: none | ID: - | IP: ::1
2026-02-09T18:04:44.772Z | GET /api/me 304 | 0.294 ms | User: guest | Type: none | ID: - | IP: ::1
2026-02-09T18:09:26.391Z | GET /api/check-session 302 | 0.199 ms | User: guest | Type: none | ID: - | IP: ::1
2026-02-09T18:09:26.400Z | GET /api/check-session 302 | 0.153 ms | User: guest | Type: none | ID: - | IP: ::1
2026-02-09T18:09:26.488Z | GET /api/me 304 | 0.187 ms | User: guest | Type: none | ID: - | IP: ::1
2026-02-09T18:09:26.509Z | GET /api/properties 304 | 115.815 ms | User: guest | Type: none | ID: - | IP: ::1
2026-02-09T18:09:26.532Z | GET /api/me 304 | 0.322 ms | User: guest | Type: none | ID: - | IP: ::1
2026-02-09T18:09:26.567Z | GET /api/properties 304 | 31.614 ms | User: guest | Type: none | ID: - | IP: ::1
2026-02-09T18:09:26.579Z | GET /api/slider-properties 304 | 184.290 ms | User: guest | Type: none | ID: - | IP: ::1
2026-02-09T18:09:26.668Z | GET /api/slider-properties 304 | 72.606 ms | User: guest | Type: none | ID: - | IP: ::1
2026-02-09T18:09:26.742Z | GET /login.jpg 404 | 30.674 ms | User: revanthkumardompaka@gmail.com | Type: owner | ID: 68eb99d49d34a83fba0cca8a | IP: ::1
2026-02-09T18:09:46.523Z | POST /login 200 | 36.489 ms | User: guest | Type: none | ID: - | IP: ::1
2026-02-09T18:09:47.693Z | GET /api/check-session 302 | 0.263 ms | User: guest | Type: none | ID: - | IP: ::1
2026-02-09T18:09:47.700Z | GET /api/owner/dashboard 401 | 3.785 ms | User: guest | Type: none | ID: - | IP: ::1
2026-02-09T18:09:47.719Z | GET /api/check-session 302 | 0.197 ms | User: guest | Type: none | ID: - | IP: ::1
2026-02-09T18:09:47.727Z | GET /api/owner/dashboard 401 | 0.917 ms | User: guest | Type: none | ID: - | IP: ::1
2026-02-09T18:09:47.745Z | GET /api/check-session 302 | 0.210 ms | User: guest | Type: none | ID: - | IP: ::1
2026-02-09T18:09:47.753Z | GET /api/check-session 302 | 0.380 ms | User: guest | Type: none | ID: - | IP: ::1
2026-02-09T18:09:47.851Z | GET /api/me 304 | 0.288 ms | User: guest | Type: none | ID: - | IP: ::1
2026-02-09T18:09:47.903Z | GET /api/me 304 | 0.310 ms | User: guest | Type: none | ID: - | IP: ::1
2026-02-09T18:09:47.917Z | GET /api/me 304 | 0.515 ms | User: guest | Type: none | ID: - | IP: ::1
2026-02-09T18:09:47.934Z | GET /api/me 304 | 0.237 ms | User: guest | Type: none | ID: - | IP: ::1
2026-02-09T18:10:28.775Z | GET /api/owner/dashboard 401 | 10.972 ms | User: guest | Type: none | ID: - | IP: ::1
2026-02-09T18:10:35.319Z | GET /api/owner_dashboard 404 | 31.755 ms | User: revanthkumardompaka@gmail.com | Type: owner | ID: 68eb99d49d34a83fba0cca8a | IP: ::1
2026-02-09T18:10:42.406Z | GET /api/owner/dashboard 401 | 1.354 ms | User: guest | Type: none | ID: - | IP: ::1
2026-02-09T18:14:22.820Z | GET /login 302 | 0.237 ms | User: guest | Type: none | ID: - | IP: ::1
2026-02-09T18:14:22.831Z | GET /login 302 | 0.439 ms | User: guest | Type: none | ID: - | IP: ::1
2026-02-09T18:14:22.844Z | GET /login 302 | 0.160 ms | User: guest | Type: none | ID: - | IP: ::1
2026-02-09T18:14:22.857Z | GET /login 302 | 0.264 ms | User: guest | Type: none | ID: - | IP: ::1
2026-02-09T18:14:22.870Z | GET /login 302 | 0.256 ms | User: guest | Type: none | ID: - | IP: ::1
2026-02-09T18:14:22.879Z | GET /login 302 | 0.303 ms | User: guest | Type: none | ID: - | IP: ::1
2026-02-09T18:14:22.890Z | GET /login 302 | 0.220 ms | User: guest | Type: none | ID: - | IP: ::1
2026-02-09T18:14:22.900Z | GET /login 302 | 0.184 ms | User: guest | Type: none | ID: - | IP: ::1
2026-02-09T18:14:22.910Z | GET /login 302 | 0.508 ms | User: guest | Type: none | ID: - | IP: ::1
2026-02-09T18:14:22.919Z | GET /login 302 | 0.275 ms | User: guest | Type: none | ID: - | IP: ::1
2026-02-09T18:14:22.929Z | GET /login 302 | 0.185 ms | User: guest | Type: none | ID: - | IP: ::1
2026-02-09T18:14:22.939Z | GET /login 302 | 0.212 ms | User: guest | Type: none | ID: - | IP: ::1
2026-02-09T18:14:22.949Z | GET /login 302 | 0.248 ms | User: guest | Type: none | ID: - | IP: ::1
2026-02-09T18:14:22.959Z | GET /login 302 | 0.285 ms | User: guest | Type: none | ID: - | IP: ::1
2026-02-09T18:14:22.970Z | GET /login 302 | 0.232 ms | User: guest | Type: none | ID: - | IP: ::1
2026-02-09T18:14:22.982Z | GET /login 302 | 0.412 ms | User: guest | Type: none | ID: - | IP: ::1
2026-02-09T18:14:22.991Z | GET /login 302 | 0.219 ms | User: guest | Type: none | ID: - | IP: ::1
2026-02-09T18:14:23.002Z | GET /login 302 | 0.237 ms | User: guest | Type: none | ID: - | IP: ::1
2026-02-09T18:14:23.013Z | GET /login 302 | 0.257 ms | User: guest | Type: none | ID: - | IP: ::1
2026-02-09T18:14:23.024Z | GET /login 302 | 0.190 ms | User: guest | Type: none | ID: - | IP: ::1
2026-02-09T18:14:24.135Z | GET /login 302 | 0.193 ms | User: guest | Type: none | ID: - | IP: ::1
2026-02-09T18:14:24.206Z | GET /login 302 | 0.917 ms | User: guest | Type: none | ID: - | IP: ::1
2026-02-09T18:14:24.230Z | GET /login 302 | 0.312 ms | User: guest | Type: none | ID: - | IP: ::1
2026-02-09T18:14:24.246Z | GET /login 302 | 1.550 ms | User: guest | Type: none | ID: - | IP: ::1
2026-02-09T18:14:24.258Z | GET /login 302 | 0.385 ms | User: guest | Type: none | ID: - | IP: ::1
2026-02-09T18:14:24.280Z | GET /login 302 | 0.297 ms | User: guest | Type: none | ID: - | IP: ::1
2026-02-09T18:14:24.325Z | GET /login 302 | 0.204 ms | User: guest | Type: none | ID: - | IP: ::1
2026-02-09T18:14:24.346Z | GET /login 302 | 0.208 ms | User: guest | Type: none | ID: - | IP: ::1
2026-02-09T18:14:24.358Z | GET /login 302 | 0.280 ms | User: guest | Type: none | ID: - | IP: ::1
2026-02-09T18:14:24.372Z | GET /login 302 | 0.283 ms | User: guest | Type: none | ID: - | IP: ::1
2026-02-09T18:14:24.383Z | GET /login 302 | 0.361 ms | User: guest | Type: none | ID: - | IP: ::1
2026-02-09T18:14:24.398Z | GET /login 302 | 0.297 ms | User: guest | Type: none | ID: - | IP: ::1
2026-02-09T18:14:24.412Z | GET /login 302 | 0.331 ms | User: guest | Type: none | ID: - | IP: ::1
2026-02-09T18:14:24.427Z | GET /login 302 | 0.290 ms | User: guest | Type: none | ID: - | IP: ::1
2026-02-09T18:14:24.443Z | GET /login 302 | 0.257 ms | User: guest | Type: none | ID: - | IP: ::1
2026-02-09T18:14:24.481Z | GET /login 302 | 0.238 ms | User: guest | Type: none | ID: - | IP: ::1
2026-02-09T18:14:24.493Z | GET /login 302 | 0.224 ms | User: guest | Type: none | ID: - | IP: ::1
2026-02-09T18:14:24.506Z | GET /login 302 | 0.273 ms | User: guest | Type: none | ID: - | IP: ::1
2026-02-09T18:14:24.520Z | GET /login 302 | 0.236 ms | User: guest | Type: none | ID: - | IP: ::1
2026-02-09T18:14:24.533Z | GET /login 302 | 0.215 ms | User: guest | Type: none | ID: - | IP: ::1
2026-02-09T18:14:25.926Z | GET /api/check-session 302 | 0.592 ms | User: guest | Type: none | ID: - | IP: ::1
2026-02-09T18:14:25.960Z | GET /api/check-session 302 | 0.231 ms | User: guest | Type: none | ID: - | IP: ::1
2026-02-09T18:14:25.969Z | GET /api/check-session 302 | 0.231 ms | User: guest | Type: none | ID: - | IP: ::1
2026-02-09T18:14:25.977Z | GET /api/check-session 302 | 0.186 ms | User: guest | Type: none | ID: - | IP: ::1
2026-02-09T18:14:33.777Z | POST /login 200 | 36.688 ms | User: guest | Type: none | ID: - | IP: ::1
2026-02-09T18:14:35.012Z | GET /api/check-session 302 | 0.287 ms | User: guest | Type: none | ID: - | IP: ::1
2026-02-09T18:14:35.035Z | GET /api/owner/dashboard 401 | 15.346 ms | User: guest | Type: none | ID: - | IP: ::1
2026-02-09T18:14:35.045Z | GET /api/check-session 302 | 0.166 ms | User: guest | Type: none | ID: - | IP: ::1
2026-02-09T18:14:35.133Z | GET /api/owner/dashboard 401 | 7.713 ms | User: guest | Type: none | ID: - | IP: ::1
2026-02-09T18:14:35.255Z | GET /api/check-session 302 | 0.184 ms | User: guest | Type: none | ID: - | IP: ::1
2026-02-09T18:14:35.276Z | GET /api/me 304 | 2.059 ms | User: guest | Type: none | ID: - | IP: ::1
2026-02-09T18:14:35.286Z | GET /api/check-session 302 | 0.191 ms | User: guest | Type: none | ID: - | IP: ::1
2026-02-09T18:14:35.288Z | GET /api/me 304 | 0.213 ms | User: guest | Type: none | ID: - | IP: ::1
2026-02-09T18:14:35.297Z | GET /api/me 304 | 0.534 ms | User: guest | Type: none | ID: - | IP: ::1
2026-02-09T18:14:35.305Z | GET /api/me 304 | 0.234 ms | User: guest | Type: none | ID: - | IP: ::1
2026-02-09T18:18:55.226Z | GET /login 302 | 0.269 ms | User: guest | Type: none | ID: - | IP: ::1
2026-02-09T18:18:55.256Z | GET /login 302 | 0.234 ms | User: guest | Type: none | ID: - | IP: ::1
2026-02-09T18:18:55.325Z | GET /login 302 | 0.174 ms | User: guest | Type: none | ID: - | IP: ::1
2026-02-09T18:18:55.432Z | GET /login 302 | 0.191 ms | User: guest | Type: none | ID: - | IP: ::1
2026-02-09T18:18:55.474Z | GET /login 302 | 0.194 ms | User: guest | Type: none | ID: - | IP: ::1
2026-02-09T18:18:55.558Z | GET /login 302 | 0.197 ms | User: guest | Type: none | ID: - | IP: ::1
2026-02-09T18:18:55.585Z | GET /login 302 | 0.246 ms | User: guest | Type: none | ID: - | IP: ::1
2026-02-09T18:18:55.672Z | GET /login 302 | 0.188 ms | User: guest | Type: none | ID: - | IP: ::1
2026-02-09T18:18:55.704Z | GET /login 302 | 0.192 ms | User: guest | Type: none | ID: - | IP: ::1
2026-02-09T18:18:55.733Z | GET /login 302 | 0.213 ms | User: guest | Type: none | ID: - | IP: ::1
2026-02-09T18:18:55.771Z | GET /login 302 | 0.149 ms | User: guest | Type: none | ID: - | IP: ::1
2026-02-09T18:18:55.790Z | GET /login 302 | 0.225 ms | User: guest | Type: none | ID: - | IP: ::1
2026-02-09T18:18:55.877Z | GET /login 302 | 0.196 ms | User: guest | Type: none | ID: - | IP: ::1
2026-02-09T18:18:55.890Z | GET /login 302 | 0.195 ms | User: guest | Type: none | ID: - | IP: ::1
2026-02-09T18:18:55.904Z | GET /login 302 | 0.180 ms | User: guest | Type: none | ID: - | IP: ::1
2026-02-09T18:18:55.917Z | GET /login 302 | 0.193 ms | User: guest | Type: none | ID: - | IP: ::1
2026-02-09T18:18:55.933Z | GET /login 302 | 0.191 ms | User: guest | Type: none | ID: - | IP: ::1
2026-02-09T18:18:55.949Z | GET /login 302 | 0.218 ms | User: guest | Type: none | ID: - | IP: ::1
2026-02-09T18:18:55.963Z | GET /login 302 | 0.299 ms | User: guest | Type: none | ID: - | IP: ::1
2026-02-09T18:18:55.977Z | GET /login 302 | 0.256 ms | User: guest | Type: none | ID: - | IP: ::1
2026-02-09T18:20:49.143Z | GET /login 302 | 0.368 ms | User: guest | Type: none | ID: - | IP: ::1
2026-02-09T18:20:49.163Z | GET /login 302 | 0.227 ms | User: guest | Type: none | ID: - | IP: ::1
2026-02-09T18:20:49.178Z | GET /login 302 | 0.190 ms | User: guest | Type: none | ID: - | IP: ::1
2026-02-09T18:20:49.255Z | GET /login 302 | 0.224 ms | User: guest | Type: none | ID: - | IP: ::1
2026-02-09T18:20:49.271Z | GET /login 302 | 0.219 ms | User: guest | Type: none | ID: - | IP: ::1
2026-02-09T18:20:49.287Z | GET /login 302 | 0.249 ms | User: guest | Type: none | ID: - | IP: ::1
2026-02-09T18:20:49.305Z | GET /login 302 | 0.219 ms | User: guest | Type: none | ID: - | IP: ::1
2026-02-09T18:20:49.320Z | GET /login 302 | 0.216 ms | User: guest | Type: none | ID: - | IP: ::1
2026-02-09T18:20:49.336Z | GET /login 302 | 0.285 ms | User: guest | Type: none | ID: - | IP: ::1
2026-02-09T18:20:49.351Z | GET /login 302 | 0.203 ms | User: guest | Type: none | ID: - | IP: ::1
2026-02-09T18:20:49.365Z | GET /login 302 | 0.221 ms | User: guest | Type: none | ID: - | IP: ::1
2026-02-09T18:20:49.389Z | GET /login 302 | 0.244 ms | User: guest | Type: none | ID: - | IP: ::1
2026-02-09T18:20:49.446Z | GET /login 302 | 0.230 ms | User: guest | Type: none | ID: - | IP: ::1
2026-02-09T18:20:49.460Z | GET /login 302 | 0.218 ms | User: guest | Type: none | ID: - | IP: ::1
2026-02-09T18:20:49.474Z | GET /login 302 | 0.223 ms | User: guest | Type: none | ID: - | IP: ::1
2026-02-09T18:20:49.489Z | GET /login 302 | 0.278 ms | User: guest | Type: none | ID: - | IP: ::1
2026-02-09T18:20:49.507Z | GET /login 302 | 0.219 ms | User: guest | Type: none | ID: - | IP: ::1
2026-02-09T18:20:49.527Z | GET /login 302 | 0.212 ms | User: guest | Type: none | ID: - | IP: ::1
2026-02-09T18:20:49.556Z | GET /login 302 | 0.199 ms | User: guest | Type: none | ID: - | IP: ::1
2026-02-09T18:20:49.617Z | GET /login 302 | 0.280 ms | User: guest | Type: none | ID: - | IP: ::1
2026-02-09T18:20:50.753Z | GET /login 302 | 0.390 ms | User: guest | Type: none | ID: - | IP: ::1
2026-02-09T18:20:50.779Z | GET /login 302 | 0.241 ms | User: guest | Type: none | ID: - | IP: ::1
2026-02-09T18:20:51.938Z | GET /login 302 | 0.220 ms | User: guest | Type: none | ID: - | IP: ::1
2026-02-09T18:20:51.953Z | GET /login 302 | 0.237 ms | User: guest | Type: none | ID: - | IP: ::1
2026-02-09T18:20:51.963Z | GET /login 302 | 0.240 ms | User: guest | Type: none | ID: - | IP: ::1
2026-02-09T18:20:51.973Z | GET /login 302 | 0.179 ms | User: guest | Type: none | ID: - | IP: ::1
2026-02-09T18:20:51.983Z | GET /login 302 | 0.246 ms | User: guest | Type: none | ID: - | IP: ::1
2026-02-09T18:20:51.994Z | GET /login 302 | 0.190 ms | User: guest | Type: none | ID: - | IP: ::1
2026-02-09T18:20:52.005Z | GET /login 302 | 0.245 ms | User: guest | Type: none | ID: - | IP: ::1
2026-02-09T18:20:52.035Z | GET /login 302 | 0.232 ms | User: guest | Type: none | ID: - | IP: ::1
2026-02-09T18:20:52.067Z | GET /login 302 | 0.509 ms | User: guest | Type: none | ID: - | IP: ::1
2026-02-09T18:20:53.553Z | GET /login 302 | 0.190 ms | User: guest | Type: none | ID: - | IP: ::1
2026-02-09T18:20:53.567Z | GET /login 302 | 0.236 ms | User: guest | Type: none | ID: - | IP: ::1
2026-02-09T18:20:53.577Z | GET /login 302 | 0.277 ms | User: guest | Type: none | ID: - | IP: ::1
2026-02-09T18:20:53.587Z | GET /login 302 | 0.303 ms | User: guest | Type: none | ID: - | IP: ::1
2026-02-09T18:20:53.601Z | GET /login 302 | 0.230 ms | User: guest | Type: none | ID: - | IP: ::1
2026-02-09T18:20:53.617Z | GET /login 302 | 0.223 ms | User: guest | Type: none | ID: - | IP: ::1
2026-02-09T18:20:53.634Z | GET /login 302 | 0.231 ms | User: guest | Type: none | ID: - | IP: ::1
2026-02-09T18:20:53.650Z | GET /login 302 | 0.222 ms | User: guest | Type: none | ID: - | IP: ::1
2026-02-09T18:20:53.680Z | GET /login 302 | 0.269 ms | User: guest | Type: none | ID: - | IP: ::1
2026-02-09T18:20:53.691Z | GET /login 302 | 0.195 ms | User: guest | Type: none | ID: - | IP: ::1
2026-02-09T18:20:53.703Z | GET /login 302 | 0.223 ms | User: guest | Type: none | ID: - | IP: ::1
2026-02-09T18:20:53.714Z | GET /login 302 | 0.234 ms | User: guest | Type: none | ID: - | IP: ::1
2026-02-09T18:20:53.726Z | GET /login 302 | 0.216 ms | User: guest | Type: none | ID: - | IP: ::1
2026-02-09T18:20:53.737Z | GET /login 302 | 0.233 ms | User: guest | Type: none | ID: - | IP: ::1
2026-02-09T18:20:53.751Z | GET /login 302 | 0.223 ms | User: guest | Type: none | ID: - | IP: ::1
2026-02-09T18:20:53.763Z | GET /login 302 | 0.246 ms | User: guest | Type: none | ID: - | IP: ::1
2026-02-09T18:20:53.776Z | GET /login 302 | 0.256 ms | User: guest | Type: none | ID: - | IP: ::1
2026-02-09T18:20:53.790Z | GET /login 302 | 0.214 ms | User: guest | Type: none | ID: - | IP: ::1
2026-02-09T18:20:53.803Z | GET /login 302 | 0.211 ms | User: guest | Type: none | ID: - | IP: ::1
2026-02-09T18:20:53.818Z | GET /login 302 | 0.224 ms | User: guest | Type: none | ID: - | IP: ::1
2026-02-09T18:21:00.971Z | GET /api/check-session 302 | 0.169 ms | User: guest | Type: none | ID: - | IP: ::1
2026-02-09T18:21:01.013Z | GET /api/check-session 302 | 0.202 ms | User: guest | Type: none | ID: - | IP: ::1
2026-02-09T18:21:01.080Z | GET /api/properties 304 | 106.351 ms | User: guest | Type: none | ID: - | IP: ::1
2026-02-09T18:21:01.114Z | GET /api/me 304 | 0.212 ms | User: guest | Type: none | ID: - | IP: ::1
2026-02-09T18:21:01.122Z | GET /api/me 304 | 0.348 ms | User: guest | Type: none | ID: - | IP: ::1
2026-02-09T18:21:01.154Z | GET /api/properties 304 | 60.321 ms | User: guest | Type: none | ID: - | IP: ::1
2026-02-09T18:21:01.181Z | GET /api/slider-properties 304 | 205.184 ms | User: guest | Type: none | ID: - | IP: ::1
2026-02-09T18:21:01.291Z | GET /api/slider-properties 304 | 102.402 ms | User: guest | Type: none | ID: - | IP: ::1
2026-02-09T18:21:01.392Z | GET /login.jpg 404 | 40.237 ms | User: revanthkumardompaka@gmail.com | Type: owner | ID: 68eb99d49d34a83fba0cca8a | IP: ::1
2026-02-09T18:21:18.955Z | POST /login 200 | 32.535 ms | User: guest | Type: none | ID: - | IP: ::1
2026-02-09T18:21:20.387Z | GET /api/check-session 302 | 0.180 ms | User: guest | Type: none | ID: - | IP: ::1
2026-02-09T18:21:20.402Z | GET /api/owner/dashboard 401 | 3.095 ms | User: guest | Type: none | ID: - | IP: ::1
2026-02-09T18:21:20.414Z | GET /api/check-session 302 | 0.707 ms | User: guest | Type: none | ID: - | IP: ::1
2026-02-09T18:21:20.430Z | GET /api/owner/dashboard 401 | 2.435 ms | User: guest | Type: none | ID: - | IP: ::1
2026-02-09T18:21:20.444Z | GET /api/check-session 302 | 0.285 ms | User: guest | Type: none | ID: - | IP: ::1
2026-02-09T18:21:20.451Z | GET /api/check-session 302 | 0.162 ms | User: guest | Type: none | ID: - | IP: ::1
2026-02-09T18:21:20.508Z | GET /api/me 304 | 4.111 ms | User: guest | Type: none | ID: - | IP: ::1
2026-02-09T18:21:20.537Z | GET /api/me 304 | 0.213 ms | User: guest | Type: none | ID: - | IP: ::1
2026-02-09T18:21:20.554Z | GET /api/me 304 | 0.196 ms | User: guest | Type: none | ID: - | IP: ::1
2026-02-09T18:21:20.569Z | GET /api/me 304 | 0.283 ms | User: guest | Type: none | ID: - | IP: ::1
2026-02-09T18:25:01.749Z | GET /login 302 | 0.278 ms | User: guest | Type: none | ID: - | IP: ::1
2026-02-09T18:25:01.762Z | GET /login 302 | 0.254 ms | User: guest | Type: none | ID: - | IP: ::1
2026-02-09T18:25:01.774Z | GET /login 302 | 0.340 ms | User: guest | Type: none | ID: - | IP: ::1
2026-02-09T18:25:01.790Z | GET /login 302 | 0.229 ms | User: guest | Type: none | ID: - | IP: ::1
2026-02-09T18:25:01.804Z | GET /login 302 | 0.505 ms | User: guest | Type: none | ID: - | IP: ::1
2026-02-09T18:25:01.817Z | GET /login 302 | 0.310 ms | User: guest | Type: none | ID: - | IP: ::1
2026-02-09T18:25:01.831Z | GET /login 302 | 0.308 ms | User: guest | Type: none | ID: - | IP: ::1
2026-02-09T18:25:01.845Z | GET /login 302 | 0.277 ms | User: guest | Type: none | ID: - | IP: ::1
2026-02-09T18:25:01.857Z | GET /login 302 | 0.295 ms | User: guest | Type: none | ID: - | IP: ::1
2026-02-09T18:25:01.869Z | GET /login 302 | 0.207 ms | User: guest | Type: none | ID: - | IP: ::1
2026-02-09T18:25:01.881Z | GET /login 302 | 0.311 ms | User: guest | Type: none | ID: - | IP: ::1
2026-02-09T18:25:01.894Z | GET /login 302 | 0.250 ms | User: guest | Type: none | ID: - | IP: ::1
2026-02-09T18:25:01.911Z | GET /login 302 | 0.286 ms | User: guest | Type: none | ID: - | IP: ::1
2026-02-09T18:25:01.928Z | GET /login 302 | 0.298 ms | User: guest | Type: none | ID: - | IP: ::1
2026-02-09T18:25:01.950Z | GET /login 302 | 0.453 ms | User: guest | Type: none | ID: - | IP: ::1
2026-02-09T18:25:01.974Z | GET /login 302 | 1.001 ms | User: guest | Type: none | ID: - | IP: ::1
2026-02-09T18:25:01.993Z | GET /login 302 | 0.297 ms | User: guest | Type: none | ID: - | IP: ::1
2026-02-09T18:25:02.010Z | GET /login 302 | 0.308 ms | User: guest | Type: none | ID: - | IP: ::1
2026-02-09T18:25:02.030Z | GET /login 302 | 0.242 ms | User: guest | Type: none | ID: - | IP: ::1
2026-02-09T18:25:02.044Z | GET /login 302 | 0.290 ms | User: guest | Type: none | ID: - | IP: ::1
2026-02-09T18:25:03.199Z | GET /login 302 | 0.175 ms | User: guest | Type: none | ID: - | IP: ::1
2026-02-09T18:25:03.217Z | GET /login 302 | 0.229 ms | User: guest | Type: none | ID: - | IP: ::1
2026-02-09T18:25:03.231Z | GET /login 302 | 0.172 ms | User: guest | Type: none | ID: - | IP: ::1
2026-02-09T18:25:03.242Z | GET /login 302 | 0.208 ms | User: guest | Type: none | ID: - | IP: ::1
2026-02-09T18:25:03.254Z | GET /login 302 | 0.431 ms | User: guest | Type: none | ID: - | IP: ::1
2026-02-09T18:25:03.266Z | GET /login 302 | 0.320 ms | User: guest | Type: none | ID: - | IP: ::1
2026-02-09T18:25:03.279Z | GET /login 302 | 0.213 ms | User: guest | Type: none | ID: - | IP: ::1
2026-02-09T18:25:03.291Z | GET /login 302 | 0.270 ms | User: guest | Type: none | ID: - | IP: ::1
2026-02-09T18:25:03.306Z | GET /login 302 | 0.380 ms | User: guest | Type: none | ID: - | IP: ::1
2026-02-09T18:25:03.321Z | GET /login 302 | 0.198 ms | User: guest | Type: none | ID: - | IP: ::1
2026-02-09T18:25:03.337Z | GET /login 302 | 0.215 ms | User: guest | Type: none | ID: - | IP: ::1
2026-02-09T18:25:03.359Z | GET /login 302 | 0.256 ms | User: guest | Type: none | ID: - | IP: ::1
2026-02-09T18:25:03.374Z | GET /login 302 | 0.216 ms | User: guest | Type: none | ID: - | IP: ::1
2026-02-09T18:25:03.410Z | GET /login 302 | 0.206 ms | User: guest | Type: none | ID: - | IP: ::1
2026-02-09T18:25:03.432Z | GET /login 302 | 0.196 ms | User: guest | Type: none | ID: - | IP: ::1
2026-02-09T18:25:03.446Z | GET /login 302 | 0.229 ms | User: guest | Type: none | ID: - | IP: ::1
2026-02-09T18:25:03.458Z | GET /login 302 | 0.198 ms | User: guest | Type: none | ID: - | IP: ::1
2026-02-09T18:25:03.471Z | GET /login 302 | 0.531 ms | User: guest | Type: none | ID: - | IP: ::1
2026-02-09T18:25:03.481Z | GET /login 302 | 0.206 ms | User: guest | Type: none | ID: - | IP: ::1
2026-02-09T18:25:03.495Z | GET /login 302 | 0.259 ms | User: guest | Type: none | ID: - | IP: ::1
2026-02-09T18:25:09.978Z | GET /login 302 | 0.200 ms | User: guest | Type: none | ID: - | IP: ::1
2026-02-09T18:25:09.990Z | GET /login 302 | 0.233 ms | User: guest | Type: none | ID: - | IP: ::1
2026-02-09T18:25:10.002Z | GET /login 302 | 0.223 ms | User: guest | Type: none | ID: - | IP: ::1
2026-02-09T18:25:10.013Z | GET /login 302 | 0.299 ms | User: guest | Type: none | ID: - | IP: ::1
2026-02-09T18:25:10.025Z | GET /login 302 | 0.392 ms | User: guest | Type: none | ID: - | IP: ::1
2026-02-09T18:25:10.037Z | GET /login 302 | 0.207 ms | User: guest | Type: none | ID: - | IP: ::1
2026-02-09T18:25:10.053Z | GET /login 302 | 0.195 ms | User: guest | Type: none | ID: - | IP: ::1
2026-02-09T18:25:10.069Z | GET /login 302 | 0.254 ms | User: guest | Type: none | ID: - | IP: ::1
2026-02-09T18:25:10.083Z | GET /login 302 | 0.223 ms | User: guest | Type: none | ID: - | IP: ::1
2026-02-09T18:25:10.101Z | GET /login 302 | 0.231 ms | User: guest | Type: none | ID: - | IP: ::1
2026-02-09T18:25:10.112Z | GET /login 302 | 0.201 ms | User: guest | Type: none | ID: - | IP: ::1
2026-02-09T18:25:10.132Z | GET /login 302 | 0.213 ms | User: guest | Type: none | ID: - | IP: ::1
2026-02-09T18:25:10.145Z | GET /login 302 | 0.330 ms | User: guest | Type: none | ID: - | IP: ::1
2026-02-09T18:25:10.159Z | GET /login 302 | 0.382 ms | User: guest | Type: none | ID: - | IP: ::1
2026-02-09T18:25:10.169Z | GET /login 302 | 0.200 ms | User: guest | Type: none | ID: - | IP: ::1
2026-02-09T18:25:10.183Z | GET /login 302 | 0.238 ms | User: guest | Type: none | ID: - | IP: ::1
2026-02-09T18:25:10.212Z | GET /login 302 | 0.210 ms | User: guest | Type: none | ID: - | IP: ::1
2026-02-09T18:25:10.238Z | GET /login 302 | 0.207 ms | User: guest | Type: none | ID: - | IP: ::1
2026-02-09T18:25:10.253Z | GET /login 302 | 0.199 ms | User: guest | Type: none | ID: - | IP: ::1
2026-02-09T18:25:10.267Z | GET /login 302 | 0.179 ms | User: guest | Type: none | ID: - | IP: ::1
2026-02-09T18:25:11.759Z | GET /login 302 | 0.212 ms | User: guest | Type: none | ID: - | IP: ::1
2026-02-09T18:25:11.773Z | GET /login 302 | 0.306 ms | User: guest | Type: none | ID: - | IP: ::1
2026-02-09T18:25:11.785Z | GET /login 302 | 0.249 ms | User: guest | Type: none | ID: - | IP: ::1
2026-02-09T18:25:11.798Z | GET /login 302 | 0.191 ms | User: guest | Type: none | ID: - | IP: ::1
2026-02-09T18:25:11.809Z | GET /login 302 | 0.484 ms | User: guest | Type: none | ID: - | IP: ::1
2026-02-09T18:25:11.819Z | GET /login 302 | 0.230 ms | User: guest | Type: none | ID: - | IP: ::1
2026-02-09T18:25:11.832Z | GET /login 302 | 0.264 ms | User: guest | Type: none | ID: - | IP: ::1
2026-02-09T18:25:11.842Z | GET /login 302 | 0.168 ms | User: guest | Type: none | ID: - | IP: ::1
2026-02-09T18:25:11.853Z | GET /login 302 | 0.188 ms | User: guest | Type: none | ID: - | IP: ::1
2026-02-09T18:25:11.865Z | GET /login 302 | 0.238 ms | User: guest | Type: none | ID: - | IP: ::1
2026-02-09T18:25:11.876Z | GET /login 302 | 0.182 ms | User: guest | Type: none | ID: - | IP: ::1
2026-02-09T18:25:11.887Z | GET /login 302 | 0.275 ms | User: guest | Type: none | ID: - | IP: ::1
2026-02-09T18:25:11.899Z | GET /login 302 | 0.213 ms | User: guest | Type: none | ID: - | IP: ::1
2026-02-09T18:25:11.916Z | GET /login 302 | 0.212 ms | User: guest | Type: none | ID: - | IP: ::1
2026-02-09T18:25:11.929Z | GET /login 302 | 0.208 ms | User: guest | Type: none | ID: - | IP: ::1
2026-02-09T18:25:11.942Z | GET /login 302 | 0.202 ms | User: guest | Type: none | ID: - | IP: ::1
2026-02-09T18:25:11.956Z | GET /login 302 | 0.201 ms | User: guest | Type: none | ID: - | IP: ::1
2026-02-09T18:25:11.968Z | GET /login 302 | 0.208 ms | User: guest | Type: none | ID: - | IP: ::1
2026-02-09T18:25:11.979Z | GET /login 302 | 0.208 ms | User: guest | Type: none | ID: - | IP: ::1
2026-02-09T18:25:11.991Z | GET /login 302 | 0.202 ms | User: guest | Type: none | ID: - | IP: ::1
2026-02-09T18:25:15.900Z | GET /login 302 | 0.191 ms | User: guest | Type: none | ID: - | IP: ::1
2026-02-09T18:25:15.913Z | GET /login 302 | 0.193 ms | User: guest | Type: none | ID: - | IP: ::1
2026-02-09T18:25:15.924Z | GET /login 302 | 0.211 ms | User: guest | Type: none | ID: - | IP: ::1
2026-02-09T18:25:15.933Z | GET /login 302 | 0.169 ms | User: guest | Type: none | ID: - | IP: ::1
2026-02-09T18:25:15.946Z | GET /login 302 | 0.197 ms | User: guest | Type: none | ID: - | IP: ::1
2026-02-09T18:25:15.956Z | GET /login 302 | 0.245 ms | User: guest | Type: none | ID: - | IP: ::1
2026-02-09T18:25:15.967Z | GET /login 302 | 0.245 ms | User: guest | Type: none | ID: - | IP: ::1
2026-02-09T18:25:15.977Z | GET /login 302 | 0.402 ms | User: guest | Type: none | ID: - | IP: ::1
2026-02-09T18:25:15.986Z | GET /login 302 | 0.285 ms | User: guest | Type: none | ID: - | IP: ::1
2026-02-09T18:25:15.996Z | GET /login 302 | 0.207 ms | User: guest | Type: none | ID: - | IP: ::1
2026-02-09T18:25:16.007Z | GET /login 302 | 0.210 ms | User: guest | Type: none | ID: - | IP: ::1
2026-02-09T18:25:16.017Z | GET /login 302 | 0.235 ms | User: guest | Type: none | ID: - | IP: ::1
2026-02-09T18:25:16.028Z | GET /login 302 | 0.274 ms | User: guest | Type: none | ID: - | IP: ::1
2026-02-09T18:25:16.037Z | GET /login 302 | 0.271 ms | User: guest | Type: none | ID: - | IP: ::1
2026-02-09T18:25:16.047Z | GET /login 302 | 0.298 ms | User: guest | Type: none | ID: - | IP: ::1
2026-02-09T18:25:16.057Z | GET /login 302 | 0.193 ms | User: guest | Type: none | ID: - | IP: ::1
2026-02-09T18:25:16.066Z | GET /login 302 | 0.260 ms | User: guest | Type: none | ID: - | IP: ::1
2026-02-09T18:25:16.075Z | GET /login 302 | 0.222 ms | User: guest | Type: none | ID: - | IP: ::1
2026-02-09T18:25:16.084Z | GET /login 302 | 0.349 ms | User: guest | Type: none | ID: - | IP: ::1
2026-02-09T18:25:16.094Z | GET /login 302 | 0.235 ms | User: guest | Type: none | ID: - | IP: ::1
2026-02-09T18:25:20.605Z | GET /api/check-session 302 | 0.233 ms | User: guest | Type: none | ID: - | IP: ::1
2026-02-09T18:25:20.616Z | GET /api/check-session 302 | 0.187 ms | User: guest | Type: none | ID: - | IP: ::1
2026-02-09T18:25:20.711Z | GET /api/properties 304 | 104.168 ms | User: guest | Type: none | ID: - | IP: ::1
2026-02-09T18:25:20.715Z | GET /api/me 304 | 0.197 ms | User: guest | Type: none | ID: - | IP: ::1
2026-02-09T18:25:20.723Z | GET /api/me 304 | 0.164 ms | User: guest | Type: none | ID: - | IP: ::1
2026-02-09T18:25:20.746Z | GET /api/properties 304 | 29.142 ms | User: guest | Type: none | ID: - | IP: ::1
2026-02-09T18:25:20.834Z | GET /api/slider-properties 304 | 224.109 ms | User: guest | Type: none | ID: - | IP: ::1
2026-02-09T18:25:20.911Z | GET /api/slider-properties 304 | 67.635 ms | User: guest | Type: none | ID: - | IP: ::1
2026-02-09T18:25:21.023Z | GET /login.jpg 404 | 29.836 ms | User: revanthkumardompaka@gmail.com | Type: owner | ID: 68eb99d49d34a83fba0cca8a | IP: ::1
2026-02-09T18:25:27.100Z | POST /login 200 | 44.756 ms | User: guest | Type: none | ID: - | IP: ::1
2026-02-09T18:25:28.221Z | GET /api/check-session 302 | 0.186 ms | User: guest | Type: none | ID: - | IP: ::1
2026-02-09T18:25:28.232Z | GET /api/owner/dashboard 401 | 8.115 ms | User: guest | Type: none | ID: - | IP: ::1
2026-02-09T18:25:28.274Z | GET /api/check-session 302 | 0.175 ms | User: guest | Type: none | ID: - | IP: ::1
2026-02-09T18:25:28.297Z | GET /api/owner/dashboard 401 | 3.071 ms | User: guest | Type: none | ID: - | IP: ::1
2026-02-09T18:25:28.300Z | GET /api/me 304 | 0.190 ms | User: guest | Type: none | ID: - | IP: ::1
2026-02-09T18:25:28.303Z | GET /api/check-session 302 | 0.226 ms | User: guest | Type: none | ID: - | IP: ::1
2026-02-09T18:25:28.321Z | GET /api/check-session 302 | 0.187 ms | User: guest | Type: none | ID: - | IP: ::1
2026-02-09T18:25:28.423Z | GET /api/me 304 | 0.275 ms | User: guest | Type: none | ID: - | IP: ::1
2026-02-09T18:25:28.456Z | GET /api/me 304 | 0.214 ms | User: guest | Type: none | ID: - | IP: ::1
2026-02-09T18:25:28.465Z | GET /api/me 304 | 0.199 ms | User: guest | Type: none | ID: - | IP: ::1
2026-02-09T18:27:46.199Z | GET /api/owner/dashboard 401 | 17.488 ms | User: guest | Type: none | ID: - | IP: ::1
2026-02-09T18:27:46.740Z | GET /favicon.ico 404 | 42.922 ms | User: revanthkumardompaka@gmail.com | Type: owner | ID: 68eb99d49d34a83fba0cca8a | IP: ::1
2026-02-09T18:28:20.075Z | POST /login 200 | 29.791 ms | User: guest | Type: none | ID: - | IP: ::1
2026-02-09T18:28:21.413Z | GET /api/check-session 302 | 0.305 ms | User: guest | Type: none | ID: - | IP: ::1
2026-02-09T18:28:21.419Z | GET /api/owner/dashboard 401 | 3.433 ms | User: guest | Type: none | ID: - | IP: ::1
2026-02-09T18:28:21.430Z | GET /api/check-session 302 | 3.615 ms | User: guest | Type: none | ID: - | IP: ::1
2026-02-09T18:28:21.434Z | GET /api/owner/dashboard 401 | 1.619 ms | User: guest | Type: none | ID: - | IP: ::1
2026-02-09T18:28:21.439Z | GET /api/check-session 302 | 0.175 ms | User: guest | Type: none | ID: - | IP: ::1
2026-02-09T18:28:21.447Z | GET /api/check-session 302 | 0.174 ms | User: guest | Type: none | ID: - | IP: ::1
2026-02-09T18:28:21.563Z | GET /api/me 304 | 0.198 ms | User: guest | Type: none | ID: - | IP: ::1
2026-02-09T18:28:21.577Z | GET /api/me 304 | 0.333 ms | User: guest | Type: none | ID: - | IP: ::1
2026-02-09T18:28:21.587Z | GET /api/me 304 | 0.287 ms | User: guest | Type: none | ID: - | IP: ::1
2026-02-09T18:28:21.597Z | GET /api/me 304 | 0.249 ms | User: guest | Type: none | ID: - | IP: ::1
